
  ___  ____  ____  ____  ____ ©
 /__    /   ____/   /   ____/      17.0
___/   /   /___/   /   /___/       MP—Parallel Edition

 Statistics and Data Science       Copyright 1985-2021 StataCorp LLC
                                   StataCorp
                                   4905 Lakeway Drive
                                   College Station, Texas 77845 USA
                                   800-STATA-PC        https://www.stata.com
                                   979-696-4600        stata@stata.com

Stata license: 32-user 64-core network perpetual
Serial number: 501706311472
  Licensed to: Harvard Research Computing
               Cambridge MA

Notes:
      1. Stata is running in batch mode.
      2. Unicode is supported; see help unicode_advice.
      3. More than 2 billion observations are allowed; see help obs_advice.
      4. Maximum number of variables is set to 120,000; see help set_maxvar.

. do diag_first_pub_world.do 

. * One-off diagnostic: true first-publication year (any author position, any
. * country) for the RF-sample PIs, from the full world corpus (~88GB scan).
. * Run by hand: /n/sw/stata-17/stata-mp -b do diag_first_pub_world.do
. set more off

. clear all

. 
. use athr_id min_year min_year_any athr_indicator using ///
>     "/n/home02/cxu75/sci_eq/analysis/rf_heterogeneity/temp/es_all_jrnls_r1_r2
> .dta", clear

. keep if athr_indicator == 1
(121,635 observations deleted)

. contract athr_id min_year min_year_any

. drop _freq

. save ../temp/diag_rf_pis, replace
(file ../temp/diag_rf_pis.dta not found)
file ../temp/diag_rf_pis.dta saved

. 
. use athr_id year using ../external/openalex/cleaned_all_jrnls, clear

. merge m:1 athr_id using ../temp/diag_rf_pis, keep(3) nogen keepusing(athr_id)

    Result                      Number of obs
    -----------------------------------------
    Not matched                             0
    Matched                         1,428,467  
    -----------------------------------------

. gcollapse (min) first_any_world=year, by(athr_id)

. save ../temp/diag_first_any_world, replace
(file ../temp/diag_first_any_world.dta not found)
file ../temp/diag_first_any_world.dta saved

. 
. use athr_id year using ../external/sub_athrs/last/cleaned_all_jrnls, clear

. merge m:1 athr_id using ../temp/diag_rf_pis, keep(3) nogen keepusing(athr_id)

    Result                      Number of obs
    -----------------------------------------
    Not matched                             0
    Matched                           629,918  
    -----------------------------------------

. gcollapse (min) first_last_world=year, by(athr_id)

. save ../temp/diag_first_last_world, replace
(file ../temp/diag_first_last_world.dta not found)
file ../temp/diag_first_last_world.dta saved

. 
. use ../temp/diag_rf_pis, clear

. merge 1:1 athr_id using ../temp/diag_first_any_world, keep(1 3) nogen

    Result                      Number of obs
    -----------------------------------------
    Not matched                             0
    Matched                            13,515  
    -----------------------------------------

. merge 1:1 athr_id using ../temp/diag_first_last_world, keep(1 3) nogen

    Result                      Number of obs
    -----------------------------------------
    Not matched                             0
    Matched                            13,515  
    -----------------------------------------

. gen trunc_yrs = min_year_any - first_any_world

. gen gap_world = first_last_world - first_any_world

. 
. di as text _n "=== Left-truncation: current min_year_any minus world first-an
> y year ==="

=== Left-truncation: current min_year_any minus world first-any year ===

. tabstat trunc_yrs, stats(n mean sd p10 p25 p50 p75 p90 p95 p99) col(stat) for
> mat(%9.1f)

    Variable |         N      Mean        SD       p10       p25       p50
-------------+------------------------------------------------------------
   trunc_yrs |   13515.0       3.5       6.9       0.0       0.0       0.0
--------------------------------------------------------------------------

    Variable |       p75       p90       p95       p99
-------------+----------------------------------------
   trunc_yrs |       5.0      11.0      18.0      33.0
------------------------------------------------------

. count if trunc_yrs > 0
  5,183

. 
. di as text _n "=== DIST: world first-any year ==="

=== DIST: world first-any year ===

. tabstat first_any_world, stats(n mean sd p5 p10 p25 p50 p75 p90 p95) col(stat
> ) format(%9.1f)

    Variable |         N      Mean        SD        p5       p10       p25
-------------+------------------------------------------------------------
first_any_~d |   13515.0    1988.5      11.5    1968.0    1973.0    1981.0
--------------------------------------------------------------------------

    Variable |       p50       p75       p90       p95
-------------+----------------------------------------
first_any_~d |    1990.0    1998.0    2002.0    2004.0
------------------------------------------------------

. di as text _n "=== DIST: world first-last-author year ==="

=== DIST: world first-last-author year ===

. tabstat first_last_world, stats(n mean sd p5 p10 p25 p50 p75 p90 p95) col(sta
> t) format(%9.1f)

    Variable |         N      Mean        SD        p5       p10       p25
-------------+------------------------------------------------------------
first_last~d |   13515.0    1994.2      12.6    1971.0    1976.0    1986.0
--------------------------------------------------------------------------

    Variable |       p50       p75       p90       p95
-------------+----------------------------------------
first_last~d |    1997.0    2004.0    2008.0    2010.0
------------------------------------------------------

. 
. di as text _n "=== GAP: world first-last minus world first-any ==="

=== GAP: world first-last minus world first-any ===

. tabstat gap_world, stats(n mean sd p10 p25 p50 p75 p90 p95) col(stat) format(
> %9.1f)

    Variable |         N      Mean        SD       p10       p25       p50
-------------+------------------------------------------------------------
   gap_world |   13515.0       5.7       5.6       0.0       1.0       5.0
--------------------------------------------------------------------------

    Variable |       p75       p90       p95
-------------+------------------------------
   gap_world |       9.0      13.0      15.0
--------------------------------------------

. count if gap_world == 0
  3,110

. 
. save ../temp/diag_first_pub_world, replace
(file ../temp/diag_first_pub_world.dta not found)
file ../temp/diag_first_pub_world.dta saved

. 
end of do-file
