
  ___  ____  ____  ____  ____ ©
 /__    /   ____/   /   ____/      17.0
___/   /   /___/   /   /___/       MP—Parallel Edition

 Statistics and Data Science       Copyright 1985-2021 StataCorp LLC
                                   StataCorp
                                   4905 Lakeway Drive
                                   College Station, Texas 77845 USA
                                   800-STATA-PC        https://www.stata.com
                                   979-696-4600        stata@stata.com

Stata license: 32-user 64-core network perpetual
Serial number: 501706311472
  Licensed to: Harvard Research Computing
               Cambridge MA

Notes:
      1. Stata is running in batch mode.
      2. Unicode is supported; see help unicode_advice.
      3. More than 2 billion observations are allowed; see help obs_advice.
      4. Maximum number of variables is set to 120,000; see help set_maxvar.

. do /tmp/_check_new.do 

. set more off

. capture log close

. log using /tmp/_check_new.log, replace text
-------------------------------------------------------------------------------
      name:  <unnamed>
       log:  /tmp/_check_new.log
  log type:  text
 opened on:  16 Jul 2026, 11:58:40

. capture program drop gather_inst_chars

. capture program drop define_group_labels

. 
. program gather_inst_chars
  1.     import delimited "/n/netscratch/pakes_lab/Lab/sci_eq/college/ipeds_ope
> nalex.csv", ///
>         clear varn(1) stringcols(_all)
  2.     keep ipeds_id inst_id
  3.     drop if inst_id == "" | ipeds_id == ""
  4.     destring ipeds_id, replace
  5.     duplicates drop
  6.     tempfile xw
  7.     save `xw'
  8.     use "/n/holylabs/pakes_lab/Lab/sci_eq/derived/inst_chars/output/combin
> ed_pre.dta", clear
  9.     merge 1:1 ipeds_id using `xw', keep(3) nogen
 10.     drop ipeds_id
 11.     rename contracts_fund      ic_contr
 12.     rename fed_ls_bio_fund     ic_fdlsb
 13.     rename fed_ls_fund         ic_fdls
 14.     rename fed_ls_hs_fund      ic_fdlsh
 15.     rename grants_fund         ic_gntsf
 16.     rename hhs_ls_bio_fund     ic_hhlsb
 17.     rename hhs_ls_fund         ic_hhls
 18.     rename hhs_ls_hs_fund      ic_hhlsh
 19.     rename nonfed_ls_bio_fund  ic_nflsb
 20.     rename nonfed_ls_fund      ic_nfls
 21.     rename nonfed_ls_hs_fund   ic_nflsh
 22.     rename subrecipient_fund   ic_subrf
 23.     rename tot_bus_fund        ic_busf
 24.     rename tot_fed_fund        ic_fedf
 25.     rename tot_fund            ic_tfnd
 26.     rename tot_inst_fund       ic_instf
 27.     rename tot_nonprof_fund    ic_nonpf
 28.     rename tot_state_fund      ic_statf
 29.     rename ls_fund             ic_lsf
 30.     rename hs_fund             ic_hsf
 31.     rename bio_fund            ic_biof
 32.     rename applied_expend      ic_applx
 33.     rename applied_fed_expend  ic_apfx
 34.     rename basic_expend        ic_basx
 35.     rename basic_fed_expend    ic_bfx
 36.     rename clin_trial_expend   ic_clinx
 37.     rename dev_expend          ic_devx
 38.     rename ls_cap_expend       ic_lscx
 39.     rename med_sch_expend      ic_medx
 40.     rename endownment          ic_endow
 41.     order inst_id
 42.     compress
 43.     di as text "gather_inst_chars: n=" _N " uniq inst_id=" 
 44.     gunique inst_id
 45.     save /tmp/_test_inst_chars_pre, replace
 46. end

. 
. global IC_ALIASES contr fdlsb fdls fdlsh gntsf hhlsb hhls hhlsh nflsb nfls nf
> lsh ///
>     subrf busf fedf tfnd instf nonpf statf lsf hsf biof applx apfx basx bfx c
> linx ///
>     devx lscx medx endow

. global PI_Q_BASES pre_ppr grants team coauth msa

. 
. program define_group_labels
  1.     global IC_PAIRS_MED
  2.     global IC_PAIRS_Q
  3.     foreach a of global IC_ALIASES {
  4.         global IC_PAIRS_MED `"${IC_PAIRS_MED} "hi_`a' lo_`a'" "'
  5.         global IC_PAIRS_Q   `"${IC_PAIRS_Q} "q4_`a' q1_`a'" "'
  6.     }
  7.     global PI_PAIRS_Q
  8.     foreach b of global PI_Q_BASES {
  9.         global PI_PAIRS_Q `"${PI_PAIRS_Q} "q4_`b' q1_`b'" "'
 10.     }
 11. end

. 
. gather_inst_chars
(encoding automatically selected: ISO-8859-1)
(4 vars, 266 obs)
(4 observations deleted)
ipeds_id: all characters numeric; replaced as long

Duplicates in terms of all variables

(0 observations are duplicates)
file /tmp/St903517.000001 saved as .dta format

    Result                      Number of obs
    -----------------------------------------
    Not matched                             0
    Matched                               251  
    -----------------------------------------
  (0 bytes saved)
gather_inst_chars: n=251 uniq inst_id=
N = 251; 251 balanced groups of size 1
(file /tmp/_test_inst_chars_pre.dta not found)
file /tmp/_test_inst_chars_pre.dta saved

. di as text "---"
---

. define_group_labels

. di as text "IC_PAIRS_MED head: " substr("${IC_PAIRS_MED}", 1, 300)
IC_PAIRS_MED head:  

. di as text "PI_PAIRS_Q: ${PI_PAIRS_Q}"
PI_PAIRS_Q:  q4_pre_ppr not found
r(111);

end of do-file
r(111);
