
. cd /n/home02/cxu75/sci_eq/analysis/reduced_form
/n/holylabs/pakes_lab/Lab/sci_eq/analysis/reduced_form

. tempname mem

. tempfile out

. capture postclose `mem'

. postfile `mem' str30 yvar str20 group double post_avg_b double post_avg_se us
> ing `out', replace
(file /tmp/St1737158.000001 not found)

. foreach yvar in ppr_cnt cite_affl_wt {
  2.     foreach grp in young old r1 r2 high_pre_ppr low_pre_ppr high_grants lo
> w_grants big_team small_team many_coauth few_coauth big_msa small_msa {
  3.         capture use "temp/es_`yvar'_r1_r2_public_`grp'.dta", clear
  4.         if _rc {
  5.             continue
  6.         }
  7.         qui sum b if rel > 0
  8.         local b = r(mean)
  9.         qui sum se if rel > 0
 10.         local s = r(mean)
 11.         post `mem' ("`yvar'") ("`grp'") (`b') (`s')
 12.     }
 13. }

. postclose `mem'

. use `out', clear

. list, sep(0) noobs abbrev(30)

  +--------------------------------------------------------+
  |         yvar          group   post_avg_b   post_avg_se |
  |--------------------------------------------------------|
  |      ppr_cnt          young   -7.0008485     3.5659866 |
  |      ppr_cnt            old   -1.0014955     5.1309708 |
  |      ppr_cnt             r1    -3.986163     3.5015865 |
  |      ppr_cnt             r2    35.737101     6.1197719 |
  |      ppr_cnt   high_pre_ppr            0             0 |
  |      ppr_cnt    low_pre_ppr   -3.9332094     3.4896746 |
  |      ppr_cnt    high_grants   -1.9833589     4.3776803 |
  |      ppr_cnt     low_grants   -6.5843839     4.6588939 |
  |      ppr_cnt       big_team    -5.441094     4.0442861 |
  |      ppr_cnt     small_team   -1.8128208     4.7574089 |
  |      ppr_cnt    many_coauth     -5.68999     3.8671035 |
  |      ppr_cnt     few_coauth    1.2826792     4.7392698 |
  |      ppr_cnt        big_msa   -3.8331517     3.8910667 |
  |      ppr_cnt      small_msa   -4.1726871     5.6355897 |
  | cite_affl_wt          young    -5.217765     10.126768 |
  | cite_affl_wt            old     .1331757       16.2464 |
  | cite_affl_wt             r1   -2.5413656     10.758447 |
  | cite_affl_wt             r2    42.233669     13.353556 |
  | cite_affl_wt   high_pre_ppr            0             0 |
  | cite_affl_wt    low_pre_ppr   -2.4816775     10.715602 |
  | cite_affl_wt    high_grants   -8.9487031     15.562691 |
  | cite_affl_wt     low_grants    6.3114146     7.4786868 |
  | cite_affl_wt       big_team   -9.9478051     15.619261 |
  | cite_affl_wt     small_team    8.0171959     7.6903463 |
  | cite_affl_wt    many_coauth   -7.5869005     12.914744 |
  | cite_affl_wt     few_coauth    12.675749     9.3594679 |
  | cite_affl_wt        big_msa   -5.3182771     13.182546 |
  | cite_affl_wt      small_msa    4.3074358     10.725961 |
  +--------------------------------------------------------+

. 
end of do-file
