Stage: full   CPUs: 48
Using N_JOBS=48 for parallel transform
Output tag suffix: ''
Loading Universe Data...
Total authors loaded: 1856154
Filtering empty text...
Dropped 0 authors with no text.
Final Universe Size: 1856154
Loading FOIA Data...
FOIA PIs: 208
Fitting vectorizer (min_df=5, max_df=0.15, max_features=100000)...
  fit on 500,000-row universe sample + 208 FOIA docs (min_df=1)...
Vocab size after fit: 100000
Transforming FOIA...
FOIA-aware prune (min=2, max_frac=0.85): keeping 24595 / 100000 features (dropped 75405)
Transforming universe in 93 chunks of ≤20,000 rows across 48 workers...
[Parallel(n_jobs=48)]: Using backend LokyBackend with 48 concurrent workers.
[Parallel(n_jobs=48)]: Done  17 out of  93 | elapsed:   29.5s remaining:  2.2min
[Parallel(n_jobs=48)]: Done  36 out of  93 | elapsed:   47.5s remaining:  1.3min
[Parallel(n_jobs=48)]: Done  55 out of  93 | elapsed:  1.1min remaining:   44.2s
[Parallel(n_jobs=48)]: Done  74 out of  93 | elapsed:  1.4min remaining:   21.5s
[Parallel(n_jobs=48)]: Done  93 out of  93 | elapsed:  1.7min finished
Universe Matrix Shape: (1856154, 24595)
FOIA Matrix Shape:     (208, 24595)
Saving Sparse Matrices...
Saving ID Lists...
Saving Feature Names (Vocabulary)...
Vectorization Complete.
Recipe: K=5  sharpen=2.0  floor=0.05  unmatched<0.05  L1_normalize=True
Using N_JOBS=48 threads  tag=''
Loading TF-IDF Matrices...
Universe Authors: 1,856,154
FOIA PIs (Targets): 208
X_foia dense size: 20.5 MB
Computing top-5 weights in parallel (batch=25,000)...
[Parallel(n_jobs=48)]: Using backend ThreadingBackend with 48 concurrent workers.
[Parallel(n_jobs=48)]: Done  12 out of  75 | elapsed:    1.2s remaining:    6.1s
[Parallel(n_jobs=48)]: Done  28 out of  75 | elapsed:    1.4s remaining:    2.3s
[Parallel(n_jobs=48)]: Done  44 out of  75 | elapsed:    1.4s remaining:    1.0s
[Parallel(n_jobs=48)]: Done  60 out of  75 | elapsed:    1.7s remaining:    0.4s
[Parallel(n_jobs=48)]: Done  75 out of  75 | elapsed:    1.9s finished
Merging results...
Total non-zero weights: 7,781,330
Unmatched authors (max sim < 0.05): 82,533 (4.45%)
Mean max-similarity:   0.1129
Median max-similarity: 0.1022
Saving weight matrix -> ../../output/weight_matrix.npz
Saving per-author match diagnostics...
Done. Weights precomputed.
Loading Pre-Computed Weights (tag='', rescale=none)...
  W shape: (1856154, 208)  nnz: 7,781,330
Loading IDs...

========== version=hc ==========
Aligning exposure data from ../../external/exposure_wts/athr_exposure_hc.dta...
Imputing ['exposure', 'mkt_spend_shr', 'hc_spend_shr'] via W.dot()...
  exposure: mean=0.02866  sd=0.03543  nonzero=1,773,621/1,856,154
  mkt_spend_shr: mean=0.28105  sd=0.11804  nonzero=1,773,621/1,856,154
  hc_spend_shr: mean=0.38780  sd=0.13025  nonzero=1,773,621/1,856,154
Saved ../../output/final_imputed_exposure_hc.csv

========== version=all ==========
Aligning exposure data from ../../external/exposure_wts/athr_exposure_all.dta...
Imputing ['exposure', 'mkt_spend_shr', 'hc_spend_shr'] via W.dot()...
  exposure: mean=0.01326  sd=0.01928  nonzero=1,773,621/1,856,154
  mkt_spend_shr: mean=0.11743  sd=0.06548  nonzero=1,773,621/1,856,154
  hc_spend_shr: mean=0.38780  sd=0.13025  nonzero=1,773,621/1,856,154
Saved ../../output/final_imputed_exposure_all.csv

========== version=treated_hc ==========
Aligning exposure data from ../../external/exposure_wts/athr_exposure_treated_hc.dta...
Imputing ['exposure', 'mkt_spend_shr', 'hc_spend_shr'] via W.dot()...
  exposure: mean=0.09312  sd=0.08245  nonzero=1,773,621/1,856,154
  mkt_spend_shr: mean=0.95554  sd=0.20612  nonzero=1,773,621/1,856,154
  hc_spend_shr: mean=0.38780  sd=0.13025  nonzero=1,773,621/1,856,154
Saved ../../output/final_imputed_exposure_treated_hc.csv

Done!
