Universe: 1,860,867
FOIA anchors: 208
Treated markets: 46
W rows with weight: 1,783,003/1,860,867
W row sums: mean=1.0000, p5=1.0000, p95=1.0000

==============================================================================
version=hc
==============================================================================
FOIA PIs with treated shares: 208/208
FOIA row sums: mean=0.2693, sd=0.1989

Universe exposure: mean=+0.02448, sd=0.03758
Mean sum imputed shares: 0.25261
LS filter: 1,420,921/1,860,867

--- Shock balance ---
  characteristic               beta         se       t       p
  log_total_spend           +0.1082     0.0382   +2.83   0.005
  log_lab_spend             +0.0979     0.0349   +2.81   0.005
  n_cats                    +0.0032     0.0013   +2.54   0.011
  lab_share                 -0.0207     0.3763   -0.05   0.956

Saved ../../output/final_imputed_shift_share_hc_lsa_k3.csv
Saved ../../output/imputed_shares_matrix_hc_lsa_k3.npz
Saved ../../output/imputed_shares_markets_hc_lsa_k3.csv

==============================================================================
version=all
==============================================================================
FOIA PIs with treated shares: 208/208
FOIA row sums: mean=0.1105, sd=0.1162

Universe exposure: mean=+0.01258, sd=0.02244
Mean sum imputed shares: 0.10978
LS filter: 1,420,921/1,860,867

--- Shock balance ---
  characteristic               beta         se       t       p
  log_total_spend           +0.0480     0.0295   +1.63   0.104
  log_lab_spend             +0.0471     0.0286   +1.65   0.100
  n_cats                    +0.0018     0.0012   +1.47   0.142
  lab_share                 -0.3938     0.4526   -0.87   0.384

Saved ../../output/final_imputed_shift_share_all_lsa_k3.csv
Saved ../../output/imputed_shares_matrix_all_lsa_k3.npz
Saved ../../output/imputed_shares_markets_all_lsa_k3.csv

==============================================================================
version=treated_hc
==============================================================================
FOIA PIs with treated shares: 208/208
FOIA row sums: mean=1.0000, sd=0.0000

Universe exposure: mean=+0.09304, sd=0.09357
Mean sum imputed shares: 0.95816
LS filter: 1,420,921/1,860,867

--- Shock balance ---
  characteristic               beta         se       t       p
  log_total_spend           +0.1909     0.0543   +3.51   0.000
  log_lab_spend             +0.1793     0.0508   +3.53   0.000
  n_cats                    +0.0048     0.0016   +2.98   0.003
  lab_share                 +0.0794     0.5774   +0.14   0.891

Saved ../../output/final_imputed_shift_share_treated_hc_lsa_k3.csv
Saved ../../output/imputed_shares_matrix_treated_hc_lsa_k3.npz
Saved ../../output/imputed_shares_markets_treated_hc_lsa_k3.csv

==============================================================================
SUMMARY
==============================================================================
   version eb_prior  eb_own_weight  eb_peer_k  n_foia_with_shares  n_foia_shrunk  foia_raw_exposure_sd  foia_eb_exposure_sd  universe_exposure_sd  mean_sum_imputed_shares  eff_n_shocks  n_universe_after_filters
        hc     none         1.0000          5                 208              0                0.0563               0.0563                0.0376                   0.2526       19.0640                   1420921
       all     none         1.0000          5                 208              0                0.0315               0.0315                0.0224                   0.1098       18.0821                   1420921
treated_hc     none         1.0000          5                 208              0                0.1314               0.1314                0.0936                   0.9582       19.3124                   1420921

Saved ../../output/shift_share_summary_lsa_k3.csv
Done!
Universe: 1,860,867
FOIA anchors: 208
Treated markets: 46
W rows with weight: 1,783,003/1,860,867
W row sums: mean=1.0000, p5=1.0000, p95=1.0000

==============================================================================
version=hc
==============================================================================
FOIA PIs with treated shares: 208/208
FOIA row sums: mean=0.2693, sd=0.1989

Universe exposure: mean=+0.02448, sd=0.03758
Mean sum imputed shares: 0.25261
cluster filter min FOIA=1: 1,130,108/1,860,867
LS filter: 1,130,108/1,130,108

--- Shock balance ---
  characteristic               beta         se       t       p
  log_total_spend           +0.1082     0.0382   +2.83   0.005
  log_lab_spend             +0.0979     0.0349   +2.81   0.005
  n_cats                    +0.0032     0.0013   +2.54   0.011
  lab_share                 -0.0207     0.3763   -0.05   0.956

Saved ../../output/final_imputed_shift_share_hc_cf_lsa_k3.csv
Saved ../../output/imputed_shares_matrix_hc_cf_lsa_k3.npz
Saved ../../output/imputed_shares_markets_hc_cf_lsa_k3.csv

==============================================================================
version=all
==============================================================================
FOIA PIs with treated shares: 208/208
FOIA row sums: mean=0.1105, sd=0.1162

Universe exposure: mean=+0.01258, sd=0.02244
Mean sum imputed shares: 0.10978
cluster filter min FOIA=1: 1,130,108/1,860,867
LS filter: 1,130,108/1,130,108

--- Shock balance ---
  characteristic               beta         se       t       p
  log_total_spend           +0.0480     0.0295   +1.63   0.104
  log_lab_spend             +0.0471     0.0286   +1.65   0.100
  n_cats                    +0.0018     0.0012   +1.47   0.142
  lab_share                 -0.3938     0.4526   -0.87   0.384

Saved ../../output/final_imputed_shift_share_all_cf_lsa_k3.csv
Saved ../../output/imputed_shares_matrix_all_cf_lsa_k3.npz
Saved ../../output/imputed_shares_markets_all_cf_lsa_k3.csv

==============================================================================
version=treated_hc
==============================================================================
FOIA PIs with treated shares: 208/208
FOIA row sums: mean=1.0000, sd=0.0000

Universe exposure: mean=+0.09304, sd=0.09357
Mean sum imputed shares: 0.95816
cluster filter min FOIA=1: 1,130,108/1,860,867
LS filter: 1,130,108/1,130,108

--- Shock balance ---
  characteristic               beta         se       t       p
  log_total_spend           +0.1909     0.0543   +3.51   0.000
  log_lab_spend             +0.1793     0.0508   +3.53   0.000
  n_cats                    +0.0048     0.0016   +2.98   0.003
  lab_share                 +0.0794     0.5774   +0.14   0.891

Saved ../../output/final_imputed_shift_share_treated_hc_cf_lsa_k3.csv
Saved ../../output/imputed_shares_matrix_treated_hc_cf_lsa_k3.npz
Saved ../../output/imputed_shares_markets_treated_hc_cf_lsa_k3.csv

==============================================================================
SUMMARY
==============================================================================
   version eb_prior  eb_own_weight  eb_peer_k  n_foia_with_shares  n_foia_shrunk  foia_raw_exposure_sd  foia_eb_exposure_sd  universe_exposure_sd  mean_sum_imputed_shares  eff_n_shocks  n_universe_after_filters
        hc     none         1.0000          5                 208              0                0.0563               0.0563                0.0376                   0.2526       19.0640                   1130108
       all     none         1.0000          5                 208              0                0.0315               0.0315                0.0224                   0.1098       18.0821                   1130108
treated_hc     none         1.0000          5                 208              0                0.1314               0.1314                0.0936                   0.9582       19.3124                   1130108

Saved ../../output/shift_share_summary_cf_lsa_k3.csv
Done!
Universe: 1,860,867
FOIA anchors: 208
Treated markets: 46
W rows with weight: 1,783,003/1,860,867
W row sums: mean=1.0000, p5=1.0000, p95=1.0000

==============================================================================
version=hc
==============================================================================
FOIA PIs with treated shares: 208/208
FOIA row sums: mean=0.2693, sd=0.1989

Universe exposure: mean=+0.02448, sd=0.03758
Mean sum imputed shares: 0.25261
cluster filter min FOIA=2: 940,424/1,860,867
LS filter: 940,424/940,424

--- Shock balance ---
  characteristic               beta         se       t       p
  log_total_spend           +0.1082     0.0382   +2.83   0.005
  log_lab_spend             +0.0979     0.0349   +2.81   0.005
  n_cats                    +0.0032     0.0013   +2.54   0.011
  lab_share                 -0.0207     0.3763   -0.05   0.956

Saved ../../output/final_imputed_shift_share_hc_cf2_lsa_k3.csv
Saved ../../output/imputed_shares_matrix_hc_cf2_lsa_k3.npz
Saved ../../output/imputed_shares_markets_hc_cf2_lsa_k3.csv

==============================================================================
version=all
==============================================================================
FOIA PIs with treated shares: 208/208
FOIA row sums: mean=0.1105, sd=0.1162

Universe exposure: mean=+0.01258, sd=0.02244
Mean sum imputed shares: 0.10978
cluster filter min FOIA=2: 940,424/1,860,867
LS filter: 940,424/940,424

--- Shock balance ---
  characteristic               beta         se       t       p
  log_total_spend           +0.0480     0.0295   +1.63   0.104
  log_lab_spend             +0.0471     0.0286   +1.65   0.100
  n_cats                    +0.0018     0.0012   +1.47   0.142
  lab_share                 -0.3938     0.4526   -0.87   0.384

Saved ../../output/final_imputed_shift_share_all_cf2_lsa_k3.csv
Saved ../../output/imputed_shares_matrix_all_cf2_lsa_k3.npz
Saved ../../output/imputed_shares_markets_all_cf2_lsa_k3.csv

==============================================================================
version=treated_hc
==============================================================================
FOIA PIs with treated shares: 208/208
FOIA row sums: mean=1.0000, sd=0.0000

Universe exposure: mean=+0.09304, sd=0.09357
Mean sum imputed shares: 0.95816
cluster filter min FOIA=2: 940,424/1,860,867
LS filter: 940,424/940,424

--- Shock balance ---
  characteristic               beta         se       t       p
  log_total_spend           +0.1909     0.0543   +3.51   0.000
  log_lab_spend             +0.1793     0.0508   +3.53   0.000
  n_cats                    +0.0048     0.0016   +2.98   0.003
  lab_share                 +0.0794     0.5774   +0.14   0.891

Saved ../../output/final_imputed_shift_share_treated_hc_cf2_lsa_k3.csv
Saved ../../output/imputed_shares_matrix_treated_hc_cf2_lsa_k3.npz
Saved ../../output/imputed_shares_markets_treated_hc_cf2_lsa_k3.csv

==============================================================================
SUMMARY
==============================================================================
   version eb_prior  eb_own_weight  eb_peer_k  n_foia_with_shares  n_foia_shrunk  foia_raw_exposure_sd  foia_eb_exposure_sd  universe_exposure_sd  mean_sum_imputed_shares  eff_n_shocks  n_universe_after_filters
        hc     none         1.0000          5                 208              0                0.0563               0.0563                0.0376                   0.2526       19.0640                    940424
       all     none         1.0000          5                 208              0                0.0315               0.0315                0.0224                   0.1098       18.0821                    940424
treated_hc     none         1.0000          5                 208              0                0.1314               0.1314                0.0936                   0.9582       19.3124                    940424

Saved ../../output/shift_share_summary_cf2_lsa_k3.csv
Done!
Universe: 1,860,867
FOIA anchors: 208
Treated markets: 46
W rows with weight: 1,783,003/1,860,867
W row sums: mean=1.0000, p5=1.0000, p95=1.0000

==============================================================================
version=hc
==============================================================================
FOIA PIs with treated shares: 208/208
FOIA row sums: mean=0.2693, sd=0.1989

Universe exposure: mean=+0.02448, sd=0.03758
Mean sum imputed shares: 0.25261
cluster filter min FOIA=5: 686,241/1,860,867
LS filter: 686,241/686,241

--- Shock balance ---
  characteristic               beta         se       t       p
  log_total_spend           +0.1082     0.0382   +2.83   0.005
  log_lab_spend             +0.0979     0.0349   +2.81   0.005
  n_cats                    +0.0032     0.0013   +2.54   0.011
  lab_share                 -0.0207     0.3763   -0.05   0.956

Saved ../../output/final_imputed_shift_share_hc_cf5_lsa_k3.csv
Saved ../../output/imputed_shares_matrix_hc_cf5_lsa_k3.npz
Saved ../../output/imputed_shares_markets_hc_cf5_lsa_k3.csv

==============================================================================
version=all
==============================================================================
FOIA PIs with treated shares: 208/208
FOIA row sums: mean=0.1105, sd=0.1162

Universe exposure: mean=+0.01258, sd=0.02244
Mean sum imputed shares: 0.10978
cluster filter min FOIA=5: 686,241/1,860,867
LS filter: 686,241/686,241

--- Shock balance ---
  characteristic               beta         se       t       p
  log_total_spend           +0.0480     0.0295   +1.63   0.104
  log_lab_spend             +0.0471     0.0286   +1.65   0.100
  n_cats                    +0.0018     0.0012   +1.47   0.142
  lab_share                 -0.3938     0.4526   -0.87   0.384

Saved ../../output/final_imputed_shift_share_all_cf5_lsa_k3.csv
Saved ../../output/imputed_shares_matrix_all_cf5_lsa_k3.npz
Saved ../../output/imputed_shares_markets_all_cf5_lsa_k3.csv

==============================================================================
version=treated_hc
==============================================================================
FOIA PIs with treated shares: 208/208
FOIA row sums: mean=1.0000, sd=0.0000

Universe exposure: mean=+0.09304, sd=0.09357
Mean sum imputed shares: 0.95816
cluster filter min FOIA=5: 686,241/1,860,867
LS filter: 686,241/686,241

--- Shock balance ---
  characteristic               beta         se       t       p
  log_total_spend           +0.1909     0.0543   +3.51   0.000
  log_lab_spend             +0.1793     0.0508   +3.53   0.000
  n_cats                    +0.0048     0.0016   +2.98   0.003
  lab_share                 +0.0794     0.5774   +0.14   0.891

Saved ../../output/final_imputed_shift_share_treated_hc_cf5_lsa_k3.csv
Saved ../../output/imputed_shares_matrix_treated_hc_cf5_lsa_k3.npz
Saved ../../output/imputed_shares_markets_treated_hc_cf5_lsa_k3.csv

==============================================================================
SUMMARY
==============================================================================
   version eb_prior  eb_own_weight  eb_peer_k  n_foia_with_shares  n_foia_shrunk  foia_raw_exposure_sd  foia_eb_exposure_sd  universe_exposure_sd  mean_sum_imputed_shares  eff_n_shocks  n_universe_after_filters
        hc     none         1.0000          5                 208              0                0.0563               0.0563                0.0376                   0.2526       19.0640                    686241
       all     none         1.0000          5                 208              0                0.0315               0.0315                0.0224                   0.1098       18.0821                    686241
treated_hc     none         1.0000          5                 208              0                0.1314               0.1314                0.0936                   0.9582       19.3124                    686241

Saved ../../output/shift_share_summary_cf5_lsa_k3.csv
Done!
Universe: 1,860,867
FOIA anchors: 208
Treated markets: 46
W rows with weight: 1,783,003/1,860,867
W row sums: mean=1.0000, p5=1.0000, p95=1.0000

==============================================================================
version=hc
==============================================================================
FOIA PIs with treated shares: 208/208
FOIA row sums: mean=0.2693, sd=0.1989

Universe exposure: mean=+0.02448, sd=0.03758
Mean sum imputed shares: 0.25261
cluster filter min FOIA=1: 1,613,853/1,860,867

--- Shock balance ---
  characteristic               beta         se       t       p
  log_total_spend           +0.1082     0.0382   +2.83   0.005
  log_lab_spend             +0.0979     0.0349   +2.81   0.005
  n_cats                    +0.0032     0.0013   +2.54   0.011
  lab_share                 -0.0207     0.3763   -0.05   0.956

Saved ../../output/final_imputed_shift_share_hc_cf_k3.csv
Saved ../../output/imputed_shares_matrix_hc_cf_k3.npz
Saved ../../output/imputed_shares_markets_hc_cf_k3.csv

==============================================================================
version=all
==============================================================================
FOIA PIs with treated shares: 208/208
FOIA row sums: mean=0.1105, sd=0.1162

Universe exposure: mean=+0.01258, sd=0.02244
Mean sum imputed shares: 0.10978
cluster filter min FOIA=1: 1,613,853/1,860,867

--- Shock balance ---
  characteristic               beta         se       t       p
  log_total_spend           +0.0480     0.0295   +1.63   0.104
  log_lab_spend             +0.0471     0.0286   +1.65   0.100
  n_cats                    +0.0018     0.0012   +1.47   0.142
  lab_share                 -0.3938     0.4526   -0.87   0.384

Saved ../../output/final_imputed_shift_share_all_cf_k3.csv
Saved ../../output/imputed_shares_matrix_all_cf_k3.npz
Saved ../../output/imputed_shares_markets_all_cf_k3.csv

==============================================================================
version=treated_hc
==============================================================================
FOIA PIs with treated shares: 208/208
FOIA row sums: mean=1.0000, sd=0.0000

Universe exposure: mean=+0.09304, sd=0.09357
Mean sum imputed shares: 0.95816
cluster filter min FOIA=1: 1,613,853/1,860,867

--- Shock balance ---
  characteristic               beta         se       t       p
  log_total_spend           +0.1909     0.0543   +3.51   0.000
  log_lab_spend             +0.1793     0.0508   +3.53   0.000
  n_cats                    +0.0048     0.0016   +2.98   0.003
  lab_share                 +0.0794     0.5774   +0.14   0.891

Saved ../../output/final_imputed_shift_share_treated_hc_cf_k3.csv
Saved ../../output/imputed_shares_matrix_treated_hc_cf_k3.npz
Saved ../../output/imputed_shares_markets_treated_hc_cf_k3.csv

==============================================================================
SUMMARY
==============================================================================
   version eb_prior  eb_own_weight  eb_peer_k  n_foia_with_shares  n_foia_shrunk  foia_raw_exposure_sd  foia_eb_exposure_sd  universe_exposure_sd  mean_sum_imputed_shares  eff_n_shocks  n_universe_after_filters
        hc     none         1.0000          5                 208              0                0.0563               0.0563                0.0376                   0.2526       19.0640                   1613853
       all     none         1.0000          5                 208              0                0.0315               0.0315                0.0224                   0.1098       18.0821                   1613853
treated_hc     none         1.0000          5                 208              0                0.1314               0.1314                0.0936                   0.9582       19.3124                   1613853

Saved ../../output/shift_share_summary_cf_k3.csv
Done!
Universe: 1,860,867
FOIA anchors: 208
Treated markets: 46
W rows with weight: 1,783,003/1,860,867
W row sums: mean=1.0000, p5=1.0000, p95=1.0000

==============================================================================
version=hc
==============================================================================
FOIA PIs with treated shares: 208/208
FOIA row sums: mean=0.2693, sd=0.1989

Universe exposure: mean=+0.02448, sd=0.03758
Mean sum imputed shares: 0.25261
cluster filter min FOIA=2: 1,077,936/1,860,867

--- Shock balance ---
  characteristic               beta         se       t       p
  log_total_spend           +0.1082     0.0382   +2.83   0.005
  log_lab_spend             +0.0979     0.0349   +2.81   0.005
  n_cats                    +0.0032     0.0013   +2.54   0.011
  lab_share                 -0.0207     0.3763   -0.05   0.956

Saved ../../output/final_imputed_shift_share_hc_cf2_k3.csv
Saved ../../output/imputed_shares_matrix_hc_cf2_k3.npz
Saved ../../output/imputed_shares_markets_hc_cf2_k3.csv

==============================================================================
version=all
==============================================================================
FOIA PIs with treated shares: 208/208
FOIA row sums: mean=0.1105, sd=0.1162

Universe exposure: mean=+0.01258, sd=0.02244
Mean sum imputed shares: 0.10978
cluster filter min FOIA=2: 1,077,936/1,860,867

--- Shock balance ---
  characteristic               beta         se       t       p
  log_total_spend           +0.0480     0.0295   +1.63   0.104
  log_lab_spend             +0.0471     0.0286   +1.65   0.100
  n_cats                    +0.0018     0.0012   +1.47   0.142
  lab_share                 -0.3938     0.4526   -0.87   0.384

Saved ../../output/final_imputed_shift_share_all_cf2_k3.csv
Saved ../../output/imputed_shares_matrix_all_cf2_k3.npz
Saved ../../output/imputed_shares_markets_all_cf2_k3.csv

==============================================================================
version=treated_hc
==============================================================================
FOIA PIs with treated shares: 208/208
FOIA row sums: mean=1.0000, sd=0.0000

Universe exposure: mean=+0.09304, sd=0.09357
Mean sum imputed shares: 0.95816
cluster filter min FOIA=2: 1,077,936/1,860,867

--- Shock balance ---
  characteristic               beta         se       t       p
  log_total_spend           +0.1909     0.0543   +3.51   0.000
  log_lab_spend             +0.1793     0.0508   +3.53   0.000
  n_cats                    +0.0048     0.0016   +2.98   0.003
  lab_share                 +0.0794     0.5774   +0.14   0.891

Saved ../../output/final_imputed_shift_share_treated_hc_cf2_k3.csv
Saved ../../output/imputed_shares_matrix_treated_hc_cf2_k3.npz
Saved ../../output/imputed_shares_markets_treated_hc_cf2_k3.csv

==============================================================================
SUMMARY
==============================================================================
   version eb_prior  eb_own_weight  eb_peer_k  n_foia_with_shares  n_foia_shrunk  foia_raw_exposure_sd  foia_eb_exposure_sd  universe_exposure_sd  mean_sum_imputed_shares  eff_n_shocks  n_universe_after_filters
        hc     none         1.0000          5                 208              0                0.0563               0.0563                0.0376                   0.2526       19.0640                   1077936
       all     none         1.0000          5                 208              0                0.0315               0.0315                0.0224                   0.1098       18.0821                   1077936
treated_hc     none         1.0000          5                 208              0                0.1314               0.1314                0.0936                   0.9582       19.3124                   1077936

Saved ../../output/shift_share_summary_cf2_k3.csv
Done!
Universe: 1,860,867
FOIA anchors: 208
Treated markets: 46
W rows with weight: 1,783,003/1,860,867
W row sums: mean=1.0000, p5=1.0000, p95=1.0000

==============================================================================
version=hc
==============================================================================
FOIA PIs with treated shares: 208/208
FOIA row sums: mean=0.2693, sd=0.1989

Universe exposure: mean=+0.02448, sd=0.03758
Mean sum imputed shares: 0.25261
cluster filter min FOIA=5: 834,756/1,860,867

--- Shock balance ---
  characteristic               beta         se       t       p
  log_total_spend           +0.1082     0.0382   +2.83   0.005
  log_lab_spend             +0.0979     0.0349   +2.81   0.005
  n_cats                    +0.0032     0.0013   +2.54   0.011
  lab_share                 -0.0207     0.3763   -0.05   0.956

Saved ../../output/final_imputed_shift_share_hc_cf5_k3.csv
Saved ../../output/imputed_shares_matrix_hc_cf5_k3.npz
Saved ../../output/imputed_shares_markets_hc_cf5_k3.csv

==============================================================================
version=all
==============================================================================
FOIA PIs with treated shares: 208/208
FOIA row sums: mean=0.1105, sd=0.1162

Universe exposure: mean=+0.01258, sd=0.02244
Mean sum imputed shares: 0.10978
cluster filter min FOIA=5: 834,756/1,860,867

--- Shock balance ---
  characteristic               beta         se       t       p
  log_total_spend           +0.0480     0.0295   +1.63   0.104
  log_lab_spend             +0.0471     0.0286   +1.65   0.100
  n_cats                    +0.0018     0.0012   +1.47   0.142
  lab_share                 -0.3938     0.4526   -0.87   0.384

Saved ../../output/final_imputed_shift_share_all_cf5_k3.csv
Saved ../../output/imputed_shares_matrix_all_cf5_k3.npz
Saved ../../output/imputed_shares_markets_all_cf5_k3.csv

==============================================================================
version=treated_hc
==============================================================================
FOIA PIs with treated shares: 208/208
FOIA row sums: mean=1.0000, sd=0.0000

Universe exposure: mean=+0.09304, sd=0.09357
Mean sum imputed shares: 0.95816
cluster filter min FOIA=5: 834,756/1,860,867

--- Shock balance ---
  characteristic               beta         se       t       p
  log_total_spend           +0.1909     0.0543   +3.51   0.000
  log_lab_spend             +0.1793     0.0508   +3.53   0.000
  n_cats                    +0.0048     0.0016   +2.98   0.003
  lab_share                 +0.0794     0.5774   +0.14   0.891

Saved ../../output/final_imputed_shift_share_treated_hc_cf5_k3.csv
Saved ../../output/imputed_shares_matrix_treated_hc_cf5_k3.npz
Saved ../../output/imputed_shares_markets_treated_hc_cf5_k3.csv

==============================================================================
SUMMARY
==============================================================================
   version eb_prior  eb_own_weight  eb_peer_k  n_foia_with_shares  n_foia_shrunk  foia_raw_exposure_sd  foia_eb_exposure_sd  universe_exposure_sd  mean_sum_imputed_shares  eff_n_shocks  n_universe_after_filters
        hc     none         1.0000          5                 208              0                0.0563               0.0563                0.0376                   0.2526       19.0640                    834756
       all     none         1.0000          5                 208              0                0.0315               0.0315                0.0224                   0.1098       18.0821                    834756
treated_hc     none         1.0000          5                 208              0                0.1314               0.1314                0.0936                   0.9582       19.3124                    834756

Saved ../../output/shift_share_summary_cf5_k3.csv
Done!
Universe: 1,860,867
FOIA anchors: 208
Treated markets: 46
W rows with weight: 1,783,003/1,860,867
W row sums: mean=1.0000, p5=1.0000, p95=1.0000

==============================================================================
version=hc
==============================================================================
FOIA PIs with treated shares: 208/208
FOIA row sums: mean=0.2693, sd=0.1989

Universe exposure: mean=+0.02448, sd=0.03758
Mean sum imputed shares: 0.25261
cluster filter min FOIA=1: 1,613,853/1,860,867
LS filter: 1,476,884/1,613,853

--- Shock balance ---
  characteristic               beta         se       t       p
  log_total_spend           +0.1082     0.0382   +2.83   0.005
  log_lab_spend             +0.0979     0.0349   +2.81   0.005
  n_cats                    +0.0032     0.0013   +2.54   0.011
  lab_share                 -0.0207     0.3763   -0.05   0.956

Saved ../../output/final_imputed_shift_share_hc_cf_ls_k3.csv
Saved ../../output/imputed_shares_matrix_hc_cf_ls_k3.npz
Saved ../../output/imputed_shares_markets_hc_cf_ls_k3.csv

==============================================================================
version=all
==============================================================================
FOIA PIs with treated shares: 208/208
FOIA row sums: mean=0.1105, sd=0.1162

Universe exposure: mean=+0.01258, sd=0.02244
Mean sum imputed shares: 0.10978
cluster filter min FOIA=1: 1,613,853/1,860,867
LS filter: 1,476,884/1,613,853

--- Shock balance ---
  characteristic               beta         se       t       p
  log_total_spend           +0.0480     0.0295   +1.63   0.104
  log_lab_spend             +0.0471     0.0286   +1.65   0.100
  n_cats                    +0.0018     0.0012   +1.47   0.142
  lab_share                 -0.3938     0.4526   -0.87   0.384

Saved ../../output/final_imputed_shift_share_all_cf_ls_k3.csv
Saved ../../output/imputed_shares_matrix_all_cf_ls_k3.npz
Saved ../../output/imputed_shares_markets_all_cf_ls_k3.csv

==============================================================================
version=treated_hc
==============================================================================
FOIA PIs with treated shares: 208/208
FOIA row sums: mean=1.0000, sd=0.0000

Universe exposure: mean=+0.09304, sd=0.09357
Mean sum imputed shares: 0.95816
cluster filter min FOIA=1: 1,613,853/1,860,867
LS filter: 1,476,884/1,613,853

--- Shock balance ---
  characteristic               beta         se       t       p
  log_total_spend           +0.1909     0.0543   +3.51   0.000
  log_lab_spend             +0.1793     0.0508   +3.53   0.000
  n_cats                    +0.0048     0.0016   +2.98   0.003
  lab_share                 +0.0794     0.5774   +0.14   0.891

Saved ../../output/final_imputed_shift_share_treated_hc_cf_ls_k3.csv
Saved ../../output/imputed_shares_matrix_treated_hc_cf_ls_k3.npz
Saved ../../output/imputed_shares_markets_treated_hc_cf_ls_k3.csv

==============================================================================
SUMMARY
==============================================================================
   version eb_prior  eb_own_weight  eb_peer_k  n_foia_with_shares  n_foia_shrunk  foia_raw_exposure_sd  foia_eb_exposure_sd  universe_exposure_sd  mean_sum_imputed_shares  eff_n_shocks  n_universe_after_filters
        hc     none         1.0000          5                 208              0                0.0563               0.0563                0.0376                   0.2526       19.0640                   1476884
       all     none         1.0000          5                 208              0                0.0315               0.0315                0.0224                   0.1098       18.0821                   1476884
treated_hc     none         1.0000          5                 208              0                0.1314               0.1314                0.0936                   0.9582       19.3124                   1476884

Saved ../../output/shift_share_summary_cf_ls_k3.csv
Done!
Universe: 1,860,867
FOIA anchors: 208
Treated markets: 46
W rows with weight: 1,783,003/1,860,867
W row sums: mean=1.0000, p5=1.0000, p95=1.0000

==============================================================================
version=hc
==============================================================================
FOIA PIs with treated shares: 208/208
FOIA row sums: mean=0.2693, sd=0.1989

--- EB ---
prior: peer
own weight: 0.90
anchors actually shrunk: 208/208
peer K: 5
FOIA exposure SD: 0.05634 -> 0.05210 (92.5% retained)
EB/raw slope: 0.924
EB/raw correlation: 0.999
max FOIA row-sum change: 2.220e-16

Top 5 raw-influence FOIA anchors:
  A5087101891: 0.12347 -> 0.11299
  A5014945614: 0.10124 -> 0.09496
  A5009411980: 0.09798 -> 0.09042
  A5024757186: 0.06221 -> 0.05831
  A5100767723: 0.06188 -> 0.05578

Universe exposure: mean=+0.02425, sd=0.03475
Mean sum imputed shares: 0.25261
cluster filter min FOIA=1: 1,130,108/1,860,867
LS filter: 1,130,108/1,130,108

--- Shock balance ---
  characteristic               beta         se       t       p
  log_total_spend           +0.1188     0.0408   +2.91   0.004
  log_lab_spend             +0.1067     0.0373   +2.86   0.004
  n_cats                    +0.0035     0.0014   +2.61   0.009
  lab_share                 -0.0317     0.4103   -0.08   0.939

Saved ../../output/final_imputed_shift_share_hc_ebp90k5_cf_lsa_k3.csv
Saved ../../output/imputed_shares_matrix_hc_ebp90k5_cf_lsa_k3.npz
Saved ../../output/imputed_shares_markets_hc_ebp90k5_cf_lsa_k3.csv

==============================================================================
version=all
==============================================================================
FOIA PIs with treated shares: 208/208
FOIA row sums: mean=0.1105, sd=0.1162

--- EB ---
prior: peer
own weight: 0.90
anchors actually shrunk: 208/208
peer K: 5
FOIA exposure SD: 0.03150 -> 0.02909 (92.4% retained)
EB/raw slope: 0.923
EB/raw correlation: 1.000
max FOIA row-sum change: 1.110e-16

Top 5 raw-influence FOIA anchors:
  A5087101891: 0.11384 -> 0.10447
  A5014945614: 0.05670 -> 0.05326
  A5075637474: 0.03436 -> 0.03137
  A5090943804: 0.03228 -> 0.02970
  A5009411980: 0.02950 -> 0.02727

Universe exposure: mean=+0.01227, sd=0.02069
Mean sum imputed shares: 0.10978
cluster filter min FOIA=1: 1,130,108/1,860,867
LS filter: 1,130,108/1,130,108

--- Shock balance ---
  characteristic               beta         se       t       p
  log_total_spend           +0.0534     0.0316   +1.69   0.091
  log_lab_spend             +0.0519     0.0306   +1.70   0.090
  n_cats                    +0.0020     0.0013   +1.53   0.125
  lab_share                 -0.4411     0.4935   -0.89   0.371

Saved ../../output/final_imputed_shift_share_all_ebp90k5_cf_lsa_k3.csv
Saved ../../output/imputed_shares_matrix_all_ebp90k5_cf_lsa_k3.npz
Saved ../../output/imputed_shares_markets_all_ebp90k5_cf_lsa_k3.csv

==============================================================================
version=treated_hc
==============================================================================
FOIA PIs with treated shares: 208/208
FOIA row sums: mean=1.0000, sd=0.0000

--- EB ---
prior: peer
own weight: 0.90
anchors actually shrunk: 208/208
peer K: 5
FOIA exposure SD: 0.13144 -> 0.11986 (91.2% retained)
EB/raw slope: 0.911
EB/raw correlation: 0.999
max FOIA row-sum change: 4.441e-16

Top 5 raw-influence FOIA anchors:
  A5018983460: 0.20813 -> 0.18586
  A5009411980: 0.16882 -> 0.15596
  A5067529915: 0.16538 -> 0.15208
  A5064294448: 0.15498 -> 0.14014
  A5002683233: 0.13957 -> 0.12358

Universe exposure: mean=+0.09259, sd=0.08646
Mean sum imputed shares: 0.95816
cluster filter min FOIA=1: 1,130,108/1,860,867
LS filter: 1,130,108/1,130,108

--- Shock balance ---
  characteristic               beta         se       t       p
  log_total_spend           +0.2164     0.0593   +3.65   0.000
  log_lab_spend             +0.2009     0.0553   +3.63   0.000
  n_cats                    +0.0054     0.0018   +3.06   0.002
  lab_share                 +0.0959     0.6321   +0.15   0.879

Saved ../../output/final_imputed_shift_share_treated_hc_ebp90k5_cf_lsa_k3.csv
Saved ../../output/imputed_shares_matrix_treated_hc_ebp90k5_cf_lsa_k3.npz
Saved ../../output/imputed_shares_markets_treated_hc_ebp90k5_cf_lsa_k3.csv

==============================================================================
SUMMARY
==============================================================================
   version eb_prior  eb_own_weight  eb_peer_k  n_foia_with_shares  n_foia_shrunk  foia_raw_exposure_sd  foia_eb_exposure_sd  universe_exposure_sd  mean_sum_imputed_shares  eff_n_shocks  n_universe_after_filters
        hc     peer         0.9000          5                 208            208                0.0563               0.0521                0.0348                   0.2526       19.5201                   1130108
       all     peer         0.9000          5                 208            208                0.0315               0.0291                0.0207                   0.1098       18.6816                   1130108
treated_hc     peer         0.9000          5                 208            208                0.1314               0.1199                0.0865                   0.9582       19.4923                   1130108

Saved ../../output/shift_share_summary_ebp90k5_cf_lsa_k3.csv
Done!
Universe: 1,860,867
FOIA anchors: 208
Treated markets: 46
W rows with weight: 1,783,003/1,860,867
W row sums: mean=1.0000, p5=1.0000, p95=1.0000

==============================================================================
version=hc
==============================================================================
FOIA PIs with treated shares: 208/208
FOIA row sums: mean=0.2693, sd=0.1989

--- EB ---
prior: peer
own weight: 0.95
anchors actually shrunk: 208/208
peer K: 5
FOIA exposure SD: 0.05634 -> 0.05421 (96.2% retained)
EB/raw slope: 0.962
EB/raw correlation: 1.000
max FOIA row-sum change: 2.220e-16

Universe exposure: mean=+0.02436, sd=0.03616
Mean sum imputed shares: 0.25261
cluster filter min FOIA=1: 1,130,108/1,860,867
LS filter: 1,130,108/1,130,108

--- Shock balance ---
  characteristic               beta         se       t       p
  log_total_spend           +0.1133     0.0395   +2.87   0.004
  log_lab_spend             +0.1022     0.0360   +2.84   0.005
  n_cats                    +0.0034     0.0013   +2.58   0.010
  lab_share                 -0.0257     0.3926   -0.07   0.948

Saved ../../output/final_imputed_shift_share_hc_ebp95k5_cf_lsa_k3.csv
Saved ../../output/imputed_shares_matrix_hc_ebp95k5_cf_lsa_k3.npz
Saved ../../output/imputed_shares_markets_hc_ebp95k5_cf_lsa_k3.csv

==============================================================================
version=all
==============================================================================
FOIA PIs with treated shares: 208/208
FOIA row sums: mean=0.1105, sd=0.1162

--- EB ---
prior: peer
own weight: 0.95
anchors actually shrunk: 208/208
peer K: 5
FOIA exposure SD: 0.03150 -> 0.03029 (96.2% retained)
EB/raw slope: 0.962
EB/raw correlation: 1.000
max FOIA row-sum change: 1.110e-16

Universe exposure: mean=+0.01242, sd=0.02156
Mean sum imputed shares: 0.10978
cluster filter min FOIA=1: 1,130,108/1,860,867
LS filter: 1,130,108/1,130,108

--- Shock balance ---
  characteristic               beta         se       t       p
  log_total_spend           +0.0506     0.0305   +1.66   0.097
  log_lab_spend             +0.0494     0.0296   +1.67   0.095
  n_cats                    +0.0019     0.0013   +1.50   0.133
  lab_share                 -0.4163     0.4722   -0.88   0.378

Saved ../../output/final_imputed_shift_share_all_ebp95k5_cf_lsa_k3.csv
Saved ../../output/imputed_shares_matrix_all_ebp95k5_cf_lsa_k3.npz
Saved ../../output/imputed_shares_markets_all_ebp95k5_cf_lsa_k3.csv

==============================================================================
version=treated_hc
==============================================================================
FOIA PIs with treated shares: 208/208
FOIA row sums: mean=1.0000, sd=0.0000

--- EB ---
prior: peer
own weight: 0.95
anchors actually shrunk: 208/208
peer K: 5
FOIA exposure SD: 0.13144 -> 0.12560 (95.6% retained)
EB/raw slope: 0.955
EB/raw correlation: 1.000
max FOIA row-sum change: 3.331e-16

Universe exposure: mean=+0.09282, sd=0.08998
Mean sum imputed shares: 0.95816
cluster filter min FOIA=1: 1,130,108/1,860,867
LS filter: 1,130,108/1,130,108

--- Shock balance ---
  characteristic               beta         se       t       p
  log_total_spend           +0.2030     0.0567   +3.58   0.000
  log_lab_spend             +0.1896     0.0530   +3.58   0.000
  n_cats                    +0.0051     0.0017   +3.02   0.003
  lab_share                 +0.0872     0.6038   +0.14   0.885

Saved ../../output/final_imputed_shift_share_treated_hc_ebp95k5_cf_lsa_k3.csv
Saved ../../output/imputed_shares_matrix_treated_hc_ebp95k5_cf_lsa_k3.npz
Saved ../../output/imputed_shares_markets_treated_hc_ebp95k5_cf_lsa_k3.csv

==============================================================================
SUMMARY
==============================================================================
   version eb_prior  eb_own_weight  eb_peer_k  n_foia_with_shares  n_foia_shrunk  foia_raw_exposure_sd  foia_eb_exposure_sd  universe_exposure_sd  mean_sum_imputed_shares  eff_n_shocks  n_universe_after_filters
        hc     peer         0.9500          5                 208            208                0.0563               0.0542                0.0362                   0.2526       19.2993                   1130108
       all     peer         0.9500          5                 208            208                0.0315               0.0303                0.0216                   0.1098       18.3871                   1130108
treated_hc     peer         0.9500          5                 208            208                0.1314               0.1256                0.0900                   0.9582       19.4070                   1130108

Saved ../../output/shift_share_summary_ebp95k5_cf_lsa_k3.csv
Done!
Universe: 1,860,867
FOIA anchors: 208
Treated markets: 46
W rows with weight: 1,783,003/1,860,867
W row sums: mean=1.0000, p5=1.0000, p95=1.0000

==============================================================================
version=hc
==============================================================================
FOIA PIs with treated shares: 208/208
FOIA row sums: mean=0.2693, sd=0.1989

--- EB ---
prior: peer
own weight: 0.85
anchors actually shrunk: 208/208
peer K: 5
FOIA exposure SD: 0.05634 -> 0.05001 (88.8% retained)
EB/raw slope: 0.886
EB/raw correlation: 0.998
max FOIA row-sum change: 2.220e-16

Universe exposure: mean=+0.02413, sd=0.03336
Mean sum imputed shares: 0.25261
cluster filter min FOIA=1: 1,130,108/1,860,867
LS filter: 1,130,108/1,130,108

--- Shock balance ---
  characteristic               beta         se       t       p
  log_total_spend           +0.1247     0.0422   +2.96   0.003
  log_lab_spend             +0.1115     0.0386   +2.89   0.004
  n_cats                    +0.0037     0.0014   +2.65   0.008
  lab_share                 -0.0387     0.4298   -0.09   0.928

Saved ../../output/final_imputed_shift_share_hc_ebp85k5_cf_lsa_k3.csv
Saved ../../output/imputed_shares_matrix_hc_ebp85k5_cf_lsa_k3.npz
Saved ../../output/imputed_shares_markets_hc_ebp85k5_cf_lsa_k3.csv

==============================================================================
version=all
==============================================================================
FOIA PIs with treated shares: 208/208
FOIA row sums: mean=0.1105, sd=0.1162

--- EB ---
prior: peer
own weight: 0.85
anchors actually shrunk: 208/208
peer K: 5
FOIA exposure SD: 0.03150 -> 0.02790 (88.6% retained)
EB/raw slope: 0.885
EB/raw correlation: 0.999
max FOIA row-sum change: 2.220e-16

Universe exposure: mean=+0.01212, sd=0.01982
Mean sum imputed shares: 0.10978
cluster filter min FOIA=1: 1,130,108/1,860,867
LS filter: 1,130,108/1,130,108

--- Shock balance ---
  characteristic               beta         se       t       p
  log_total_spend           +0.0564     0.0327   +1.73   0.084
  log_lab_spend             +0.0546     0.0317   +1.72   0.085
  n_cats                    +0.0022     0.0014   +1.57   0.116
  lab_share                 -0.4685     0.5167   -0.91   0.365

Saved ../../output/final_imputed_shift_share_all_ebp85k5_cf_lsa_k3.csv
Saved ../../output/imputed_shares_matrix_all_ebp85k5_cf_lsa_k3.npz
Saved ../../output/imputed_shares_markets_all_ebp85k5_cf_lsa_k3.csv

==============================================================================
version=treated_hc
==============================================================================
FOIA PIs with treated shares: 208/208
FOIA row sums: mean=1.0000, sd=0.0000

--- EB ---
prior: peer
own weight: 0.85
anchors actually shrunk: 208/208
peer K: 5
FOIA exposure SD: 0.13144 -> 0.11423 (86.9% retained)
EB/raw slope: 0.866
EB/raw correlation: 0.996
max FOIA row-sum change: 3.331e-16

Universe exposure: mean=+0.09237, sd=0.08301
Mean sum imputed shares: 0.95816
cluster filter min FOIA=1: 1,130,108/1,860,867
LS filter: 1,130,108/1,130,108

--- Shock balance ---
  characteristic               beta         se       t       p
  log_total_spend           +0.2313     0.0620   +3.73   0.000
  log_lab_spend             +0.2133     0.0579   +3.69   0.000
  n_cats                    +0.0058     0.0019   +3.10   0.002
  lab_share                 +0.1057     0.6623   +0.16   0.873

Saved ../../output/final_imputed_shift_share_treated_hc_ebp85k5_cf_lsa_k3.csv
Saved ../../output/imputed_shares_matrix_treated_hc_ebp85k5_cf_lsa_k3.npz
Saved ../../output/imputed_shares_markets_treated_hc_ebp85k5_cf_lsa_k3.csv

==============================================================================
SUMMARY
==============================================================================
   version eb_prior  eb_own_weight  eb_peer_k  n_foia_with_shares  n_foia_shrunk  foia_raw_exposure_sd  foia_eb_exposure_sd  universe_exposure_sd  mean_sum_imputed_shares  eff_n_shocks  n_universe_after_filters
        hc     peer         0.8500          5                 208            208                0.0563               0.0500                0.0334                   0.2526       19.7253                   1130108
       all     peer         0.8500          5                 208            208                0.0315               0.0279                0.0198                   0.1098       18.9641                   1130108
treated_hc     peer         0.8500          5                 208            208                0.1314               0.1142                0.0830                   0.9582       19.5680                   1130108

Saved ../../output/shift_share_summary_ebp85k5_cf_lsa_k3.csv
Done!
Universe: 1,860,867
FOIA anchors: 208
Treated markets: 46
W rows with weight: 1,783,003/1,860,867
W row sums: mean=1.0000, p5=1.0000, p95=1.0000

==============================================================================
version=hc
==============================================================================
FOIA PIs with treated shares: 208/208
FOIA row sums: mean=0.2693, sd=0.1989

--- EB ---
prior: peer
own weight: 0.90
anchors actually shrunk: 208/208
peer K: 3
FOIA exposure SD: 0.05634 -> 0.05201 (92.3% retained)
EB/raw slope: 0.922
EB/raw correlation: 0.999
max FOIA row-sum change: 2.220e-16

Universe exposure: mean=+0.02420, sd=0.03475
Mean sum imputed shares: 0.25261
cluster filter min FOIA=1: 1,130,108/1,860,867
LS filter: 1,130,108/1,130,108

--- Shock balance ---
  characteristic               beta         se       t       p
  log_total_spend           +0.1196     0.0407   +2.94   0.003
  log_lab_spend             +0.1077     0.0372   +2.89   0.004
  n_cats                    +0.0036     0.0014   +2.61   0.009
  lab_share                 -0.0246     0.4087   -0.06   0.952

Saved ../../output/final_imputed_shift_share_hc_ebp90k3_cf_lsa_k3.csv
Saved ../../output/imputed_shares_matrix_hc_ebp90k3_cf_lsa_k3.npz
Saved ../../output/imputed_shares_markets_hc_ebp90k3_cf_lsa_k3.csv

==============================================================================
version=all
==============================================================================
FOIA PIs with treated shares: 208/208
FOIA row sums: mean=0.1105, sd=0.1162

--- EB ---
prior: peer
own weight: 0.90
anchors actually shrunk: 208/208
peer K: 3
FOIA exposure SD: 0.03150 -> 0.02883 (91.5% retained)
EB/raw slope: 0.915
EB/raw correlation: 0.999
max FOIA row-sum change: 2.220e-16

Universe exposure: mean=+0.01223, sd=0.02054
Mean sum imputed shares: 0.10978
cluster filter min FOIA=1: 1,130,108/1,860,867
LS filter: 1,130,108/1,130,108

--- Shock balance ---
  characteristic               beta         se       t       p
  log_total_spend           +0.0541     0.0315   +1.72   0.086
  log_lab_spend             +0.0528     0.0305   +1.73   0.084
  n_cats                    +0.0020     0.0013   +1.54   0.122
  lab_share                 -0.4176     0.4927   -0.85   0.397

Saved ../../output/final_imputed_shift_share_all_ebp90k3_cf_lsa_k3.csv
Saved ../../output/imputed_shares_matrix_all_ebp90k3_cf_lsa_k3.npz
Saved ../../output/imputed_shares_markets_all_ebp90k3_cf_lsa_k3.csv

==============================================================================
version=treated_hc
==============================================================================
FOIA PIs with treated shares: 208/208
FOIA row sums: mean=1.0000, sd=0.0000

--- EB ---
prior: peer
own weight: 0.90
anchors actually shrunk: 208/208
peer K: 3
FOIA exposure SD: 0.13144 -> 0.12009 (91.4% retained)
EB/raw slope: 0.912
EB/raw correlation: 0.998
max FOIA row-sum change: 3.331e-16

Universe exposure: mean=+0.09270, sd=0.08690
Mean sum imputed shares: 0.95816
cluster filter min FOIA=1: 1,130,108/1,860,867
LS filter: 1,130,108/1,130,108

--- Shock balance ---
  characteristic               beta         se       t       p
  log_total_spend           +0.2163     0.0593   +3.65   0.000
  log_lab_spend             +0.2007     0.0553   +3.63   0.000
  n_cats                    +0.0054     0.0018   +3.03   0.002
  lab_share                 +0.1041     0.6283   +0.17   0.868

Saved ../../output/final_imputed_shift_share_treated_hc_ebp90k3_cf_lsa_k3.csv
Saved ../../output/imputed_shares_matrix_treated_hc_ebp90k3_cf_lsa_k3.npz
Saved ../../output/imputed_shares_markets_treated_hc_ebp90k3_cf_lsa_k3.csv

==============================================================================
SUMMARY
==============================================================================
   version eb_prior  eb_own_weight  eb_peer_k  n_foia_with_shares  n_foia_shrunk  foia_raw_exposure_sd  foia_eb_exposure_sd  universe_exposure_sd  mean_sum_imputed_shares  eff_n_shocks  n_universe_after_filters
        hc     peer         0.9000          3                 208            208                0.0563               0.0520                0.0347                   0.2526       19.5758                   1130108
       all     peer         0.9000          3                 208            208                0.0315               0.0288                0.0205                   0.1098       18.7205                   1130108
treated_hc     peer         0.9000          3                 208            208                0.1314               0.1201                0.0869                   0.9582       19.5113                   1130108

Saved ../../output/shift_share_summary_ebp90k3_cf_lsa_k3.csv
Done!
Universe: 1,860,867
FOIA anchors: 208
Treated markets: 46
W rows with weight: 1,783,003/1,860,867
W row sums: mean=1.0000, p5=1.0000, p95=1.0000

==============================================================================
version=hc
==============================================================================
FOIA PIs with treated shares: 208/208
FOIA row sums: mean=0.2693, sd=0.1989

--- EB ---
prior: peer
own weight: 0.90
anchors actually shrunk: 208/208
peer K: 10
FOIA exposure SD: 0.05634 -> 0.05182 (92.0% retained)
EB/raw slope: 0.919
EB/raw correlation: 0.999
max FOIA row-sum change: 2.220e-16

Universe exposure: mean=+0.02423, sd=0.03453
Mean sum imputed shares: 0.25261
cluster filter min FOIA=1: 1,130,108/1,860,867
LS filter: 1,130,108/1,130,108

--- Shock balance ---
  characteristic               beta         se       t       p
  log_total_spend           +0.1188     0.0410   +2.90   0.004
  log_lab_spend             +0.1070     0.0375   +2.86   0.004
  n_cats                    +0.0035     0.0014   +2.58   0.010
  lab_share                 -0.0210     0.4123   -0.05   0.959

Saved ../../output/final_imputed_shift_share_hc_ebp90k10_cf_lsa_k3.csv
Saved ../../output/imputed_shares_matrix_hc_ebp90k10_cf_lsa_k3.npz
Saved ../../output/imputed_shares_markets_hc_ebp90k10_cf_lsa_k3.csv

==============================================================================
version=all
==============================================================================
FOIA PIs with treated shares: 208/208
FOIA row sums: mean=0.1105, sd=0.1162

--- EB ---
prior: peer
own weight: 0.90
anchors actually shrunk: 208/208
peer K: 10
FOIA exposure SD: 0.03150 -> 0.02891 (91.8% retained)
EB/raw slope: 0.917
EB/raw correlation: 1.000
max FOIA row-sum change: 2.220e-16

Universe exposure: mean=+0.01226, sd=0.02056
Mean sum imputed shares: 0.10978
cluster filter min FOIA=1: 1,130,108/1,860,867
LS filter: 1,130,108/1,130,108

--- Shock balance ---
  characteristic               beta         se       t       p
  log_total_spend           +0.0540     0.0317   +1.70   0.089
  log_lab_spend             +0.0526     0.0308   +1.71   0.088
  n_cats                    +0.0020     0.0013   +1.51   0.130
  lab_share                 -0.4276     0.4963   -0.86   0.389

Saved ../../output/final_imputed_shift_share_all_ebp90k10_cf_lsa_k3.csv
Saved ../../output/imputed_shares_matrix_all_ebp90k10_cf_lsa_k3.npz
Saved ../../output/imputed_shares_markets_all_ebp90k10_cf_lsa_k3.csv

==============================================================================
version=treated_hc
==============================================================================
FOIA PIs with treated shares: 208/208
FOIA row sums: mean=1.0000, sd=0.0000

--- EB ---
prior: peer
own weight: 0.90
anchors actually shrunk: 208/208
peer K: 10
FOIA exposure SD: 0.13144 -> 0.11961 (91.0% retained)
EB/raw slope: 0.909
EB/raw correlation: 0.999
max FOIA row-sum change: 3.331e-16

Universe exposure: mean=+0.09235, sd=0.08584
Mean sum imputed shares: 0.95816
cluster filter min FOIA=1: 1,130,108/1,860,867
LS filter: 1,130,108/1,130,108

--- Shock balance ---
  characteristic               beta         se       t       p
  log_total_spend           +0.2133     0.0595   +3.59   0.000
  log_lab_spend             +0.1988     0.0555   +3.58   0.000
  n_cats                    +0.0053     0.0018   +2.99   0.003
  lab_share                 +0.1141     0.6364   +0.18   0.858

Saved ../../output/final_imputed_shift_share_treated_hc_ebp90k10_cf_lsa_k3.csv
Saved ../../output/imputed_shares_matrix_treated_hc_ebp90k10_cf_lsa_k3.npz
Saved ../../output/imputed_shares_markets_treated_hc_ebp90k10_cf_lsa_k3.csv

==============================================================================
SUMMARY
==============================================================================
   version eb_prior  eb_own_weight  eb_peer_k  n_foia_with_shares  n_foia_shrunk  foia_raw_exposure_sd  foia_eb_exposure_sd  universe_exposure_sd  mean_sum_imputed_shares  eff_n_shocks  n_universe_after_filters
        hc     peer         0.9000         10                 208            208                0.0563               0.0518                0.0345                   0.2526       19.4881                   1130108
       all     peer         0.9000         10                 208            208                0.0315               0.0289                0.0206                   0.1098       18.6498                   1130108
treated_hc     peer         0.9000         10                 208            208                0.1314               0.1196                0.0858                   0.9582       19.4952                   1130108

Saved ../../output/shift_share_summary_ebp90k10_cf_lsa_k3.csv
Done!
Universe: 1,860,867
FOIA anchors: 208
Treated markets: 46
W rows with weight: 1,783,003/1,860,867
W row sums: mean=1.0000, p5=1.0000, p95=1.0000

==============================================================================
version=hc
==============================================================================
FOIA PIs with treated shares: 208/208
FOIA row sums: mean=0.2693, sd=0.1989

--- EB ---
prior: cluster
own weight: 0.95
anchors actually shrunk: 200/208
FOIA exposure SD: 0.05634 -> 0.05385 (95.6% retained)
EB/raw slope: 0.955
EB/raw correlation: 1.000
max FOIA row-sum change: 1.665e-16

Universe exposure: mean=+0.02431, sd=0.03597
Mean sum imputed shares: 0.25261
cluster filter min FOIA=1: 1,130,108/1,860,867
LS filter: 1,130,108/1,130,108

--- Shock balance ---
  characteristic               beta         se       t       p
  log_total_spend           +0.1136     0.0393   +2.89   0.004
  log_lab_spend             +0.1029     0.0359   +2.86   0.004
  n_cats                    +0.0034     0.0013   +2.59   0.010
  lab_share                 -0.0125     0.3924   -0.03   0.975

Saved ../../output/final_imputed_shift_share_hc_ebc95_cf_lsa_k3.csv
Saved ../../output/imputed_shares_matrix_hc_ebc95_cf_lsa_k3.npz
Saved ../../output/imputed_shares_markets_hc_ebc95_cf_lsa_k3.csv

==============================================================================
version=all
==============================================================================
FOIA PIs with treated shares: 208/208
FOIA row sums: mean=0.1105, sd=0.1162

--- EB ---
prior: cluster
own weight: 0.95
anchors actually shrunk: 200/208
FOIA exposure SD: 0.03150 -> 0.02994 (95.1% retained)
EB/raw slope: 0.950
EB/raw correlation: 1.000
max FOIA row-sum change: 1.110e-16

Universe exposure: mean=+0.01239, sd=0.02135
Mean sum imputed shares: 0.10978
cluster filter min FOIA=1: 1,130,108/1,860,867
LS filter: 1,130,108/1,130,108

--- Shock balance ---
  characteristic               beta         se       t       p
  log_total_spend           +0.0520     0.0305   +1.70   0.088
  log_lab_spend             +0.0510     0.0296   +1.72   0.085
  n_cats                    +0.0020     0.0013   +1.54   0.123
  lab_share                 -0.3802     0.4718   -0.81   0.420

Saved ../../output/final_imputed_shift_share_all_ebc95_cf_lsa_k3.csv
Saved ../../output/imputed_shares_matrix_all_ebc95_cf_lsa_k3.npz
Saved ../../output/imputed_shares_markets_all_ebc95_cf_lsa_k3.csv

==============================================================================
version=treated_hc
==============================================================================
FOIA PIs with treated shares: 208/208
FOIA row sums: mean=1.0000, sd=0.0000

--- EB ---
prior: cluster
own weight: 0.95
anchors actually shrunk: 200/208
FOIA exposure SD: 0.13144 -> 0.12564 (95.6% retained)
EB/raw slope: 0.956
EB/raw correlation: 1.000
max FOIA row-sum change: 3.331e-16

Universe exposure: mean=+0.09246, sd=0.09007
Mean sum imputed shares: 0.95816
cluster filter min FOIA=1: 1,130,108/1,860,867
LS filter: 1,130,108/1,130,108

--- Shock balance ---
  characteristic               beta         se       t       p
  log_total_spend           +0.2015     0.0564   +3.57   0.000
  log_lab_spend             +0.1892     0.0527   +3.59   0.000
  n_cats                    +0.0050     0.0017   +3.02   0.002
  lab_share                 +0.1155     0.6058   +0.19   0.849

Saved ../../output/final_imputed_shift_share_treated_hc_ebc95_cf_lsa_k3.csv
Saved ../../output/imputed_shares_matrix_treated_hc_ebc95_cf_lsa_k3.npz
Saved ../../output/imputed_shares_markets_treated_hc_ebc95_cf_lsa_k3.csv

==============================================================================
SUMMARY
==============================================================================
   version eb_prior  eb_own_weight  eb_peer_k  n_foia_with_shares  n_foia_shrunk  foia_raw_exposure_sd  foia_eb_exposure_sd  universe_exposure_sd  mean_sum_imputed_shares  eff_n_shocks  n_universe_after_filters
        hc  cluster         0.9500        NaN                 208            200                0.0563               0.0538                0.0360                   0.2526       19.3094                   1130108
       all  cluster         0.9500        NaN                 208            200                0.0315               0.0299                0.0213                   0.1098       18.3699                   1130108
treated_hc  cluster         0.9500        NaN                 208            200                0.1314               0.1256                0.0901                   0.9582       19.4539                   1130108

Saved ../../output/shift_share_summary_ebc95_cf_lsa_k3.csv
Done!
Universe: 1,860,867
FOIA anchors: 208
Treated markets: 46
W rows with weight: 1,783,003/1,860,867
W row sums: mean=1.0000, p5=1.0000, p95=1.0000

==============================================================================
version=hc
==============================================================================
FOIA PIs with treated shares: 208/208
FOIA row sums: mean=0.2693, sd=0.1989

--- EB ---
prior: cluster
own weight: 0.90
anchors actually shrunk: 200/208
FOIA exposure SD: 0.05634 -> 0.05138 (91.2% retained)
EB/raw slope: 0.911
EB/raw correlation: 0.999
max FOIA row-sum change: 2.220e-16

Universe exposure: mean=+0.02413, sd=0.03438
Mean sum imputed shares: 0.25261
cluster filter min FOIA=1: 1,130,108/1,860,867
LS filter: 1,130,108/1,130,108

--- Shock balance ---
  characteristic               beta         se       t       p
  log_total_spend           +0.1194     0.0405   +2.95   0.003
  log_lab_spend             +0.1083     0.0370   +2.92   0.003
  n_cats                    +0.0036     0.0014   +2.63   0.008
  lab_share                 -0.0026     0.4098   -0.01   0.995

Saved ../../output/final_imputed_shift_share_hc_ebc90_cf_lsa_k3.csv
Saved ../../output/imputed_shares_matrix_hc_ebc90_cf_lsa_k3.npz
Saved ../../output/imputed_shares_markets_hc_ebc90_cf_lsa_k3.csv

==============================================================================
version=all
==============================================================================
FOIA PIs with treated shares: 208/208
FOIA row sums: mean=0.1105, sd=0.1162

--- EB ---
prior: cluster
own weight: 0.90
anchors actually shrunk: 200/208
FOIA exposure SD: 0.03150 -> 0.02840 (90.2% retained)
EB/raw slope: 0.901
EB/raw correlation: 0.999
max FOIA row-sum change: 2.220e-16

Universe exposure: mean=+0.01221, sd=0.02027
Mean sum imputed shares: 0.10978
cluster filter min FOIA=1: 1,130,108/1,860,867
LS filter: 1,130,108/1,130,108

--- Shock balance ---
  characteristic               beta         se       t       p
  log_total_spend           +0.0563     0.0315   +1.79   0.074
  log_lab_spend             +0.0552     0.0305   +1.81   0.071
  n_cats                    +0.0021     0.0013   +1.62   0.106
  lab_share                 -0.3623     0.4925   -0.74   0.462

Saved ../../output/final_imputed_shift_share_all_ebc90_cf_lsa_k3.csv
Saved ../../output/imputed_shares_matrix_all_ebc90_cf_lsa_k3.npz
Saved ../../output/imputed_shares_markets_all_ebc90_cf_lsa_k3.csv

==============================================================================
version=treated_hc
==============================================================================
FOIA PIs with treated shares: 208/208
FOIA row sums: mean=1.0000, sd=0.0000

--- EB ---
prior: cluster
own weight: 0.90
anchors actually shrunk: 200/208
FOIA exposure SD: 0.13144 -> 0.11992 (91.2% retained)
EB/raw slope: 0.911
EB/raw correlation: 0.999
max FOIA row-sum change: 4.441e-16

Universe exposure: mean=+0.09188, sd=0.08663
Mean sum imputed shares: 0.95816
cluster filter min FOIA=1: 1,130,108/1,860,867
LS filter: 1,130,108/1,130,108

--- Shock balance ---
  characteristic               beta         se       t       p
  log_total_spend           +0.2131     0.0586   +3.64   0.000
  log_lab_spend             +0.2000     0.0546   +3.66   0.000
  n_cats                    +0.0053     0.0017   +3.07   0.002
  lab_share                 +0.1586     0.6366   +0.25   0.803

Saved ../../output/final_imputed_shift_share_treated_hc_ebc90_cf_lsa_k3.csv
Saved ../../output/imputed_shares_matrix_treated_hc_ebc90_cf_lsa_k3.npz
Saved ../../output/imputed_shares_markets_treated_hc_ebc90_cf_lsa_k3.csv

==============================================================================
SUMMARY
==============================================================================
   version eb_prior  eb_own_weight  eb_peer_k  n_foia_with_shares  n_foia_shrunk  foia_raw_exposure_sd  foia_eb_exposure_sd  universe_exposure_sd  mean_sum_imputed_shares  eff_n_shocks  n_universe_after_filters
        hc  cluster         0.9000        NaN                 208            200                0.0563               0.0514                0.0344                   0.2526       19.5405                   1130108
       all  cluster         0.9000        NaN                 208            200                0.0315               0.0284                0.0203                   0.1098       18.6416                   1130108
treated_hc  cluster         0.9000        NaN                 208            200                0.1314               0.1199                0.0866                   0.9582       19.5875                   1130108

Saved ../../output/shift_share_summary_ebc90_cf_lsa_k3.csv
Done!
Universe: 1,860,867
FOIA anchors: 208
Treated markets: 46
W rows with weight: 1,783,003/1,860,867
W row sums: mean=1.0000, p5=1.0000, p95=1.0000

==============================================================================
version=hc
==============================================================================
FOIA PIs with treated shares: 208/208
FOIA row sums: mean=0.2693, sd=0.1989

--- EB ---
prior: cluster
own weight: 0.85
anchors actually shrunk: 200/208
FOIA exposure SD: 0.05634 -> 0.04896 (86.9% retained)
EB/raw slope: 0.866
EB/raw correlation: 0.997
max FOIA row-sum change: 2.220e-16

Universe exposure: mean=+0.02396, sd=0.03282
Mean sum imputed shares: 0.25261
cluster filter min FOIA=1: 1,130,108/1,860,867
LS filter: 1,130,108/1,130,108

--- Shock balance ---
  characteristic               beta         se       t       p
  log_total_spend           +0.1257     0.0417   +3.01   0.003
  log_lab_spend             +0.1141     0.0382   +2.99   0.003
  n_cats                    +0.0038     0.0014   +2.68   0.007
  lab_share                 +0.0094     0.4288   +0.02   0.983

Saved ../../output/final_imputed_shift_share_hc_ebc85_cf_lsa_k3.csv
Saved ../../output/imputed_shares_matrix_hc_ebc85_cf_lsa_k3.npz
Saved ../../output/imputed_shares_markets_hc_ebc85_cf_lsa_k3.csv

==============================================================================
version=all
==============================================================================
FOIA PIs with treated shares: 208/208
FOIA row sums: mean=0.1105, sd=0.1162

--- EB ---
prior: cluster
own weight: 0.85
anchors actually shrunk: 200/208
FOIA exposure SD: 0.03150 -> 0.02687 (85.3% retained)
EB/raw slope: 0.851
EB/raw correlation: 0.998
max FOIA row-sum change: 1.110e-16

Universe exposure: mean=+0.01202, sd=0.01920
Mean sum imputed shares: 0.10978
cluster filter min FOIA=1: 1,130,108/1,860,867
LS filter: 1,130,108/1,130,108

--- Shock balance ---
  characteristic               beta         se       t       p
  log_total_spend           +0.0611     0.0326   +1.87   0.061
  log_lab_spend             +0.0598     0.0315   +1.90   0.058
  n_cats                    +0.0023     0.0014   +1.70   0.089
  lab_share                 -0.3389     0.5147   -0.66   0.510

Saved ../../output/final_imputed_shift_share_all_ebc85_cf_lsa_k3.csv
Saved ../../output/imputed_shares_matrix_all_ebc85_cf_lsa_k3.npz
Saved ../../output/imputed_shares_markets_all_ebc85_cf_lsa_k3.csv

==============================================================================
version=treated_hc
==============================================================================
FOIA PIs with treated shares: 208/208
FOIA row sums: mean=1.0000, sd=0.0000

--- EB ---
prior: cluster
own weight: 0.85
anchors actually shrunk: 200/208
FOIA exposure SD: 0.13144 -> 0.11429 (86.9% retained)
EB/raw slope: 0.867
EB/raw correlation: 0.997
max FOIA row-sum change: 3.331e-16

Universe exposure: mean=+0.09131, sd=0.08327
Mean sum imputed shares: 0.95816
cluster filter min FOIA=1: 1,130,108/1,860,867
LS filter: 1,130,108/1,130,108

--- Shock balance ---
  characteristic               beta         se       t       p
  log_total_spend           +0.2257     0.0609   +3.70   0.000
  log_lab_spend             +0.2117     0.0568   +3.73   0.000
  n_cats                    +0.0057     0.0018   +3.12   0.002
  lab_share                 +0.2101     0.6698   +0.31   0.754

Saved ../../output/final_imputed_shift_share_treated_hc_ebc85_cf_lsa_k3.csv
Saved ../../output/imputed_shares_matrix_treated_hc_ebc85_cf_lsa_k3.npz
Saved ../../output/imputed_shares_markets_treated_hc_ebc85_cf_lsa_k3.csv

==============================================================================
SUMMARY
==============================================================================
   version eb_prior  eb_own_weight  eb_peer_k  n_foia_with_shares  n_foia_shrunk  foia_raw_exposure_sd  foia_eb_exposure_sd  universe_exposure_sd  mean_sum_imputed_shares  eff_n_shocks  n_universe_after_filters
        hc  cluster         0.8500        NaN                 208            200                0.0563               0.0490                0.0328                   0.2526       19.7560                   1130108
       all  cluster         0.8500        NaN                 208            200                0.0315               0.0269                0.0192                   0.1098       18.8952                   1130108
treated_hc  cluster         0.8500        NaN                 208            200                0.1314               0.1143                0.0833                   0.9582       19.7126                   1130108

Saved ../../output/shift_share_summary_ebc85_cf_lsa_k3.csv
Done!
Universe: 1,860,867
FOIA anchors: 208
Treated markets: 46
W rows with weight: 1,783,003/1,860,867
W row sums: mean=1.0000, p5=1.0000, p95=1.0000

==============================================================================
version=hc
==============================================================================
FOIA PIs with treated shares: 208/208
FOIA row sums: mean=0.2693, sd=0.1989

--- EB ---
prior: peer
own weight: 0.90
anchors actually shrunk: 208/208
peer K: 5
FOIA exposure SD: 0.05634 -> 0.05210 (92.5% retained)
EB/raw slope: 0.924
EB/raw correlation: 0.999
max FOIA row-sum change: 2.220e-16

Universe exposure: mean=+0.02425, sd=0.03475
Mean sum imputed shares: 0.25261
LS filter: 1,420,921/1,860,867

--- Shock balance ---
  characteristic               beta         se       t       p
  log_total_spend           +0.1188     0.0408   +2.91   0.004
  log_lab_spend             +0.1067     0.0373   +2.86   0.004
  n_cats                    +0.0035     0.0014   +2.61   0.009
  lab_share                 -0.0317     0.4103   -0.08   0.939

Saved ../../output/final_imputed_shift_share_hc_ebp90k5_lsa_k3.csv
Saved ../../output/imputed_shares_matrix_hc_ebp90k5_lsa_k3.npz
Saved ../../output/imputed_shares_markets_hc_ebp90k5_lsa_k3.csv

==============================================================================
version=all
==============================================================================
FOIA PIs with treated shares: 208/208
FOIA row sums: mean=0.1105, sd=0.1162

--- EB ---
prior: peer
own weight: 0.90
anchors actually shrunk: 208/208
peer K: 5
FOIA exposure SD: 0.03150 -> 0.02909 (92.4% retained)
EB/raw slope: 0.923
EB/raw correlation: 1.000
max FOIA row-sum change: 1.110e-16

Universe exposure: mean=+0.01227, sd=0.02069
Mean sum imputed shares: 0.10978
LS filter: 1,420,921/1,860,867

--- Shock balance ---
  characteristic               beta         se       t       p
  log_total_spend           +0.0534     0.0316   +1.69   0.091
  log_lab_spend             +0.0519     0.0306   +1.70   0.090
  n_cats                    +0.0020     0.0013   +1.53   0.125
  lab_share                 -0.4411     0.4935   -0.89   0.371

Saved ../../output/final_imputed_shift_share_all_ebp90k5_lsa_k3.csv
Saved ../../output/imputed_shares_matrix_all_ebp90k5_lsa_k3.npz
Saved ../../output/imputed_shares_markets_all_ebp90k5_lsa_k3.csv

==============================================================================
version=treated_hc
==============================================================================
FOIA PIs with treated shares: 208/208
FOIA row sums: mean=1.0000, sd=0.0000

--- EB ---
prior: peer
own weight: 0.90
anchors actually shrunk: 208/208
peer K: 5
FOIA exposure SD: 0.13144 -> 0.11986 (91.2% retained)
EB/raw slope: 0.911
EB/raw correlation: 0.999
max FOIA row-sum change: 4.441e-16

Universe exposure: mean=+0.09259, sd=0.08646
Mean sum imputed shares: 0.95816
LS filter: 1,420,921/1,860,867

--- Shock balance ---
  characteristic               beta         se       t       p
  log_total_spend           +0.2164     0.0593   +3.65   0.000
  log_lab_spend             +0.2009     0.0553   +3.63   0.000
  n_cats                    +0.0054     0.0018   +3.06   0.002
  lab_share                 +0.0959     0.6321   +0.15   0.879

Saved ../../output/final_imputed_shift_share_treated_hc_ebp90k5_lsa_k3.csv
Saved ../../output/imputed_shares_matrix_treated_hc_ebp90k5_lsa_k3.npz
Saved ../../output/imputed_shares_markets_treated_hc_ebp90k5_lsa_k3.csv

==============================================================================
SUMMARY
==============================================================================
   version eb_prior  eb_own_weight  eb_peer_k  n_foia_with_shares  n_foia_shrunk  foia_raw_exposure_sd  foia_eb_exposure_sd  universe_exposure_sd  mean_sum_imputed_shares  eff_n_shocks  n_universe_after_filters
        hc     peer         0.9000          5                 208            208                0.0563               0.0521                0.0348                   0.2526       19.5201                   1420921
       all     peer         0.9000          5                 208            208                0.0315               0.0291                0.0207                   0.1098       18.6816                   1420921
treated_hc     peer         0.9000          5                 208            208                0.1314               0.1199                0.0865                   0.9582       19.4923                   1420921

Saved ../../output/shift_share_summary_ebp90k5_lsa_k3.csv
Done!
Universe: 1,860,867
FOIA anchors: 208
Treated markets: 46
W rows with weight: 1,783,003/1,860,867
W row sums: mean=1.0000, p5=1.0000, p95=1.0000

==============================================================================
version=hc
==============================================================================
FOIA PIs with treated shares: 208/208
FOIA row sums: mean=0.2693, sd=0.1989

--- EB ---
prior: peer
own weight: 0.90
anchors actually shrunk: 208/208
peer K: 5
FOIA exposure SD: 0.05634 -> 0.05210 (92.5% retained)
EB/raw slope: 0.924
EB/raw correlation: 0.999
max FOIA row-sum change: 2.220e-16

Universe exposure: mean=+0.02425, sd=0.03475
Mean sum imputed shares: 0.25261
cluster filter min FOIA=1: 1,613,853/1,860,867

--- Shock balance ---
  characteristic               beta         se       t       p
  log_total_spend           +0.1188     0.0408   +2.91   0.004
  log_lab_spend             +0.1067     0.0373   +2.86   0.004
  n_cats                    +0.0035     0.0014   +2.61   0.009
  lab_share                 -0.0317     0.4103   -0.08   0.939

Saved ../../output/final_imputed_shift_share_hc_ebp90k5_cf_k3.csv
Saved ../../output/imputed_shares_matrix_hc_ebp90k5_cf_k3.npz
Saved ../../output/imputed_shares_markets_hc_ebp90k5_cf_k3.csv

==============================================================================
version=all
==============================================================================
FOIA PIs with treated shares: 208/208
FOIA row sums: mean=0.1105, sd=0.1162

--- EB ---
prior: peer
own weight: 0.90
anchors actually shrunk: 208/208
peer K: 5
FOIA exposure SD: 0.03150 -> 0.02909 (92.4% retained)
EB/raw slope: 0.923
EB/raw correlation: 1.000
max FOIA row-sum change: 1.110e-16

Universe exposure: mean=+0.01227, sd=0.02069
Mean sum imputed shares: 0.10978
cluster filter min FOIA=1: 1,613,853/1,860,867

--- Shock balance ---
  characteristic               beta         se       t       p
  log_total_spend           +0.0534     0.0316   +1.69   0.091
  log_lab_spend             +0.0519     0.0306   +1.70   0.090
  n_cats                    +0.0020     0.0013   +1.53   0.125
  lab_share                 -0.4411     0.4935   -0.89   0.371

Saved ../../output/final_imputed_shift_share_all_ebp90k5_cf_k3.csv
Saved ../../output/imputed_shares_matrix_all_ebp90k5_cf_k3.npz
Saved ../../output/imputed_shares_markets_all_ebp90k5_cf_k3.csv

==============================================================================
version=treated_hc
==============================================================================
FOIA PIs with treated shares: 208/208
FOIA row sums: mean=1.0000, sd=0.0000

--- EB ---
prior: peer
own weight: 0.90
anchors actually shrunk: 208/208
peer K: 5
FOIA exposure SD: 0.13144 -> 0.11986 (91.2% retained)
EB/raw slope: 0.911
EB/raw correlation: 0.999
max FOIA row-sum change: 4.441e-16

Universe exposure: mean=+0.09259, sd=0.08646
Mean sum imputed shares: 0.95816
cluster filter min FOIA=1: 1,613,853/1,860,867

--- Shock balance ---
  characteristic               beta         se       t       p
  log_total_spend           +0.2164     0.0593   +3.65   0.000
  log_lab_spend             +0.2009     0.0553   +3.63   0.000
  n_cats                    +0.0054     0.0018   +3.06   0.002
  lab_share                 +0.0959     0.6321   +0.15   0.879

Saved ../../output/final_imputed_shift_share_treated_hc_ebp90k5_cf_k3.csv
Saved ../../output/imputed_shares_matrix_treated_hc_ebp90k5_cf_k3.npz
Saved ../../output/imputed_shares_markets_treated_hc_ebp90k5_cf_k3.csv

==============================================================================
SUMMARY
==============================================================================
   version eb_prior  eb_own_weight  eb_peer_k  n_foia_with_shares  n_foia_shrunk  foia_raw_exposure_sd  foia_eb_exposure_sd  universe_exposure_sd  mean_sum_imputed_shares  eff_n_shocks  n_universe_after_filters
        hc     peer         0.9000          5                 208            208                0.0563               0.0521                0.0348                   0.2526       19.5201                   1613853
       all     peer         0.9000          5                 208            208                0.0315               0.0291                0.0207                   0.1098       18.6816                   1613853
treated_hc     peer         0.9000          5                 208            208                0.1314               0.1199                0.0865                   0.9582       19.4923                   1613853

Saved ../../output/shift_share_summary_ebp90k5_cf_k3.csv
Done!
Universe: 1,860,867
FOIA anchors: 208
Treated markets: 46
W rows with weight: 1,783,003/1,860,867
W row sums: mean=1.0000, p5=1.0000, p95=1.0000

==============================================================================
version=hc
==============================================================================
FOIA PIs with treated shares: 208/208
FOIA row sums: mean=0.2693, sd=0.1989

--- EB ---
prior: cluster
own weight: 0.90
anchors actually shrunk: 197/208
FOIA exposure SD: 0.05634 -> 0.05213 (92.5% retained)
EB/raw slope: 0.924
EB/raw correlation: 0.998
max FOIA row-sum change: 4.441e-16

Universe exposure: mean=+0.02402, sd=0.03526
Mean sum imputed shares: 0.25261
cluster filter min FOIA=1: 1,613,853/1,860,867

--- Shock balance ---
  characteristic               beta         se       t       p
  log_total_spend           +0.1171     0.0405   +2.89   0.004
  log_lab_spend             +0.1062     0.0370   +2.87   0.004
  n_cats                    +0.0035     0.0013   +2.57   0.010
  lab_share                 -0.0054     0.3975   -0.01   0.989

Saved ../../output/final_imputed_shift_share_hc_ebc90_cf_k3.csv
Saved ../../output/imputed_shares_matrix_hc_ebc90_cf_k3.npz
Saved ../../output/imputed_shares_markets_hc_ebc90_cf_k3.csv

==============================================================================
version=all
==============================================================================
FOIA PIs with treated shares: 208/208
FOIA row sums: mean=0.1105, sd=0.1162

--- EB ---
prior: cluster
own weight: 0.90
anchors actually shrunk: 197/208
FOIA exposure SD: 0.03150 -> 0.02907 (92.3% retained)
EB/raw slope: 0.922
EB/raw correlation: 0.999
max FOIA row-sum change: 2.220e-16

Universe exposure: mean=+0.01221, sd=0.02088
Mean sum imputed shares: 0.10978
cluster filter min FOIA=1: 1,613,853/1,860,867

--- Shock balance ---
  characteristic               beta         se       t       p
  log_total_spend           +0.0544     0.0314   +1.73   0.083
  log_lab_spend             +0.0533     0.0305   +1.75   0.080
  n_cats                    +0.0020     0.0013   +1.53   0.126
  lab_share                 -0.3985     0.4794   -0.83   0.406

Saved ../../output/final_imputed_shift_share_all_ebc90_cf_k3.csv
Saved ../../output/imputed_shares_matrix_all_ebc90_cf_k3.npz
Saved ../../output/imputed_shares_markets_all_ebc90_cf_k3.csv

==============================================================================
version=treated_hc
==============================================================================
FOIA PIs with treated shares: 208/208
FOIA row sums: mean=1.0000, sd=0.0000

--- EB ---
prior: cluster
own weight: 0.90
anchors actually shrunk: 197/208
FOIA exposure SD: 0.13144 -> 0.12116 (92.2% retained)
EB/raw slope: 0.920
EB/raw correlation: 0.998
max FOIA row-sum change: 4.441e-16

Universe exposure: mean=+0.09157, sd=0.08782
Mean sum imputed shares: 0.95816
cluster filter min FOIA=1: 1,613,853/1,860,867

--- Shock balance ---
  characteristic               beta         se       t       p
  log_total_spend           +0.2098     0.0588   +3.57   0.000
  log_lab_spend             +0.1956     0.0547   +3.57   0.000
  n_cats                    +0.0052     0.0017   +3.00   0.003
  lab_share                 +0.1378     0.6231   +0.22   0.825

Saved ../../output/final_imputed_shift_share_treated_hc_ebc90_cf_k3.csv
Saved ../../output/imputed_shares_matrix_treated_hc_ebc90_cf_k3.npz
Saved ../../output/imputed_shares_markets_treated_hc_ebc90_cf_k3.csv

==============================================================================
SUMMARY
==============================================================================
   version eb_prior  eb_own_weight  eb_peer_k  n_foia_with_shares  n_foia_shrunk  foia_raw_exposure_sd  foia_eb_exposure_sd  universe_exposure_sd  mean_sum_imputed_shares  eff_n_shocks  n_universe_after_filters
        hc  cluster         0.9000        NaN                 208            197                0.0563               0.0521                0.0353                   0.2526       19.3508                   1613853
       all  cluster         0.9000        NaN                 208            197                0.0315               0.0291                0.0209                   0.1098       18.6467                   1613853
treated_hc  cluster         0.9000        NaN                 208            197                0.1314               0.1212                0.0878                   0.9582       19.6565                   1613853

Saved ../../output/shift_share_summary_ebc90_cf_k3.csv
Done!
