Stage: full   CPUs: 48
Using N_JOBS=48 for parallel transform
Output tag suffix: ''
Loading Universe Data...
Total authors loaded: 1856154
Filtering empty text...
Dropped 0 authors with no text.
Final Universe Size: 1856154
Loading FOIA Data...
FOIA PIs: 208
--keep-authors ../../external/us_appended_text/life_science_authors_union.csv: universe 1,856,154 -> 1,735,923; FOIA PIs on list: 202/208
Fitting vectorizer (min_df=5, max_df=0.15, max_features=100000)...
  fit on 500,000-row universe sample + 208 FOIA docs (min_df=1)...
Vocab size after fit: 100000
Transforming FOIA...
FOIA-aware prune (min=2, max_frac=0.85): keeping 23659 / 100000 features (dropped 76341)
Transforming universe in 87 chunks of ≤20,000 rows across 48 workers...
[Parallel(n_jobs=48)]: Using backend LokyBackend with 48 concurrent workers.
[Parallel(n_jobs=48)]: Done  10 out of  87 | elapsed:   21.4s remaining:  2.7min
[Parallel(n_jobs=48)]: Done  28 out of  87 | elapsed:   37.4s remaining:  1.3min
[Parallel(n_jobs=48)]: Done  46 out of  87 | elapsed:   51.9s remaining:   46.2s
[Parallel(n_jobs=48)]: Done  64 out of  87 | elapsed:  1.1min remaining:   23.8s
[Parallel(n_jobs=48)]: Done  82 out of  87 | elapsed:  1.4min remaining:    4.9s
[Parallel(n_jobs=48)]: Done  87 out of  87 | elapsed:  1.4min finished
Universe Matrix Shape: (1735923, 23659)
FOIA Matrix Shape:     (208, 23659)
Saving Sparse Matrices...
Saving ID Lists...
Saving Feature Names (Vocabulary)...
Vectorization Complete.
######## k=5  (weights tag: '<untagged>') ########
Recipe: K=5  sharpen=2.0  floor=0.05  unmatched<0.05  L1_normalize=True
Using N_JOBS=48 threads  tag=''
Loading TF-IDF Matrices...
Universe Authors: 1,735,923
FOIA PIs (Targets): 208
X_foia dense size: 19.7 MB
Computing top-5 weights in parallel (batch=25,000)...
[Parallel(n_jobs=48)]: Using backend ThreadingBackend with 48 concurrent workers.
[Parallel(n_jobs=48)]: Done   5 out of  70 | elapsed:    0.9s remaining:   12.1s
[Parallel(n_jobs=48)]: Done  20 out of  70 | elapsed:    1.2s remaining:    3.0s
[Parallel(n_jobs=48)]: Done  35 out of  70 | elapsed:    1.3s remaining:    1.3s
[Parallel(n_jobs=48)]: Done  50 out of  70 | elapsed:    1.4s remaining:    0.6s
[Parallel(n_jobs=48)]: Done  65 out of  70 | elapsed:    1.6s remaining:    0.1s
[Parallel(n_jobs=48)]: Done  70 out of  70 | elapsed:    1.6s finished
Merging results...
Total non-zero weights: 7,281,417
Unmatched authors (max sim < 0.05): 74,682 (4.30%)
Mean max-similarity:   0.1140
Median max-similarity: 0.1033
Saving weight matrix -> ../../output/weight_matrix.npz
Saving per-author match diagnostics...
Done. Weights precomputed.
=== k=5  unfiltered ===
Loading universe + FOIA id orders ...
Loading shocks from /n/holylabs/LABS/pakes_lab/Lab/sci_eq/analysis/first_stage/output/did_coefs_eb_price.dta ...
  markets with shocks: 46
  g_k stats: mean=0.0669  sd=0.1804  min=-0.3961  max=0.7120
Loading W (tag='') ...
  W shape: (1735923, 208)  nnz: 7,281,417
  W rows with any weight: 1,661,241/1,735,923
  W row-sum stats (nonzero rows): mean=1.0000  p5=1.0000  p95=1.0000
Computing FOIA pre-period characteristics ...

==============================================================================
version=hc   tag=''
==============================================================================
Building FOIA share matrix S from ../../external/exposure_wts/athr_exposure_by_category_hc.dta (version=hc) ...
  S shape: (208, 46)  nnz: 1,414  density: 0.1478
  FOIA PIs with >=1 treated-market share: 208 / 208
  per-market coverage: min=3  p5=3  p50=27  p95=66  max=106
Imputing shares  S_hat = W @ S  ...
Aggregating: z_hat = S_hat @ g,  S_sum = rowsum(S_hat) ...
  effective number of shocks (BHJ-style): 18.57

  --- Exposure level comparison ---
  Self-imputed FOIA exposure (S @ g):
    n nonzero PIs: 208/208
    mean=+0.02785  sd=0.06257  med=+0.01274
  Universe imputed exposure (S_hat @ g):
    n nonzero authors: 1,661,241/1,735,923
    mean=+0.02950  sd=0.03532  med=+0.02243

--- Shock balance (Borusyak-Hull-Jaravel) ---
  Regression: g_k = a + b * X_bar_k + e,  weights = Sum_i s_ik
  H0: shocks are quasi-randomly assigned wrt pre-period X => b approx 0

  characteristic                beta          se        t       p
  log_total_spend            +0.1198      0.0402    +2.98   0.003
  log_lab_spend              +0.1076      0.0365    +2.95   0.003
  n_cats                     +0.0034      0.0013    +2.57   0.010
  lab_share                  +0.0342      0.4011    +0.09   0.932
  top-10 |Rotemberg weight| markets:
    us fbs                                    alpha_k=+0.717  s_bar=0.0421  g=+0.4812
    site-directed mutagenesis systems         alpha_k=-0.138  s_bar=0.0098  g=-0.3961
    chemiluminescent substrates               alpha_k=+0.121  s_bar=0.0222  g=+0.1540
    first-strand cdna synthesis systems       alpha_k=+0.083  s_bar=0.0119  g=+0.1964
    pre-cast bis-tris gels                    alpha_k=+0.073  s_bar=0.0069  g=+0.2985
    column-based microbial dna purification kits  alpha_k=+0.070  s_bar=0.0052  g=+0.3817
    column-based gel dna extraction kits      alpha_k=-0.060  s_bar=0.0177  g=-0.0957
    cell culture nutritional supplements - tryptone  alpha_k=+0.047  s_bar=0.0090  g=+0.1471
    rnase inhibitors                          alpha_k=-0.043  s_bar=0.0055  g=-0.2215
    cell culture dissociation reagents        alpha_k=+0.035  s_bar=0.0039  g=+0.2543
  Saved ../../output/shock_balance_hc.csv
  Saved ../../output/final_imputed_shift_share_hc.csv
  Saved ../../output/imputed_shares_matrix_hc.npz  (universe x K_treated imputed share matrix)
  Saved ../../output/imputed_shares_markets_hc.csv

==============================================================================
version=all   tag=''
==============================================================================
Building FOIA share matrix S from ../../external/exposure_wts/athr_exposure_by_category_all.dta (version=all) ...
  S shape: (208, 46)  nnz: 1,414  density: 0.1478
  FOIA PIs with >=1 treated-market share: 208 / 208
  per-market coverage: min=3  p5=3  p50=27  p95=66  max=106
Imputing shares  S_hat = W @ S  ...
Aggregating: z_hat = S_hat @ g,  S_sum = rowsum(S_hat) ...
  effective number of shocks (BHJ-style): 18.30

  --- Exposure level comparison ---
  Self-imputed FOIA exposure (S @ g):
    n nonzero PIs: 208/208
    mean=+0.01248  sd=0.03320  med=+0.00472
  Universe imputed exposure (S_hat @ g):
    n nonzero authors: 1,661,241/1,735,923
    mean=+0.01337  sd=0.01882  med=+0.00910

--- Shock balance (Borusyak-Hull-Jaravel) ---
  Regression: g_k = a + b * X_bar_k + e,  weights = Sum_i s_ik
  H0: shocks are quasi-randomly assigned wrt pre-period X => b approx 0

  characteristic                beta          se        t       p
  log_total_spend            +0.0543      0.0310    +1.75   0.080
  log_lab_spend              +0.0541      0.0299    +1.81   0.071
  n_cats                     +0.0020      0.0013    +1.56   0.120
  lab_share                  -0.2409      0.4557    -0.53   0.597
  top-10 |Rotemberg weight| markets:
    us fbs                                    alpha_k=+0.611  s_bar=0.0162  g=+0.4812
    column-based microbial dna purification kits  alpha_k=+0.138  s_bar=0.0046  g=+0.3817
    chemiluminescent substrates               alpha_k=+0.122  s_bar=0.0101  g=+0.1540
    site-directed mutagenesis systems         alpha_k=-0.099  s_bar=0.0032  g=-0.3961
    first-strand cdna synthesis systems       alpha_k=+0.092  s_bar=0.0060  g=+0.1964
    pre-cast bis-tris gels                    alpha_k=+0.067  s_bar=0.0029  g=+0.2985
    cell culture nutritional supplements - tryptone  alpha_k=+0.051  s_bar=0.0044  g=+0.1471
    column-based gel dna extraction kits      alpha_k=-0.047  s_bar=0.0063  g=-0.0957
    rnase inhibitors                          alpha_k=-0.034  s_bar=0.0020  g=-0.2215
    cell culture dissociation reagents        alpha_k=+0.030  s_bar=0.0015  g=+0.2543
  Saved ../../output/shock_balance_all.csv
  Saved ../../output/final_imputed_shift_share_all.csv
  Saved ../../output/imputed_shares_matrix_all.npz  (universe x K_treated imputed share matrix)
  Saved ../../output/imputed_shares_markets_all.csv

==============================================================================
version=treated_hc   tag=''
==============================================================================
Building FOIA share matrix S from ../../external/exposure_wts/athr_exposure_by_category_treated_hc.dta (version=treated_hc) ...
  S shape: (208, 46)  nnz: 1,414  density: 0.1478
  FOIA PIs with >=1 treated-market share: 208 / 208
  per-market coverage: min=3  p5=3  p50=27  p95=66  max=106
Imputing shares  S_hat = W @ S  ...
Aggregating: z_hat = S_hat @ g,  S_sum = rowsum(S_hat) ...
  effective number of shocks (BHJ-style): 19.29

  --- Exposure level comparison ---
  Self-imputed FOIA exposure (S @ g):
    n nonzero PIs: 208/208
    mean=+0.08214  sd=0.13374  med=+0.06186
  Universe imputed exposure (S_hat @ g):
    n nonzero authors: 1,661,241/1,735,923
    mean=+0.09630  sd=0.08104  med=+0.08982

--- Shock balance (Borusyak-Hull-Jaravel) ---
  Regression: g_k = a + b * X_bar_k + e,  weights = Sum_i s_ik
  H0: shocks are quasi-randomly assigned wrt pre-period X => b approx 0

  characteristic                beta          se        t       p
  log_total_spend            +0.1895      0.0558    +3.40   0.001
  log_lab_spend              +0.1772      0.0520    +3.41   0.001
  n_cats                     +0.0044      0.0016    +2.67   0.008
  lab_share                  +0.1381      0.5837    +0.24   0.813
  top-10 |Rotemberg weight| markets:
    us fbs                                    alpha_k=+0.640  s_bar=0.1225  g=+0.4812
    chemiluminescent substrates               alpha_k=+0.156  s_bar=0.0932  g=+0.1540
    site-directed mutagenesis systems         alpha_k=-0.131  s_bar=0.0304  g=-0.3961
    first-strand cdna synthesis systems       alpha_k=+0.107  s_bar=0.0502  g=+0.1964
    cell culture nutritional supplements - tryptone  alpha_k=+0.062  s_bar=0.0387  g=+0.1471
    pre-cast bis-tris gels                    alpha_k=+0.056  s_bar=0.0174  g=+0.2985
    acrylamide-bis solution                   alpha_k=+0.048  s_bar=0.0410  g=+0.1082
    column-based gel dna extraction kits      alpha_k=-0.045  s_bar=0.0429  g=-0.0957
    column-based dna plasmid miniprep         alpha_k=+0.032  s_bar=0.0226  g=+0.1307
    rnase inhibitors                          alpha_k=-0.030  s_bar=0.0125  g=-0.2215
  Saved ../../output/shock_balance_treated_hc.csv
  Saved ../../output/final_imputed_shift_share_treated_hc.csv
  Saved ../../output/imputed_shares_matrix_treated_hc.npz  (universe x K_treated imputed share matrix)
  Saved ../../output/imputed_shares_markets_treated_hc.csv

==============================================================================
Per-version shift-share imputation summary
==============================================================================
   version  n_foia_with_shares  z_hat_mean_universe  z_hat_sd_universe  S_sum_mean_universe  S_sum_sd_universe  eff_n_shocks
        hc                 208               0.0282             0.0351               0.2798             0.1176       18.5674
       all                 208               0.0128             0.0186               0.1156             0.0639       18.3010
treated_hc                 208               0.0922             0.0816               0.9570             0.2029       19.2926

Saved ../../output/shift_share_summary.csv
Done!
=== k=5  _cf (K=30 _ls clusters, min-foia-per-cluster=1) ===
Loading universe + FOIA id orders ...
Loading shocks from /n/holylabs/LABS/pakes_lab/Lab/sci_eq/analysis/first_stage/output/did_coefs_eb_price.dta ...
  markets with shocks: 46
  g_k stats: mean=0.0669  sd=0.1804  min=-0.3961  max=0.7120
Loading W (tag='') ...
  W shape: (1735923, 208)  nnz: 7,281,417
  W rows with any weight: 1,661,241/1,735,923
  W row-sum stats (nonzero rows): mean=1.0000  p5=1.0000  p95=1.0000
Computing FOIA pre-period characteristics ...

==============================================================================
version=hc   tag=''
==============================================================================
Building FOIA share matrix S from ../../external/exposure_wts/athr_exposure_by_category_hc.dta (version=hc) ...
  S shape: (208, 46)  nnz: 1,414  density: 0.1478
  FOIA PIs with >=1 treated-market share: 208 / 208
  per-market coverage: min=3  p5=3  p50=27  p95=66  max=106
Imputing shares  S_hat = W @ S  ...
Aggregating: z_hat = S_hat @ g,  S_sum = rowsum(S_hat) ...
  effective number of shocks (BHJ-style): 18.57

  --- Exposure level comparison ---
  Self-imputed FOIA exposure (S @ g):
    n nonzero PIs: 208/208
    mean=+0.02785  sd=0.06257  med=+0.01274
  Universe imputed exposure (S_hat @ g):
    n nonzero authors: 1,661,241/1,735,923
    mean=+0.02950  sd=0.03532  med=+0.02243

--- Shock balance (Borusyak-Hull-Jaravel) ---
  Regression: g_k = a + b * X_bar_k + e,  weights = Sum_i s_ik
  H0: shocks are quasi-randomly assigned wrt pre-period X => b approx 0

  characteristic                beta          se        t       p
  log_total_spend            +0.1198      0.0402    +2.98   0.003
  log_lab_spend              +0.1076      0.0365    +2.95   0.003
  n_cats                     +0.0034      0.0013    +2.57   0.010
  lab_share                  +0.0342      0.4011    +0.09   0.932
  top-10 |Rotemberg weight| markets:
    us fbs                                    alpha_k=+0.717  s_bar=0.0421  g=+0.4812
    site-directed mutagenesis systems         alpha_k=-0.138  s_bar=0.0098  g=-0.3961
    chemiluminescent substrates               alpha_k=+0.121  s_bar=0.0222  g=+0.1540
    first-strand cdna synthesis systems       alpha_k=+0.083  s_bar=0.0119  g=+0.1964
    pre-cast bis-tris gels                    alpha_k=+0.073  s_bar=0.0069  g=+0.2985
    column-based microbial dna purification kits  alpha_k=+0.070  s_bar=0.0052  g=+0.3817
    column-based gel dna extraction kits      alpha_k=-0.060  s_bar=0.0177  g=-0.0957
    cell culture nutritional supplements - tryptone  alpha_k=+0.047  s_bar=0.0090  g=+0.1471
    rnase inhibitors                          alpha_k=-0.043  s_bar=0.0055  g=-0.2215
    cell culture dissociation reagents        alpha_k=+0.035  s_bar=0.0039  g=+0.2543
  cluster filter (../../external/us_appended_text/author_static_clusters_30_ls.csv, min-foia-per-cluster=1): kept 1,403,874/1,735,923
  Saved ../../output/shock_balance_hc_cf.csv
  Saved ../../output/final_imputed_shift_share_hc_cf.csv
  Saved ../../output/imputed_shares_matrix_hc_cf.npz  (universe x K_treated imputed share matrix)
  Saved ../../output/imputed_shares_markets_hc_cf.csv

==============================================================================
version=all   tag=''
==============================================================================
Building FOIA share matrix S from ../../external/exposure_wts/athr_exposure_by_category_all.dta (version=all) ...
  S shape: (208, 46)  nnz: 1,414  density: 0.1478
  FOIA PIs with >=1 treated-market share: 208 / 208
  per-market coverage: min=3  p5=3  p50=27  p95=66  max=106
Imputing shares  S_hat = W @ S  ...
Aggregating: z_hat = S_hat @ g,  S_sum = rowsum(S_hat) ...
  effective number of shocks (BHJ-style): 18.30

  --- Exposure level comparison ---
  Self-imputed FOIA exposure (S @ g):
    n nonzero PIs: 208/208
    mean=+0.01248  sd=0.03320  med=+0.00472
  Universe imputed exposure (S_hat @ g):
    n nonzero authors: 1,661,241/1,735,923
    mean=+0.01337  sd=0.01882  med=+0.00910

--- Shock balance (Borusyak-Hull-Jaravel) ---
  Regression: g_k = a + b * X_bar_k + e,  weights = Sum_i s_ik
  H0: shocks are quasi-randomly assigned wrt pre-period X => b approx 0

  characteristic                beta          se        t       p
  log_total_spend            +0.0543      0.0310    +1.75   0.080
  log_lab_spend              +0.0541      0.0299    +1.81   0.071
  n_cats                     +0.0020      0.0013    +1.56   0.120
  lab_share                  -0.2409      0.4557    -0.53   0.597
  top-10 |Rotemberg weight| markets:
    us fbs                                    alpha_k=+0.611  s_bar=0.0162  g=+0.4812
    column-based microbial dna purification kits  alpha_k=+0.138  s_bar=0.0046  g=+0.3817
    chemiluminescent substrates               alpha_k=+0.122  s_bar=0.0101  g=+0.1540
    site-directed mutagenesis systems         alpha_k=-0.099  s_bar=0.0032  g=-0.3961
    first-strand cdna synthesis systems       alpha_k=+0.092  s_bar=0.0060  g=+0.1964
    pre-cast bis-tris gels                    alpha_k=+0.067  s_bar=0.0029  g=+0.2985
    cell culture nutritional supplements - tryptone  alpha_k=+0.051  s_bar=0.0044  g=+0.1471
    column-based gel dna extraction kits      alpha_k=-0.047  s_bar=0.0063  g=-0.0957
    rnase inhibitors                          alpha_k=-0.034  s_bar=0.0020  g=-0.2215
    cell culture dissociation reagents        alpha_k=+0.030  s_bar=0.0015  g=+0.2543
  cluster filter (../../external/us_appended_text/author_static_clusters_30_ls.csv, min-foia-per-cluster=1): kept 1,403,874/1,735,923
  Saved ../../output/shock_balance_all_cf.csv
  Saved ../../output/final_imputed_shift_share_all_cf.csv
  Saved ../../output/imputed_shares_matrix_all_cf.npz  (universe x K_treated imputed share matrix)
  Saved ../../output/imputed_shares_markets_all_cf.csv

==============================================================================
version=treated_hc   tag=''
==============================================================================
Building FOIA share matrix S from ../../external/exposure_wts/athr_exposure_by_category_treated_hc.dta (version=treated_hc) ...
  S shape: (208, 46)  nnz: 1,414  density: 0.1478
  FOIA PIs with >=1 treated-market share: 208 / 208
  per-market coverage: min=3  p5=3  p50=27  p95=66  max=106
Imputing shares  S_hat = W @ S  ...
Aggregating: z_hat = S_hat @ g,  S_sum = rowsum(S_hat) ...
  effective number of shocks (BHJ-style): 19.29

  --- Exposure level comparison ---
  Self-imputed FOIA exposure (S @ g):
    n nonzero PIs: 208/208
    mean=+0.08214  sd=0.13374  med=+0.06186
  Universe imputed exposure (S_hat @ g):
    n nonzero authors: 1,661,241/1,735,923
    mean=+0.09630  sd=0.08104  med=+0.08982

--- Shock balance (Borusyak-Hull-Jaravel) ---
  Regression: g_k = a + b * X_bar_k + e,  weights = Sum_i s_ik
  H0: shocks are quasi-randomly assigned wrt pre-period X => b approx 0

  characteristic                beta          se        t       p
  log_total_spend            +0.1895      0.0558    +3.40   0.001
  log_lab_spend              +0.1772      0.0520    +3.41   0.001
  n_cats                     +0.0044      0.0016    +2.67   0.008
  lab_share                  +0.1381      0.5837    +0.24   0.813
  top-10 |Rotemberg weight| markets:
    us fbs                                    alpha_k=+0.640  s_bar=0.1225  g=+0.4812
    chemiluminescent substrates               alpha_k=+0.156  s_bar=0.0932  g=+0.1540
    site-directed mutagenesis systems         alpha_k=-0.131  s_bar=0.0304  g=-0.3961
    first-strand cdna synthesis systems       alpha_k=+0.107  s_bar=0.0502  g=+0.1964
    cell culture nutritional supplements - tryptone  alpha_k=+0.062  s_bar=0.0387  g=+0.1471
    pre-cast bis-tris gels                    alpha_k=+0.056  s_bar=0.0174  g=+0.2985
    acrylamide-bis solution                   alpha_k=+0.048  s_bar=0.0410  g=+0.1082
    column-based gel dna extraction kits      alpha_k=-0.045  s_bar=0.0429  g=-0.0957
    column-based dna plasmid miniprep         alpha_k=+0.032  s_bar=0.0226  g=+0.1307
    rnase inhibitors                          alpha_k=-0.030  s_bar=0.0125  g=-0.2215
  cluster filter (../../external/us_appended_text/author_static_clusters_30_ls.csv, min-foia-per-cluster=1): kept 1,403,874/1,735,923
  Saved ../../output/shock_balance_treated_hc_cf.csv
  Saved ../../output/final_imputed_shift_share_treated_hc_cf.csv
  Saved ../../output/imputed_shares_matrix_treated_hc_cf.npz  (universe x K_treated imputed share matrix)
  Saved ../../output/imputed_shares_markets_treated_hc_cf.csv

==============================================================================
Per-version shift-share imputation summary
==============================================================================
   version  n_foia_with_shares  z_hat_mean_universe  z_hat_sd_universe  S_sum_mean_universe  S_sum_sd_universe  eff_n_shocks
        hc                 208               0.0282             0.0351               0.2798             0.1176       18.5674
       all                 208               0.0128             0.0186               0.1156             0.0639       18.3010
treated_hc                 208               0.0922             0.0816               0.9570             0.2029       19.2926

Saved ../../output/shift_share_summary_cf.csv
Done!
######## k=3  (weights tag: '_k3') ########
Recipe: K=3  sharpen=2.0  floor=0.05  unmatched<0.05  L1_normalize=True
Using N_JOBS=48 threads  tag=''
Loading TF-IDF Matrices...
Universe Authors: 1,735,923
FOIA PIs (Targets): 208
X_foia dense size: 19.7 MB
Computing top-3 weights in parallel (batch=25,000)...
[Parallel(n_jobs=48)]: Using backend ThreadingBackend with 48 concurrent workers.
[Parallel(n_jobs=48)]: Done   5 out of  70 | elapsed:    0.9s remaining:   11.9s
[Parallel(n_jobs=48)]: Done  20 out of  70 | elapsed:    1.1s remaining:    2.9s
[Parallel(n_jobs=48)]: Done  35 out of  70 | elapsed:    1.2s remaining:    1.2s
[Parallel(n_jobs=48)]: Done  50 out of  70 | elapsed:    1.4s remaining:    0.5s
[Parallel(n_jobs=48)]: Done  65 out of  70 | elapsed:    1.5s remaining:    0.1s
[Parallel(n_jobs=48)]: Done  70 out of  70 | elapsed:    1.6s finished
Merging results...
Total non-zero weights: 4,662,384
Unmatched authors (max sim < 0.05): 74,682 (4.30%)
Mean max-similarity:   0.1140
Median max-similarity: 0.1033
Saving weight matrix -> ../../output/weight_matrix_k3.npz
Saving per-author match diagnostics...
Done. Weights precomputed.
=== k=3  unfiltered ===
Loading universe + FOIA id orders ...
Loading shocks from /n/holylabs/LABS/pakes_lab/Lab/sci_eq/analysis/first_stage/output/did_coefs_eb_price.dta ...
  markets with shocks: 46
  g_k stats: mean=0.0669  sd=0.1804  min=-0.3961  max=0.7120
Loading W (tag='') ...
  W shape: (1735923, 208)  nnz: 4,662,384
  W rows with any weight: 1,661,241/1,735,923
  W row-sum stats (nonzero rows): mean=1.0000  p5=1.0000  p95=1.0000
Computing FOIA pre-period characteristics ...

==============================================================================
version=hc   tag=''
==============================================================================
Building FOIA share matrix S from ../../external/exposure_wts/athr_exposure_by_category_hc.dta (version=hc) ...
  S shape: (208, 46)  nnz: 1,414  density: 0.1478
  FOIA PIs with >=1 treated-market share: 208 / 208
  per-market coverage: min=3  p5=3  p50=27  p95=66  max=106
Imputing shares  S_hat = W @ S  ...
Aggregating: z_hat = S_hat @ g,  S_sum = rowsum(S_hat) ...
  effective number of shocks (BHJ-style): 18.25

  --- Exposure level comparison ---
  Self-imputed FOIA exposure (S @ g):
    n nonzero PIs: 208/208
    mean=+0.02785  sd=0.06257  med=+0.01274
  Universe imputed exposure (S_hat @ g):
    n nonzero authors: 1,661,241/1,735,923
    mean=+0.02990  sd=0.04113  med=+0.02010

--- Shock balance (Borusyak-Hull-Jaravel) ---
  Regression: g_k = a + b * X_bar_k + e,  weights = Sum_i s_ik
  H0: shocks are quasi-randomly assigned wrt pre-period X => b approx 0

  characteristic                beta          se        t       p
  log_total_spend            +0.1198      0.0402    +2.98   0.003
  log_lab_spend              +0.1076      0.0365    +2.95   0.003
  n_cats                     +0.0034      0.0013    +2.57   0.010
  lab_share                  +0.0342      0.4011    +0.09   0.932
  top-10 |Rotemberg weight| markets:
    us fbs                                    alpha_k=+0.719  s_bar=0.0428  g=+0.4812
    site-directed mutagenesis systems         alpha_k=-0.134  s_bar=0.0097  g=-0.3961
    chemiluminescent substrates               alpha_k=+0.121  s_bar=0.0224  g=+0.1540
    first-strand cdna synthesis systems       alpha_k=+0.081  s_bar=0.0117  g=+0.1964
    pre-cast bis-tris gels                    alpha_k=+0.074  s_bar=0.0071  g=+0.2985
    column-based microbial dna purification kits  alpha_k=+0.068  s_bar=0.0051  g=+0.3817
    column-based gel dna extraction kits      alpha_k=-0.061  s_bar=0.0182  g=-0.0957
    cell culture nutritional supplements - tryptone  alpha_k=+0.045  s_bar=0.0087  g=+0.1471
    rnase inhibitors                          alpha_k=-0.043  s_bar=0.0055  g=-0.2215
    cell culture dissociation reagents        alpha_k=+0.036  s_bar=0.0040  g=+0.2543
  Saved ../../output/shock_balance_hc_k3.csv
  Saved ../../output/final_imputed_shift_share_hc_k3.csv
  Saved ../../output/imputed_shares_matrix_hc_k3.npz  (universe x K_treated imputed share matrix)
  Saved ../../output/imputed_shares_markets_hc_k3.csv

==============================================================================
version=all   tag=''
==============================================================================
Building FOIA share matrix S from ../../external/exposure_wts/athr_exposure_by_category_all.dta (version=all) ...
  S shape: (208, 46)  nnz: 1,414  density: 0.1478
  FOIA PIs with >=1 treated-market share: 208 / 208
  per-market coverage: min=3  p5=3  p50=27  p95=66  max=106
Imputing shares  S_hat = W @ S  ...
Aggregating: z_hat = S_hat @ g,  S_sum = rowsum(S_hat) ...
  effective number of shocks (BHJ-style): 17.94

  --- Exposure level comparison ---
  Self-imputed FOIA exposure (S @ g):
    n nonzero PIs: 208/208
    mean=+0.01248  sd=0.03320  med=+0.00472
  Universe imputed exposure (S_hat @ g):
    n nonzero authors: 1,661,241/1,735,923
    mean=+0.01361  sd=0.02172  med=+0.00832

--- Shock balance (Borusyak-Hull-Jaravel) ---
  Regression: g_k = a + b * X_bar_k + e,  weights = Sum_i s_ik
  H0: shocks are quasi-randomly assigned wrt pre-period X => b approx 0

  characteristic                beta          se        t       p
  log_total_spend            +0.0543      0.0310    +1.75   0.080
  log_lab_spend              +0.0541      0.0299    +1.81   0.071
  n_cats                     +0.0020      0.0013    +1.56   0.120
  lab_share                  -0.2409      0.4557    -0.53   0.597
  top-10 |Rotemberg weight| markets:
    us fbs                                    alpha_k=+0.610  s_bar=0.0165  g=+0.4812
    column-based microbial dna purification kits  alpha_k=+0.134  s_bar=0.0046  g=+0.3817
    chemiluminescent substrates               alpha_k=+0.123  s_bar=0.0104  g=+0.1540
    site-directed mutagenesis systems         alpha_k=-0.096  s_bar=0.0031  g=-0.3961
    first-strand cdna synthesis systems       alpha_k=+0.093  s_bar=0.0061  g=+0.1964
    pre-cast bis-tris gels                    alpha_k=+0.069  s_bar=0.0030  g=+0.2985
    cell culture nutritional supplements - tryptone  alpha_k=+0.048  s_bar=0.0043  g=+0.1471
    column-based gel dna extraction kits      alpha_k=-0.048  s_bar=0.0065  g=-0.0957
    rnase inhibitors                          alpha_k=-0.034  s_bar=0.0020  g=-0.2215
    cell culture dissociation reagents        alpha_k=+0.030  s_bar=0.0016  g=+0.2543
  Saved ../../output/shock_balance_all_k3.csv
  Saved ../../output/final_imputed_shift_share_all_k3.csv
  Saved ../../output/imputed_shares_matrix_all_k3.npz  (universe x K_treated imputed share matrix)
  Saved ../../output/imputed_shares_markets_all_k3.csv

==============================================================================
version=treated_hc   tag=''
==============================================================================
Building FOIA share matrix S from ../../external/exposure_wts/athr_exposure_by_category_treated_hc.dta (version=treated_hc) ...
  S shape: (208, 46)  nnz: 1,414  density: 0.1478
  FOIA PIs with >=1 treated-market share: 208 / 208
  per-market coverage: min=3  p5=3  p50=27  p95=66  max=106
Imputing shares  S_hat = W @ S  ...
Aggregating: z_hat = S_hat @ g,  S_sum = rowsum(S_hat) ...
  effective number of shocks (BHJ-style): 19.00

  --- Exposure level comparison ---
  Self-imputed FOIA exposure (S @ g):
    n nonzero PIs: 208/208
    mean=+0.08214  sd=0.13374  med=+0.06186
  Universe imputed exposure (S_hat @ g):
    n nonzero authors: 1,661,241/1,735,923
    mean=+0.09717  sd=0.09369  med=+0.08717

--- Shock balance (Borusyak-Hull-Jaravel) ---
  Regression: g_k = a + b * X_bar_k + e,  weights = Sum_i s_ik
  H0: shocks are quasi-randomly assigned wrt pre-period X => b approx 0

  characteristic                beta          se        t       p
  log_total_spend            +0.1895      0.0558    +3.40   0.001
  log_lab_spend              +0.1772      0.0520    +3.41   0.001
  n_cats                     +0.0044      0.0016    +2.67   0.008
  lab_share                  +0.1381      0.5837    +0.24   0.813
  top-10 |Rotemberg weight| markets:
    us fbs                                    alpha_k=+0.641  s_bar=0.1238  g=+0.4812
    chemiluminescent substrates               alpha_k=+0.156  s_bar=0.0944  g=+0.1540
    site-directed mutagenesis systems         alpha_k=-0.128  s_bar=0.0302  g=-0.3961
    first-strand cdna synthesis systems       alpha_k=+0.107  s_bar=0.0508  g=+0.1964
    cell culture nutritional supplements - tryptone  alpha_k=+0.059  s_bar=0.0373  g=+0.1471
    pre-cast bis-tris gels                    alpha_k=+0.055  s_bar=0.0172  g=+0.2985
    acrylamide-bis solution                   alpha_k=+0.050  s_bar=0.0429  g=+0.1082
    column-based gel dna extraction kits      alpha_k=-0.045  s_bar=0.0438  g=-0.0957
    column-based dna plasmid miniprep         alpha_k=+0.032  s_bar=0.0230  g=+0.1307
    rnase inhibitors                          alpha_k=-0.030  s_bar=0.0126  g=-0.2215
  Saved ../../output/shock_balance_treated_hc_k3.csv
  Saved ../../output/final_imputed_shift_share_treated_hc_k3.csv
  Saved ../../output/imputed_shares_matrix_treated_hc_k3.npz  (universe x K_treated imputed share matrix)
  Saved ../../output/imputed_shares_markets_treated_hc_k3.csv

==============================================================================
Per-version shift-share imputation summary
==============================================================================
   version  n_foia_with_shares  z_hat_mean_universe  z_hat_sd_universe  S_sum_mean_universe  S_sum_sd_universe  eff_n_shocks
        hc                 208               0.0286             0.0407               0.2802             0.1316       18.2473
       all                 208               0.0130             0.0214               0.1164             0.0741       17.9433
treated_hc                 208               0.0930             0.0938               0.9570             0.2029       18.9969

Saved ../../output/shift_share_summary_k3.csv
Done!
=== k=3  _cf (K=30 _ls clusters, min-foia-per-cluster=1) ===
Loading universe + FOIA id orders ...
Loading shocks from /n/holylabs/LABS/pakes_lab/Lab/sci_eq/analysis/first_stage/output/did_coefs_eb_price.dta ...
  markets with shocks: 46
  g_k stats: mean=0.0669  sd=0.1804  min=-0.3961  max=0.7120
Loading W (tag='') ...
  W shape: (1735923, 208)  nnz: 4,662,384
  W rows with any weight: 1,661,241/1,735,923
  W row-sum stats (nonzero rows): mean=1.0000  p5=1.0000  p95=1.0000
Computing FOIA pre-period characteristics ...

==============================================================================
version=hc   tag=''
==============================================================================
Building FOIA share matrix S from ../../external/exposure_wts/athr_exposure_by_category_hc.dta (version=hc) ...
  S shape: (208, 46)  nnz: 1,414  density: 0.1478
  FOIA PIs with >=1 treated-market share: 208 / 208
  per-market coverage: min=3  p5=3  p50=27  p95=66  max=106
Imputing shares  S_hat = W @ S  ...
Aggregating: z_hat = S_hat @ g,  S_sum = rowsum(S_hat) ...
  effective number of shocks (BHJ-style): 18.25

  --- Exposure level comparison ---
  Self-imputed FOIA exposure (S @ g):
    n nonzero PIs: 208/208
    mean=+0.02785  sd=0.06257  med=+0.01274
  Universe imputed exposure (S_hat @ g):
    n nonzero authors: 1,661,241/1,735,923
    mean=+0.02990  sd=0.04113  med=+0.02010

--- Shock balance (Borusyak-Hull-Jaravel) ---
  Regression: g_k = a + b * X_bar_k + e,  weights = Sum_i s_ik
  H0: shocks are quasi-randomly assigned wrt pre-period X => b approx 0

  characteristic                beta          se        t       p
  log_total_spend            +0.1198      0.0402    +2.98   0.003
  log_lab_spend              +0.1076      0.0365    +2.95   0.003
  n_cats                     +0.0034      0.0013    +2.57   0.010
  lab_share                  +0.0342      0.4011    +0.09   0.932
  top-10 |Rotemberg weight| markets:
    us fbs                                    alpha_k=+0.719  s_bar=0.0428  g=+0.4812
    site-directed mutagenesis systems         alpha_k=-0.134  s_bar=0.0097  g=-0.3961
    chemiluminescent substrates               alpha_k=+0.121  s_bar=0.0224  g=+0.1540
    first-strand cdna synthesis systems       alpha_k=+0.081  s_bar=0.0117  g=+0.1964
    pre-cast bis-tris gels                    alpha_k=+0.074  s_bar=0.0071  g=+0.2985
    column-based microbial dna purification kits  alpha_k=+0.068  s_bar=0.0051  g=+0.3817
    column-based gel dna extraction kits      alpha_k=-0.061  s_bar=0.0182  g=-0.0957
    cell culture nutritional supplements - tryptone  alpha_k=+0.045  s_bar=0.0087  g=+0.1471
    rnase inhibitors                          alpha_k=-0.043  s_bar=0.0055  g=-0.2215
    cell culture dissociation reagents        alpha_k=+0.036  s_bar=0.0040  g=+0.2543
  cluster filter (../../external/us_appended_text/author_static_clusters_30_ls.csv, min-foia-per-cluster=1): kept 1,403,874/1,735,923
  Saved ../../output/shock_balance_hc_k3_cf.csv
  Saved ../../output/final_imputed_shift_share_hc_k3_cf.csv
  Saved ../../output/imputed_shares_matrix_hc_k3_cf.npz  (universe x K_treated imputed share matrix)
  Saved ../../output/imputed_shares_markets_hc_k3_cf.csv

==============================================================================
version=all   tag=''
==============================================================================
Building FOIA share matrix S from ../../external/exposure_wts/athr_exposure_by_category_all.dta (version=all) ...
  S shape: (208, 46)  nnz: 1,414  density: 0.1478
  FOIA PIs with >=1 treated-market share: 208 / 208
  per-market coverage: min=3  p5=3  p50=27  p95=66  max=106
Imputing shares  S_hat = W @ S  ...
Aggregating: z_hat = S_hat @ g,  S_sum = rowsum(S_hat) ...
  effective number of shocks (BHJ-style): 17.94

  --- Exposure level comparison ---
  Self-imputed FOIA exposure (S @ g):
    n nonzero PIs: 208/208
    mean=+0.01248  sd=0.03320  med=+0.00472
  Universe imputed exposure (S_hat @ g):
    n nonzero authors: 1,661,241/1,735,923
    mean=+0.01361  sd=0.02172  med=+0.00832

--- Shock balance (Borusyak-Hull-Jaravel) ---
  Regression: g_k = a + b * X_bar_k + e,  weights = Sum_i s_ik
  H0: shocks are quasi-randomly assigned wrt pre-period X => b approx 0

  characteristic                beta          se        t       p
  log_total_spend            +0.0543      0.0310    +1.75   0.080
  log_lab_spend              +0.0541      0.0299    +1.81   0.071
  n_cats                     +0.0020      0.0013    +1.56   0.120
  lab_share                  -0.2409      0.4557    -0.53   0.597
  top-10 |Rotemberg weight| markets:
    us fbs                                    alpha_k=+0.610  s_bar=0.0165  g=+0.4812
    column-based microbial dna purification kits  alpha_k=+0.134  s_bar=0.0046  g=+0.3817
    chemiluminescent substrates               alpha_k=+0.123  s_bar=0.0104  g=+0.1540
    site-directed mutagenesis systems         alpha_k=-0.096  s_bar=0.0031  g=-0.3961
    first-strand cdna synthesis systems       alpha_k=+0.093  s_bar=0.0061  g=+0.1964
    pre-cast bis-tris gels                    alpha_k=+0.069  s_bar=0.0030  g=+0.2985
    cell culture nutritional supplements - tryptone  alpha_k=+0.048  s_bar=0.0043  g=+0.1471
    column-based gel dna extraction kits      alpha_k=-0.048  s_bar=0.0065  g=-0.0957
    rnase inhibitors                          alpha_k=-0.034  s_bar=0.0020  g=-0.2215
    cell culture dissociation reagents        alpha_k=+0.030  s_bar=0.0016  g=+0.2543
  cluster filter (../../external/us_appended_text/author_static_clusters_30_ls.csv, min-foia-per-cluster=1): kept 1,403,874/1,735,923
  Saved ../../output/shock_balance_all_k3_cf.csv
  Saved ../../output/final_imputed_shift_share_all_k3_cf.csv
  Saved ../../output/imputed_shares_matrix_all_k3_cf.npz  (universe x K_treated imputed share matrix)
  Saved ../../output/imputed_shares_markets_all_k3_cf.csv

==============================================================================
version=treated_hc   tag=''
==============================================================================
Building FOIA share matrix S from ../../external/exposure_wts/athr_exposure_by_category_treated_hc.dta (version=treated_hc) ...
  S shape: (208, 46)  nnz: 1,414  density: 0.1478
  FOIA PIs with >=1 treated-market share: 208 / 208
  per-market coverage: min=3  p5=3  p50=27  p95=66  max=106
Imputing shares  S_hat = W @ S  ...
Aggregating: z_hat = S_hat @ g,  S_sum = rowsum(S_hat) ...
  effective number of shocks (BHJ-style): 19.00

  --- Exposure level comparison ---
  Self-imputed FOIA exposure (S @ g):
    n nonzero PIs: 208/208
    mean=+0.08214  sd=0.13374  med=+0.06186
  Universe imputed exposure (S_hat @ g):
    n nonzero authors: 1,661,241/1,735,923
    mean=+0.09717  sd=0.09369  med=+0.08717

--- Shock balance (Borusyak-Hull-Jaravel) ---
  Regression: g_k = a + b * X_bar_k + e,  weights = Sum_i s_ik
  H0: shocks are quasi-randomly assigned wrt pre-period X => b approx 0

  characteristic                beta          se        t       p
  log_total_spend            +0.1895      0.0558    +3.40   0.001
  log_lab_spend              +0.1772      0.0520    +3.41   0.001
  n_cats                     +0.0044      0.0016    +2.67   0.008
  lab_share                  +0.1381      0.5837    +0.24   0.813
  top-10 |Rotemberg weight| markets:
    us fbs                                    alpha_k=+0.641  s_bar=0.1238  g=+0.4812
    chemiluminescent substrates               alpha_k=+0.156  s_bar=0.0944  g=+0.1540
    site-directed mutagenesis systems         alpha_k=-0.128  s_bar=0.0302  g=-0.3961
    first-strand cdna synthesis systems       alpha_k=+0.107  s_bar=0.0508  g=+0.1964
    cell culture nutritional supplements - tryptone  alpha_k=+0.059  s_bar=0.0373  g=+0.1471
    pre-cast bis-tris gels                    alpha_k=+0.055  s_bar=0.0172  g=+0.2985
    acrylamide-bis solution                   alpha_k=+0.050  s_bar=0.0429  g=+0.1082
    column-based gel dna extraction kits      alpha_k=-0.045  s_bar=0.0438  g=-0.0957
    column-based dna plasmid miniprep         alpha_k=+0.032  s_bar=0.0230  g=+0.1307
    rnase inhibitors                          alpha_k=-0.030  s_bar=0.0126  g=-0.2215
  cluster filter (../../external/us_appended_text/author_static_clusters_30_ls.csv, min-foia-per-cluster=1): kept 1,403,874/1,735,923
  Saved ../../output/shock_balance_treated_hc_k3_cf.csv
  Saved ../../output/final_imputed_shift_share_treated_hc_k3_cf.csv
  Saved ../../output/imputed_shares_matrix_treated_hc_k3_cf.npz  (universe x K_treated imputed share matrix)
  Saved ../../output/imputed_shares_markets_treated_hc_k3_cf.csv

==============================================================================
Per-version shift-share imputation summary
==============================================================================
   version  n_foia_with_shares  z_hat_mean_universe  z_hat_sd_universe  S_sum_mean_universe  S_sum_sd_universe  eff_n_shocks
        hc                 208               0.0286             0.0407               0.2802             0.1316       18.2473
       all                 208               0.0130             0.0214               0.1164             0.0741       17.9433
treated_hc                 208               0.0930             0.0938               0.9570             0.2029       18.9969

Saved ../../output/shift_share_summary_k3_cf.csv
Done!
