Stage: full   CPUs: 48
Using N_JOBS=48 for parallel transform
Output tag suffix: ''
Loading Universe Data...
Total authors loaded: 2664824
Filtering empty text...
Dropped 0 authors with no text.
Final Universe Size: 2664824
Loading FOIA Data...
FOIA PIs: 204
Fitting vectorizer (min_df=25, max_df=0.05, max_features=60000)...
  fit on 500,000-row universe sample + 204 FOIA docs (min_df=5)...
Vocab size after fit: 60000
Transforming FOIA...
FOIA-aware prune (min=2, max_frac=0.95): keeping 19318 / 60000 features (dropped 40682)
Transforming universe in 134 chunks of ≤20,000 rows across 48 workers...
[Parallel(n_jobs=48)]: Using backend LokyBackend with 48 concurrent workers.
[Parallel(n_jobs=48)]: Done  66 out of 134 | elapsed:   20.9s remaining:   21.6s
[Parallel(n_jobs=48)]: Done  93 out of 134 | elapsed:   27.2s remaining:   12.0s
[Parallel(n_jobs=48)]: Done 120 out of 134 | elapsed:   33.7s remaining:    3.9s
[Parallel(n_jobs=48)]: Done 134 out of 134 | elapsed:   36.8s finished
Universe Matrix Shape: (2664824, 19318)
FOIA Matrix Shape:     (204, 19318)
Saving Sparse Matrices...
Saving ID Lists...
Saving Feature Names (Vocabulary)...
Vectorization Complete.
Recipe: K=5  sharpen=2.0  floor=0.05  unmatched<0.05  L1_normalize=True
Using N_JOBS=48 threads  tag=''
Loading TF-IDF Matrices...
Universe Authors: 2,664,824
FOIA PIs (Targets): 204
X_foia dense size: 15.8 MB
Computing top-5 weights in parallel (batch=25,000)...
[Parallel(n_jobs=48)]: Using backend ThreadingBackend with 48 concurrent workers.
[Parallel(n_jobs=48)]: Done  34 out of 107 | elapsed:    1.0s remaining:    2.1s
[Parallel(n_jobs=48)]: Done  56 out of 107 | elapsed:    1.2s remaining:    1.1s
[Parallel(n_jobs=48)]: Done  78 out of 107 | elapsed:    1.4s remaining:    0.5s
[Parallel(n_jobs=48)]: Done 100 out of 107 | elapsed:    1.6s remaining:    0.1s
[Parallel(n_jobs=48)]: Done 107 out of 107 | elapsed:    1.6s finished
Merging results...
Total non-zero weights: 8,471,186
Unmatched authors (max sim < 0.05): 363,966 (13.66%)
Mean max-similarity:   0.0949
Median max-similarity: 0.0837
Saving weight matrix -> ../../output/weight_matrix.npz
Saving per-author match diagnostics...
Done. Weights precomputed.
Loading Pre-Computed Weights (tag='', rescale=none)...
  W shape: (2664824, 204)  nnz: 8,471,186
Loading IDs...
Aligning Exposure Data...
Imputing ['exposure', 'mkt_spend_shr', 'hc_spend_shr'] via W.dot()...
  exposure: mean=0.02514  sd=0.04061  nonzero=2,300,858/2,664,824
  mkt_spend_shr: mean=0.86342  sd=0.34341  nonzero=2,300,858/2,664,824
  hc_spend_shr: mean=0.33700  sd=0.15877  nonzero=2,300,858/2,664,824
Done! Saved to ../../output/final_imputed_exposure.csv
