Stage: full   CPUs: 48
Using N_JOBS=48 for parallel transform
Output tag suffix: ''
Loading Universe Data...
Total authors loaded: 1856154
Filtering empty text...
Dropped 0 authors with no text.
Final Universe Size: 1856154
Loading FOIA Data...
FOIA PIs: 208
Loading cluster labels:    ../../external/us_appended_text/author_static_clusters_100.csv
Loading cluster worksheet: ../../external/us_appended_text/cluster_label_worksheet_100.csv
  Life-science clusters (keep=1): 85
  FOIA PIs with a cluster label:  205/208
  FOIA PIs in LS clusters:        195/208
  Universe: 1,856,154 -> 1,575,540 (dropped 15.12%; 0 unlabeled)
Fitting vectorizer (min_df=5, max_df=0.15, max_features=100000)...
  fit on 500,000-row universe sample + 208 FOIA docs (min_df=2)...
Vocab size after fit: 100000
Transforming FOIA...
FOIA-aware prune (min=2, max_frac=0.85): keeping 23696 / 100000 features (dropped 76304)
Transforming universe in 79 chunks of ≤20,000 rows across 48 workers...
[Parallel(n_jobs=48)]: Using backend LokyBackend with 48 concurrent workers.
[Parallel(n_jobs=48)]: Done  16 out of  79 | elapsed:   32.7s remaining:  2.1min
[Parallel(n_jobs=48)]: Done  32 out of  79 | elapsed:   49.1s remaining:  1.2min
[Parallel(n_jobs=48)]: Done  48 out of  79 | elapsed:  1.1min remaining:   41.5s
[Parallel(n_jobs=48)]: Done  64 out of  79 | elapsed:  1.3min remaining:   18.4s
[Parallel(n_jobs=48)]: Done  79 out of  79 | elapsed:  1.6min finished
Universe Matrix Shape: (1575540, 23696)
FOIA Matrix Shape:     (208, 23696)
Saving Sparse Matrices...
Saving ID Lists...
Saving Feature Names (Vocabulary)...
Saved restrict audit: ../../output/restrict_audit.json
Vectorization Complete.
######## k=5  (weights tag: '<untagged>') ########
Recipe: K=5  sharpen=2.0  floor=0.05  unmatched<0.05  L1_normalize=True
Using N_JOBS=48 threads  tag=''
Loading TF-IDF Matrices...
Universe Authors: 1,575,540
FOIA PIs (Targets): 208
X_foia dense size: 19.7 MB
Computing top-5 weights in parallel (batch=25,000)...
[Parallel(n_jobs=48)]: Using backend ThreadingBackend with 48 concurrent workers.
[Parallel(n_jobs=48)]: Done   8 out of  64 | elapsed:    1.6s remaining:   11.5s
[Parallel(n_jobs=48)]: Done  21 out of  64 | elapsed:    2.0s remaining:    4.1s
[Parallel(n_jobs=48)]: Done  34 out of  64 | elapsed:    2.1s remaining:    1.8s
[Parallel(n_jobs=48)]: Done  47 out of  64 | elapsed:    2.1s remaining:    0.8s
[Parallel(n_jobs=48)]: Done  60 out of  64 | elapsed:    2.3s remaining:    0.2s
[Parallel(n_jobs=48)]: Done  64 out of  64 | elapsed:    2.4s finished
Merging results...
Total non-zero weights: 6,673,916
Unmatched authors (max sim < 0.05): 60,543 (3.84%)
Mean max-similarity:   0.1154
Median max-similarity: 0.1047
Saving weight matrix -> ../../output/weight_matrix.npz
Saving per-author match diagnostics...
Done. Weights precomputed.
=== k=5  cluster filter: min-foia-per-cluster=1 ===
Loading universe + FOIA id orders ...
Loading shocks from /n/holylabs/LABS/pakes_lab/Lab/sci_eq/analysis/first_stage/output/did_coefs_eb_price.dta ...
  markets with shocks: 46
  g_k stats: mean=0.0669  sd=0.1804  min=-0.3961  max=0.7120
Loading W (tag='') ...
  W shape: (1575540, 208)  nnz: 6,673,916
  W rows with any weight: 1,514,997/1,575,540
  W row-sum stats (nonzero rows): mean=1.0000  p5=1.0000  p95=1.0000
Computing FOIA pre-period characteristics ...

==============================================================================
version=hc   tag=''
==============================================================================
Building FOIA share matrix S from ../../external/exposure_wts/athr_exposure_by_category_hc.dta (version=hc) ...
  S shape: (208, 46)  nnz: 1,414  density: 0.1478
  FOIA PIs with >=1 treated-market share: 208 / 208
  per-market coverage: min=3  p5=3  p50=27  p95=66  max=106
Imputing shares  S_hat = W @ S  ...
Aggregating: z_hat = S_hat @ g,  S_sum = rowsum(S_hat) ...
  effective number of shocks (BHJ-style): 18.28

  --- Exposure level comparison ---
  Self-imputed FOIA exposure (S @ g):
    n nonzero PIs: 208/208
    mean=+0.02785  sd=0.06257  med=+0.01274
  Universe imputed exposure (S_hat @ g):
    n nonzero authors: 1,514,997/1,575,540
    mean=+0.02934  sd=0.03470  med=+0.02249

--- Shock balance (Borusyak-Hull-Jaravel) ---
  Regression: g_k = a + b * X_bar_k + e,  weights = Sum_i s_ik
  H0: shocks are quasi-randomly assigned wrt pre-period X => b approx 0

  characteristic                beta          se        t       p
  log_total_spend            +0.1198      0.0402    +2.98   0.003
  log_lab_spend              +0.1076      0.0365    +2.95   0.003
  n_cats                     +0.0034      0.0013    +2.57   0.010
  lab_share                  +0.0342      0.4011    +0.09   0.932
  top-10 |Rotemberg weight| markets:
    us fbs                                    alpha_k=+0.725  s_bar=0.0425  g=+0.4812
    site-directed mutagenesis systems         alpha_k=-0.139  s_bar=0.0099  g=-0.3961
    chemiluminescent substrates               alpha_k=+0.126  s_bar=0.0231  g=+0.1540
    first-strand cdna synthesis systems       alpha_k=+0.084  s_bar=0.0120  g=+0.1964
    pre-cast bis-tris gels                    alpha_k=+0.072  s_bar=0.0068  g=+0.2985
    column-based microbial dna purification kits  alpha_k=+0.060  s_bar=0.0045  g=+0.3817
    column-based gel dna extraction kits      alpha_k=-0.059  s_bar=0.0174  g=-0.0957
    cell culture nutritional supplements - tryptone  alpha_k=+0.045  s_bar=0.0087  g=+0.1471
    rnase inhibitors                          alpha_k=-0.043  s_bar=0.0055  g=-0.2215
    cell culture dissociation reagents        alpha_k=+0.035  s_bar=0.0038  g=+0.2543
  cluster filter (../../external/us_appended_text/author_static_clusters_100_ls.csv, min-foia-per-cluster=1): kept 827,013/1,575,540
  Saved ../../output/shock_balance_hc_cf.csv
  Saved ../../output/final_imputed_shift_share_hc_cf.csv
  Saved ../../output/imputed_shares_matrix_hc_cf.npz  (universe x K_treated imputed share matrix)
  Saved ../../output/imputed_shares_markets_hc_cf.csv

==============================================================================
version=all   tag=''
==============================================================================
Building FOIA share matrix S from ../../external/exposure_wts/athr_exposure_by_category_all.dta (version=all) ...
  S shape: (208, 46)  nnz: 1,414  density: 0.1478
  FOIA PIs with >=1 treated-market share: 208 / 208
  per-market coverage: min=3  p5=3  p50=27  p95=66  max=106
Imputing shares  S_hat = W @ S  ...
Aggregating: z_hat = S_hat @ g,  S_sum = rowsum(S_hat) ...
  effective number of shocks (BHJ-style): 18.00

  --- Exposure level comparison ---
  Self-imputed FOIA exposure (S @ g):
    n nonzero PIs: 208/208
    mean=+0.01248  sd=0.03320  med=+0.00472
  Universe imputed exposure (S_hat @ g):
    n nonzero authors: 1,514,997/1,575,540
    mean=+0.01315  sd=0.01795  med=+0.00910

--- Shock balance (Borusyak-Hull-Jaravel) ---
  Regression: g_k = a + b * X_bar_k + e,  weights = Sum_i s_ik
  H0: shocks are quasi-randomly assigned wrt pre-period X => b approx 0

  characteristic                beta          se        t       p
  log_total_spend            +0.0543      0.0310    +1.75   0.080
  log_lab_spend              +0.0541      0.0299    +1.81   0.071
  n_cats                     +0.0020      0.0013    +1.56   0.120
  lab_share                  -0.2409      0.4557    -0.53   0.597
  top-10 |Rotemberg weight| markets:
    us fbs                                    alpha_k=+0.624  s_bar=0.0164  g=+0.4812
    chemiluminescent substrates               alpha_k=+0.128  s_bar=0.0105  g=+0.1540
    column-based microbial dna purification kits  alpha_k=+0.119  s_bar=0.0040  g=+0.3817
    site-directed mutagenesis systems         alpha_k=-0.100  s_bar=0.0032  g=-0.3961
    first-strand cdna synthesis systems       alpha_k=+0.093  s_bar=0.0060  g=+0.1964
    pre-cast bis-tris gels                    alpha_k=+0.068  s_bar=0.0029  g=+0.2985
    cell culture nutritional supplements - tryptone  alpha_k=+0.048  s_bar=0.0042  g=+0.1471
    column-based gel dna extraction kits      alpha_k=-0.047  s_bar=0.0063  g=-0.0957
    rnase inhibitors                          alpha_k=-0.034  s_bar=0.0020  g=-0.2215
    cell culture dissociation reagents        alpha_k=+0.030  s_bar=0.0015  g=+0.2543
  cluster filter (../../external/us_appended_text/author_static_clusters_100_ls.csv, min-foia-per-cluster=1): kept 827,013/1,575,540
  Saved ../../output/shock_balance_all_cf.csv
  Saved ../../output/final_imputed_shift_share_all_cf.csv
  Saved ../../output/imputed_shares_matrix_all_cf.npz  (universe x K_treated imputed share matrix)
  Saved ../../output/imputed_shares_markets_all_cf.csv

==============================================================================
version=treated_hc   tag=''
==============================================================================
Building FOIA share matrix S from ../../external/exposure_wts/athr_exposure_by_category_treated_hc.dta (version=treated_hc) ...
  S shape: (208, 46)  nnz: 1,414  density: 0.1478
  FOIA PIs with >=1 treated-market share: 208 / 208
  per-market coverage: min=3  p5=3  p50=27  p95=66  max=106
Imputing shares  S_hat = W @ S  ...
Aggregating: z_hat = S_hat @ g,  S_sum = rowsum(S_hat) ...
  effective number of shocks (BHJ-style): 18.93

  --- Exposure level comparison ---
  Self-imputed FOIA exposure (S @ g):
    n nonzero PIs: 208/208
    mean=+0.08214  sd=0.13374  med=+0.06186
  Universe imputed exposure (S_hat @ g):
    n nonzero authors: 1,514,997/1,575,540
    mean=+0.09674  sd=0.07982  med=+0.09069

--- Shock balance (Borusyak-Hull-Jaravel) ---
  Regression: g_k = a + b * X_bar_k + e,  weights = Sum_i s_ik
  H0: shocks are quasi-randomly assigned wrt pre-period X => b approx 0

  characteristic                beta          se        t       p
  log_total_spend            +0.1895      0.0558    +3.40   0.001
  log_lab_spend              +0.1772      0.0520    +3.41   0.001
  n_cats                     +0.0044      0.0016    +2.67   0.008
  lab_share                  +0.1381      0.5837    +0.24   0.813
  top-10 |Rotemberg weight| markets:
    us fbs                                    alpha_k=+0.640  s_bar=0.1237  g=+0.4812
    chemiluminescent substrates               alpha_k=+0.161  s_bar=0.0971  g=+0.1540
    site-directed mutagenesis systems         alpha_k=-0.130  s_bar=0.0304  g=-0.3961
    first-strand cdna synthesis systems       alpha_k=+0.106  s_bar=0.0501  g=+0.1964
    cell culture nutritional supplements - tryptone  alpha_k=+0.062  s_bar=0.0393  g=+0.1471
    pre-cast bis-tris gels                    alpha_k=+0.053  s_bar=0.0165  g=+0.2985
    acrylamide-bis solution                   alpha_k=+0.049  s_bar=0.0421  g=+0.1082
    column-based gel dna extraction kits      alpha_k=-0.044  s_bar=0.0423  g=-0.0957
    column-based dna plasmid miniprep         alpha_k=+0.033  s_bar=0.0233  g=+0.1307
    rnase inhibitors                          alpha_k=-0.030  s_bar=0.0125  g=-0.2215
  cluster filter (../../external/us_appended_text/author_static_clusters_100_ls.csv, min-foia-per-cluster=1): kept 827,013/1,575,540
  Saved ../../output/shock_balance_treated_hc_cf.csv
  Saved ../../output/final_imputed_shift_share_treated_hc_cf.csv
  Saved ../../output/imputed_shares_matrix_treated_hc_cf.npz  (universe x K_treated imputed share matrix)
  Saved ../../output/imputed_shares_markets_treated_hc_cf.csv

==============================================================================
Per-version shift-share imputation summary
==============================================================================
   version  n_foia_with_shares  z_hat_mean_universe  z_hat_sd_universe  S_sum_mean_universe  S_sum_sd_universe  eff_n_shocks
        hc                 208               0.0282             0.0345               0.2792             0.1147       18.2821
       all                 208               0.0126             0.0178               0.1148             0.0614       18.0027
treated_hc                 208               0.0930             0.0804               0.9616             0.1922       18.9279

Saved ../../output/shift_share_summary_cf.csv
Done!
=== k=5  cluster filter: min-foia-per-cluster=2 ===
Loading universe + FOIA id orders ...
Loading shocks from /n/holylabs/LABS/pakes_lab/Lab/sci_eq/analysis/first_stage/output/did_coefs_eb_price.dta ...
  markets with shocks: 46
  g_k stats: mean=0.0669  sd=0.1804  min=-0.3961  max=0.7120
Loading W (tag='') ...
  W shape: (1575540, 208)  nnz: 6,673,916
  W rows with any weight: 1,514,997/1,575,540
  W row-sum stats (nonzero rows): mean=1.0000  p5=1.0000  p95=1.0000
Computing FOIA pre-period characteristics ...

==============================================================================
version=hc   tag=''
==============================================================================
Building FOIA share matrix S from ../../external/exposure_wts/athr_exposure_by_category_hc.dta (version=hc) ...
  S shape: (208, 46)  nnz: 1,414  density: 0.1478
  FOIA PIs with >=1 treated-market share: 208 / 208
  per-market coverage: min=3  p5=3  p50=27  p95=66  max=106
Imputing shares  S_hat = W @ S  ...
Aggregating: z_hat = S_hat @ g,  S_sum = rowsum(S_hat) ...
  effective number of shocks (BHJ-style): 18.28

  --- Exposure level comparison ---
  Self-imputed FOIA exposure (S @ g):
    n nonzero PIs: 208/208
    mean=+0.02785  sd=0.06257  med=+0.01274
  Universe imputed exposure (S_hat @ g):
    n nonzero authors: 1,514,997/1,575,540
    mean=+0.02934  sd=0.03470  med=+0.02249

--- Shock balance (Borusyak-Hull-Jaravel) ---
  Regression: g_k = a + b * X_bar_k + e,  weights = Sum_i s_ik
  H0: shocks are quasi-randomly assigned wrt pre-period X => b approx 0

  characteristic                beta          se        t       p
  log_total_spend            +0.1198      0.0402    +2.98   0.003
  log_lab_spend              +0.1076      0.0365    +2.95   0.003
  n_cats                     +0.0034      0.0013    +2.57   0.010
  lab_share                  +0.0342      0.4011    +0.09   0.932
  top-10 |Rotemberg weight| markets:
    us fbs                                    alpha_k=+0.725  s_bar=0.0425  g=+0.4812
    site-directed mutagenesis systems         alpha_k=-0.139  s_bar=0.0099  g=-0.3961
    chemiluminescent substrates               alpha_k=+0.126  s_bar=0.0231  g=+0.1540
    first-strand cdna synthesis systems       alpha_k=+0.084  s_bar=0.0120  g=+0.1964
    pre-cast bis-tris gels                    alpha_k=+0.072  s_bar=0.0068  g=+0.2985
    column-based microbial dna purification kits  alpha_k=+0.060  s_bar=0.0045  g=+0.3817
    column-based gel dna extraction kits      alpha_k=-0.059  s_bar=0.0174  g=-0.0957
    cell culture nutritional supplements - tryptone  alpha_k=+0.045  s_bar=0.0087  g=+0.1471
    rnase inhibitors                          alpha_k=-0.043  s_bar=0.0055  g=-0.2215
    cell culture dissociation reagents        alpha_k=+0.035  s_bar=0.0038  g=+0.2543
  cluster filter (../../external/us_appended_text/author_static_clusters_100_ls.csv, min-foia-per-cluster=2): kept 663,250/1,575,540
  Saved ../../output/shock_balance_hc_cf2.csv
  Saved ../../output/final_imputed_shift_share_hc_cf2.csv
  Saved ../../output/imputed_shares_matrix_hc_cf2.npz  (universe x K_treated imputed share matrix)
  Saved ../../output/imputed_shares_markets_hc_cf2.csv

==============================================================================
version=all   tag=''
==============================================================================
Building FOIA share matrix S from ../../external/exposure_wts/athr_exposure_by_category_all.dta (version=all) ...
  S shape: (208, 46)  nnz: 1,414  density: 0.1478
  FOIA PIs with >=1 treated-market share: 208 / 208
  per-market coverage: min=3  p5=3  p50=27  p95=66  max=106
Imputing shares  S_hat = W @ S  ...
Aggregating: z_hat = S_hat @ g,  S_sum = rowsum(S_hat) ...
  effective number of shocks (BHJ-style): 18.00

  --- Exposure level comparison ---
  Self-imputed FOIA exposure (S @ g):
    n nonzero PIs: 208/208
    mean=+0.01248  sd=0.03320  med=+0.00472
  Universe imputed exposure (S_hat @ g):
    n nonzero authors: 1,514,997/1,575,540
    mean=+0.01315  sd=0.01795  med=+0.00910

--- Shock balance (Borusyak-Hull-Jaravel) ---
  Regression: g_k = a + b * X_bar_k + e,  weights = Sum_i s_ik
  H0: shocks are quasi-randomly assigned wrt pre-period X => b approx 0

  characteristic                beta          se        t       p
  log_total_spend            +0.0543      0.0310    +1.75   0.080
  log_lab_spend              +0.0541      0.0299    +1.81   0.071
  n_cats                     +0.0020      0.0013    +1.56   0.120
  lab_share                  -0.2409      0.4557    -0.53   0.597
  top-10 |Rotemberg weight| markets:
    us fbs                                    alpha_k=+0.624  s_bar=0.0164  g=+0.4812
    chemiluminescent substrates               alpha_k=+0.128  s_bar=0.0105  g=+0.1540
    column-based microbial dna purification kits  alpha_k=+0.119  s_bar=0.0040  g=+0.3817
    site-directed mutagenesis systems         alpha_k=-0.100  s_bar=0.0032  g=-0.3961
    first-strand cdna synthesis systems       alpha_k=+0.093  s_bar=0.0060  g=+0.1964
    pre-cast bis-tris gels                    alpha_k=+0.068  s_bar=0.0029  g=+0.2985
    cell culture nutritional supplements - tryptone  alpha_k=+0.048  s_bar=0.0042  g=+0.1471
    column-based gel dna extraction kits      alpha_k=-0.047  s_bar=0.0063  g=-0.0957
    rnase inhibitors                          alpha_k=-0.034  s_bar=0.0020  g=-0.2215
    cell culture dissociation reagents        alpha_k=+0.030  s_bar=0.0015  g=+0.2543
  cluster filter (../../external/us_appended_text/author_static_clusters_100_ls.csv, min-foia-per-cluster=2): kept 663,250/1,575,540
  Saved ../../output/shock_balance_all_cf2.csv
  Saved ../../output/final_imputed_shift_share_all_cf2.csv
  Saved ../../output/imputed_shares_matrix_all_cf2.npz  (universe x K_treated imputed share matrix)
  Saved ../../output/imputed_shares_markets_all_cf2.csv

==============================================================================
version=treated_hc   tag=''
==============================================================================
Building FOIA share matrix S from ../../external/exposure_wts/athr_exposure_by_category_treated_hc.dta (version=treated_hc) ...
  S shape: (208, 46)  nnz: 1,414  density: 0.1478
  FOIA PIs with >=1 treated-market share: 208 / 208
  per-market coverage: min=3  p5=3  p50=27  p95=66  max=106
Imputing shares  S_hat = W @ S  ...
Aggregating: z_hat = S_hat @ g,  S_sum = rowsum(S_hat) ...
  effective number of shocks (BHJ-style): 18.93

  --- Exposure level comparison ---
  Self-imputed FOIA exposure (S @ g):
    n nonzero PIs: 208/208
    mean=+0.08214  sd=0.13374  med=+0.06186
  Universe imputed exposure (S_hat @ g):
    n nonzero authors: 1,514,997/1,575,540
    mean=+0.09674  sd=0.07982  med=+0.09069

--- Shock balance (Borusyak-Hull-Jaravel) ---
  Regression: g_k = a + b * X_bar_k + e,  weights = Sum_i s_ik
  H0: shocks are quasi-randomly assigned wrt pre-period X => b approx 0

  characteristic                beta          se        t       p
  log_total_spend            +0.1895      0.0558    +3.40   0.001
  log_lab_spend              +0.1772      0.0520    +3.41   0.001
  n_cats                     +0.0044      0.0016    +2.67   0.008
  lab_share                  +0.1381      0.5837    +0.24   0.813
  top-10 |Rotemberg weight| markets:
    us fbs                                    alpha_k=+0.640  s_bar=0.1237  g=+0.4812
    chemiluminescent substrates               alpha_k=+0.161  s_bar=0.0971  g=+0.1540
    site-directed mutagenesis systems         alpha_k=-0.130  s_bar=0.0304  g=-0.3961
    first-strand cdna synthesis systems       alpha_k=+0.106  s_bar=0.0501  g=+0.1964
    cell culture nutritional supplements - tryptone  alpha_k=+0.062  s_bar=0.0393  g=+0.1471
    pre-cast bis-tris gels                    alpha_k=+0.053  s_bar=0.0165  g=+0.2985
    acrylamide-bis solution                   alpha_k=+0.049  s_bar=0.0421  g=+0.1082
    column-based gel dna extraction kits      alpha_k=-0.044  s_bar=0.0423  g=-0.0957
    column-based dna plasmid miniprep         alpha_k=+0.033  s_bar=0.0233  g=+0.1307
    rnase inhibitors                          alpha_k=-0.030  s_bar=0.0125  g=-0.2215
  cluster filter (../../external/us_appended_text/author_static_clusters_100_ls.csv, min-foia-per-cluster=2): kept 663,250/1,575,540
  Saved ../../output/shock_balance_treated_hc_cf2.csv
  Saved ../../output/final_imputed_shift_share_treated_hc_cf2.csv
  Saved ../../output/imputed_shares_matrix_treated_hc_cf2.npz  (universe x K_treated imputed share matrix)
  Saved ../../output/imputed_shares_markets_treated_hc_cf2.csv

==============================================================================
Per-version shift-share imputation summary
==============================================================================
   version  n_foia_with_shares  z_hat_mean_universe  z_hat_sd_universe  S_sum_mean_universe  S_sum_sd_universe  eff_n_shocks
        hc                 208               0.0282             0.0345               0.2792             0.1147       18.2821
       all                 208               0.0126             0.0178               0.1148             0.0614       18.0027
treated_hc                 208               0.0930             0.0804               0.9616             0.1922       18.9279

Saved ../../output/shift_share_summary_cf2.csv
Done!
=== k=5  cluster filter: min-foia-per-cluster=5 ===
Loading universe + FOIA id orders ...
Loading shocks from /n/holylabs/LABS/pakes_lab/Lab/sci_eq/analysis/first_stage/output/did_coefs_eb_price.dta ...
  markets with shocks: 46
  g_k stats: mean=0.0669  sd=0.1804  min=-0.3961  max=0.7120
Loading W (tag='') ...
  W shape: (1575540, 208)  nnz: 6,673,916
  W rows with any weight: 1,514,997/1,575,540
  W row-sum stats (nonzero rows): mean=1.0000  p5=1.0000  p95=1.0000
Computing FOIA pre-period characteristics ...

==============================================================================
version=hc   tag=''
==============================================================================
Building FOIA share matrix S from ../../external/exposure_wts/athr_exposure_by_category_hc.dta (version=hc) ...
  S shape: (208, 46)  nnz: 1,414  density: 0.1478
  FOIA PIs with >=1 treated-market share: 208 / 208
  per-market coverage: min=3  p5=3  p50=27  p95=66  max=106
Imputing shares  S_hat = W @ S  ...
Aggregating: z_hat = S_hat @ g,  S_sum = rowsum(S_hat) ...
  effective number of shocks (BHJ-style): 18.28

  --- Exposure level comparison ---
  Self-imputed FOIA exposure (S @ g):
    n nonzero PIs: 208/208
    mean=+0.02785  sd=0.06257  med=+0.01274
  Universe imputed exposure (S_hat @ g):
    n nonzero authors: 1,514,997/1,575,540
    mean=+0.02934  sd=0.03470  med=+0.02249

--- Shock balance (Borusyak-Hull-Jaravel) ---
  Regression: g_k = a + b * X_bar_k + e,  weights = Sum_i s_ik
  H0: shocks are quasi-randomly assigned wrt pre-period X => b approx 0

  characteristic                beta          se        t       p
  log_total_spend            +0.1198      0.0402    +2.98   0.003
  log_lab_spend              +0.1076      0.0365    +2.95   0.003
  n_cats                     +0.0034      0.0013    +2.57   0.010
  lab_share                  +0.0342      0.4011    +0.09   0.932
  top-10 |Rotemberg weight| markets:
    us fbs                                    alpha_k=+0.725  s_bar=0.0425  g=+0.4812
    site-directed mutagenesis systems         alpha_k=-0.139  s_bar=0.0099  g=-0.3961
    chemiluminescent substrates               alpha_k=+0.126  s_bar=0.0231  g=+0.1540
    first-strand cdna synthesis systems       alpha_k=+0.084  s_bar=0.0120  g=+0.1964
    pre-cast bis-tris gels                    alpha_k=+0.072  s_bar=0.0068  g=+0.2985
    column-based microbial dna purification kits  alpha_k=+0.060  s_bar=0.0045  g=+0.3817
    column-based gel dna extraction kits      alpha_k=-0.059  s_bar=0.0174  g=-0.0957
    cell culture nutritional supplements - tryptone  alpha_k=+0.045  s_bar=0.0087  g=+0.1471
    rnase inhibitors                          alpha_k=-0.043  s_bar=0.0055  g=-0.2215
    cell culture dissociation reagents        alpha_k=+0.035  s_bar=0.0038  g=+0.2543
  cluster filter (../../external/us_appended_text/author_static_clusters_100_ls.csv, min-foia-per-cluster=5): kept 383,256/1,575,540
  Saved ../../output/shock_balance_hc_cf5.csv
  Saved ../../output/final_imputed_shift_share_hc_cf5.csv
  Saved ../../output/imputed_shares_matrix_hc_cf5.npz  (universe x K_treated imputed share matrix)
  Saved ../../output/imputed_shares_markets_hc_cf5.csv

==============================================================================
version=all   tag=''
==============================================================================
Building FOIA share matrix S from ../../external/exposure_wts/athr_exposure_by_category_all.dta (version=all) ...
  S shape: (208, 46)  nnz: 1,414  density: 0.1478
  FOIA PIs with >=1 treated-market share: 208 / 208
  per-market coverage: min=3  p5=3  p50=27  p95=66  max=106
Imputing shares  S_hat = W @ S  ...
Aggregating: z_hat = S_hat @ g,  S_sum = rowsum(S_hat) ...
  effective number of shocks (BHJ-style): 18.00

  --- Exposure level comparison ---
  Self-imputed FOIA exposure (S @ g):
    n nonzero PIs: 208/208
    mean=+0.01248  sd=0.03320  med=+0.00472
  Universe imputed exposure (S_hat @ g):
    n nonzero authors: 1,514,997/1,575,540
    mean=+0.01315  sd=0.01795  med=+0.00910

--- Shock balance (Borusyak-Hull-Jaravel) ---
  Regression: g_k = a + b * X_bar_k + e,  weights = Sum_i s_ik
  H0: shocks are quasi-randomly assigned wrt pre-period X => b approx 0

  characteristic                beta          se        t       p
  log_total_spend            +0.0543      0.0310    +1.75   0.080
  log_lab_spend              +0.0541      0.0299    +1.81   0.071
  n_cats                     +0.0020      0.0013    +1.56   0.120
  lab_share                  -0.2409      0.4557    -0.53   0.597
  top-10 |Rotemberg weight| markets:
    us fbs                                    alpha_k=+0.624  s_bar=0.0164  g=+0.4812
    chemiluminescent substrates               alpha_k=+0.128  s_bar=0.0105  g=+0.1540
    column-based microbial dna purification kits  alpha_k=+0.119  s_bar=0.0040  g=+0.3817
    site-directed mutagenesis systems         alpha_k=-0.100  s_bar=0.0032  g=-0.3961
    first-strand cdna synthesis systems       alpha_k=+0.093  s_bar=0.0060  g=+0.1964
    pre-cast bis-tris gels                    alpha_k=+0.068  s_bar=0.0029  g=+0.2985
    cell culture nutritional supplements - tryptone  alpha_k=+0.048  s_bar=0.0042  g=+0.1471
    column-based gel dna extraction kits      alpha_k=-0.047  s_bar=0.0063  g=-0.0957
    rnase inhibitors                          alpha_k=-0.034  s_bar=0.0020  g=-0.2215
    cell culture dissociation reagents        alpha_k=+0.030  s_bar=0.0015  g=+0.2543
  cluster filter (../../external/us_appended_text/author_static_clusters_100_ls.csv, min-foia-per-cluster=5): kept 383,256/1,575,540
  Saved ../../output/shock_balance_all_cf5.csv
  Saved ../../output/final_imputed_shift_share_all_cf5.csv
  Saved ../../output/imputed_shares_matrix_all_cf5.npz  (universe x K_treated imputed share matrix)
  Saved ../../output/imputed_shares_markets_all_cf5.csv

==============================================================================
version=treated_hc   tag=''
==============================================================================
Building FOIA share matrix S from ../../external/exposure_wts/athr_exposure_by_category_treated_hc.dta (version=treated_hc) ...
  S shape: (208, 46)  nnz: 1,414  density: 0.1478
  FOIA PIs with >=1 treated-market share: 208 / 208
  per-market coverage: min=3  p5=3  p50=27  p95=66  max=106
Imputing shares  S_hat = W @ S  ...
Aggregating: z_hat = S_hat @ g,  S_sum = rowsum(S_hat) ...
  effective number of shocks (BHJ-style): 18.93

  --- Exposure level comparison ---
  Self-imputed FOIA exposure (S @ g):
    n nonzero PIs: 208/208
    mean=+0.08214  sd=0.13374  med=+0.06186
  Universe imputed exposure (S_hat @ g):
    n nonzero authors: 1,514,997/1,575,540
    mean=+0.09674  sd=0.07982  med=+0.09069

--- Shock balance (Borusyak-Hull-Jaravel) ---
  Regression: g_k = a + b * X_bar_k + e,  weights = Sum_i s_ik
  H0: shocks are quasi-randomly assigned wrt pre-period X => b approx 0

  characteristic                beta          se        t       p
  log_total_spend            +0.1895      0.0558    +3.40   0.001
  log_lab_spend              +0.1772      0.0520    +3.41   0.001
  n_cats                     +0.0044      0.0016    +2.67   0.008
  lab_share                  +0.1381      0.5837    +0.24   0.813
  top-10 |Rotemberg weight| markets:
    us fbs                                    alpha_k=+0.640  s_bar=0.1237  g=+0.4812
    chemiluminescent substrates               alpha_k=+0.161  s_bar=0.0971  g=+0.1540
    site-directed mutagenesis systems         alpha_k=-0.130  s_bar=0.0304  g=-0.3961
    first-strand cdna synthesis systems       alpha_k=+0.106  s_bar=0.0501  g=+0.1964
    cell culture nutritional supplements - tryptone  alpha_k=+0.062  s_bar=0.0393  g=+0.1471
    pre-cast bis-tris gels                    alpha_k=+0.053  s_bar=0.0165  g=+0.2985
    acrylamide-bis solution                   alpha_k=+0.049  s_bar=0.0421  g=+0.1082
    column-based gel dna extraction kits      alpha_k=-0.044  s_bar=0.0423  g=-0.0957
    column-based dna plasmid miniprep         alpha_k=+0.033  s_bar=0.0233  g=+0.1307
    rnase inhibitors                          alpha_k=-0.030  s_bar=0.0125  g=-0.2215
  cluster filter (../../external/us_appended_text/author_static_clusters_100_ls.csv, min-foia-per-cluster=5): kept 383,256/1,575,540
  Saved ../../output/shock_balance_treated_hc_cf5.csv
  Saved ../../output/final_imputed_shift_share_treated_hc_cf5.csv
  Saved ../../output/imputed_shares_matrix_treated_hc_cf5.npz  (universe x K_treated imputed share matrix)
  Saved ../../output/imputed_shares_markets_treated_hc_cf5.csv

==============================================================================
Per-version shift-share imputation summary
==============================================================================
   version  n_foia_with_shares  z_hat_mean_universe  z_hat_sd_universe  S_sum_mean_universe  S_sum_sd_universe  eff_n_shocks
        hc                 208               0.0282             0.0345               0.2792             0.1147       18.2821
       all                 208               0.0126             0.0178               0.1148             0.0614       18.0027
treated_hc                 208               0.0930             0.0804               0.9616             0.1922       18.9279

Saved ../../output/shift_share_summary_cf5.csv
Done!
######## k=3  (weights tag: '_k3') ########
Recipe: K=3  sharpen=2.0  floor=0.05  unmatched<0.05  L1_normalize=True
Using N_JOBS=48 threads  tag=''
Loading TF-IDF Matrices...
Universe Authors: 1,575,540
FOIA PIs (Targets): 208
X_foia dense size: 19.7 MB
Computing top-3 weights in parallel (batch=25,000)...
[Parallel(n_jobs=48)]: Using backend ThreadingBackend with 48 concurrent workers.
[Parallel(n_jobs=48)]: Done   8 out of  64 | elapsed:    1.6s remaining:   11.3s
[Parallel(n_jobs=48)]: Done  21 out of  64 | elapsed:    2.1s remaining:    4.3s
[Parallel(n_jobs=48)]: Done  34 out of  64 | elapsed:    2.2s remaining:    1.9s
[Parallel(n_jobs=48)]: Done  47 out of  64 | elapsed:    2.2s remaining:    0.8s
[Parallel(n_jobs=48)]: Done  60 out of  64 | elapsed:    2.3s remaining:    0.2s
[Parallel(n_jobs=48)]: Done  64 out of  64 | elapsed:    2.5s finished
Merging results...
Total non-zero weights: 4,266,038
Unmatched authors (max sim < 0.05): 60,543 (3.84%)
Mean max-similarity:   0.1154
Median max-similarity: 0.1047
Saving weight matrix -> ../../output/weight_matrix_k3.npz
Saving per-author match diagnostics...
Done. Weights precomputed.
=== k=3  cluster filter: min-foia-per-cluster=1 ===
Loading universe + FOIA id orders ...
Loading shocks from /n/holylabs/LABS/pakes_lab/Lab/sci_eq/analysis/first_stage/output/did_coefs_eb_price.dta ...
  markets with shocks: 46
  g_k stats: mean=0.0669  sd=0.1804  min=-0.3961  max=0.7120
Loading W (tag='') ...
  W shape: (1575540, 208)  nnz: 4,266,038
  W rows with any weight: 1,514,997/1,575,540
  W row-sum stats (nonzero rows): mean=1.0000  p5=1.0000  p95=1.0000
Computing FOIA pre-period characteristics ...

==============================================================================
version=hc   tag=''
==============================================================================
Building FOIA share matrix S from ../../external/exposure_wts/athr_exposure_by_category_hc.dta (version=hc) ...
  S shape: (208, 46)  nnz: 1,414  density: 0.1478
  FOIA PIs with >=1 treated-market share: 208 / 208
  per-market coverage: min=3  p5=3  p50=27  p95=66  max=106
Imputing shares  S_hat = W @ S  ...
Aggregating: z_hat = S_hat @ g,  S_sum = rowsum(S_hat) ...
  effective number of shocks (BHJ-style): 17.99

  --- Exposure level comparison ---
  Self-imputed FOIA exposure (S @ g):
    n nonzero PIs: 208/208
    mean=+0.02785  sd=0.06257  med=+0.01274
  Universe imputed exposure (S_hat @ g):
    n nonzero authors: 1,514,997/1,575,540
    mean=+0.02966  sd=0.04052  med=+0.02013

--- Shock balance (Borusyak-Hull-Jaravel) ---
  Regression: g_k = a + b * X_bar_k + e,  weights = Sum_i s_ik
  H0: shocks are quasi-randomly assigned wrt pre-period X => b approx 0

  characteristic                beta          se        t       p
  log_total_spend            +0.1198      0.0402    +2.98   0.003
  log_lab_spend              +0.1076      0.0365    +2.95   0.003
  n_cats                     +0.0034      0.0013    +2.57   0.010
  lab_share                  +0.0342      0.4011    +0.09   0.932
  top-10 |Rotemberg weight| markets:
    us fbs                                    alpha_k=+0.726  s_bar=0.0430  g=+0.4812
    site-directed mutagenesis systems         alpha_k=-0.136  s_bar=0.0098  g=-0.3961
    chemiluminescent substrates               alpha_k=+0.126  s_bar=0.0234  g=+0.1540
    first-strand cdna synthesis systems       alpha_k=+0.082  s_bar=0.0119  g=+0.1964
    pre-cast bis-tris gels                    alpha_k=+0.073  s_bar=0.0070  g=+0.2985
    column-based gel dna extraction kits      alpha_k=-0.060  s_bar=0.0178  g=-0.0957
    column-based microbial dna purification kits  alpha_k=+0.058  s_bar=0.0044  g=+0.3817
    cell culture nutritional supplements - tryptone  alpha_k=+0.043  s_bar=0.0084  g=+0.1471
    rnase inhibitors                          alpha_k=-0.043  s_bar=0.0055  g=-0.2215
    cell culture dissociation reagents        alpha_k=+0.036  s_bar=0.0040  g=+0.2543
  cluster filter (../../external/us_appended_text/author_static_clusters_100_ls.csv, min-foia-per-cluster=1): kept 827,013/1,575,540
  Saved ../../output/shock_balance_hc_k3_cf.csv
  Saved ../../output/final_imputed_shift_share_hc_k3_cf.csv
  Saved ../../output/imputed_shares_matrix_hc_k3_cf.npz  (universe x K_treated imputed share matrix)
  Saved ../../output/imputed_shares_markets_hc_k3_cf.csv

==============================================================================
version=all   tag=''
==============================================================================
Building FOIA share matrix S from ../../external/exposure_wts/athr_exposure_by_category_all.dta (version=all) ...
  S shape: (208, 46)  nnz: 1,414  density: 0.1478
  FOIA PIs with >=1 treated-market share: 208 / 208
  per-market coverage: min=3  p5=3  p50=27  p95=66  max=106
Imputing shares  S_hat = W @ S  ...
Aggregating: z_hat = S_hat @ g,  S_sum = rowsum(S_hat) ...
  effective number of shocks (BHJ-style): 17.66

  --- Exposure level comparison ---
  Self-imputed FOIA exposure (S @ g):
    n nonzero PIs: 208/208
    mean=+0.01248  sd=0.03320  med=+0.00472
  Universe imputed exposure (S_hat @ g):
    n nonzero authors: 1,514,997/1,575,540
    mean=+0.01334  sd=0.02079  med=+0.00831

--- Shock balance (Borusyak-Hull-Jaravel) ---
  Regression: g_k = a + b * X_bar_k + e,  weights = Sum_i s_ik
  H0: shocks are quasi-randomly assigned wrt pre-period X => b approx 0

  characteristic                beta          se        t       p
  log_total_spend            +0.0543      0.0310    +1.75   0.080
  log_lab_spend              +0.0541      0.0299    +1.81   0.071
  n_cats                     +0.0020      0.0013    +1.56   0.120
  lab_share                  -0.2409      0.4557    -0.53   0.597
  top-10 |Rotemberg weight| markets:
    us fbs                                    alpha_k=+0.623  s_bar=0.0166  g=+0.4812
    chemiluminescent substrates               alpha_k=+0.130  s_bar=0.0108  g=+0.1540
    column-based microbial dna purification kits  alpha_k=+0.115  s_bar=0.0039  g=+0.3817
    site-directed mutagenesis systems         alpha_k=-0.098  s_bar=0.0032  g=-0.3961
    first-strand cdna synthesis systems       alpha_k=+0.094  s_bar=0.0061  g=+0.1964
    pre-cast bis-tris gels                    alpha_k=+0.071  s_bar=0.0031  g=+0.2985
    column-based gel dna extraction kits      alpha_k=-0.048  s_bar=0.0064  g=-0.0957
    cell culture nutritional supplements - tryptone  alpha_k=+0.046  s_bar=0.0040  g=+0.1471
    rnase inhibitors                          alpha_k=-0.034  s_bar=0.0020  g=-0.2215
    cell culture dissociation reagents        alpha_k=+0.031  s_bar=0.0015  g=+0.2543
  cluster filter (../../external/us_appended_text/author_static_clusters_100_ls.csv, min-foia-per-cluster=1): kept 827,013/1,575,540
  Saved ../../output/shock_balance_all_k3_cf.csv
  Saved ../../output/final_imputed_shift_share_all_k3_cf.csv
  Saved ../../output/imputed_shares_matrix_all_k3_cf.npz  (universe x K_treated imputed share matrix)
  Saved ../../output/imputed_shares_markets_all_k3_cf.csv

==============================================================================
version=treated_hc   tag=''
==============================================================================
Building FOIA share matrix S from ../../external/exposure_wts/athr_exposure_by_category_treated_hc.dta (version=treated_hc) ...
  S shape: (208, 46)  nnz: 1,414  density: 0.1478
  FOIA PIs with >=1 treated-market share: 208 / 208
  per-market coverage: min=3  p5=3  p50=27  p95=66  max=106
Imputing shares  S_hat = W @ S  ...
Aggregating: z_hat = S_hat @ g,  S_sum = rowsum(S_hat) ...
  effective number of shocks (BHJ-style): 18.65

  --- Exposure level comparison ---
  Self-imputed FOIA exposure (S @ g):
    n nonzero PIs: 208/208
    mean=+0.08214  sd=0.13374  med=+0.06186
  Universe imputed exposure (S_hat @ g):
    n nonzero authors: 1,514,997/1,575,540
    mean=+0.09746  sd=0.09238  med=+0.08799

--- Shock balance (Borusyak-Hull-Jaravel) ---
  Regression: g_k = a + b * X_bar_k + e,  weights = Sum_i s_ik
  H0: shocks are quasi-randomly assigned wrt pre-period X => b approx 0

  characteristic                beta          se        t       p
  log_total_spend            +0.1895      0.0558    +3.40   0.001
  log_lab_spend              +0.1772      0.0520    +3.41   0.001
  n_cats                     +0.0044      0.0016    +2.67   0.008
  lab_share                  +0.1381      0.5837    +0.24   0.813
  top-10 |Rotemberg weight| markets:
    us fbs                                    alpha_k=+0.640  s_bar=0.1246  g=+0.4812
    chemiluminescent substrates               alpha_k=+0.162  s_bar=0.0985  g=+0.1540
    site-directed mutagenesis systems         alpha_k=-0.128  s_bar=0.0303  g=-0.3961
    first-strand cdna synthesis systems       alpha_k=+0.106  s_bar=0.0506  g=+0.1964
    cell culture nutritional supplements - tryptone  alpha_k=+0.060  s_bar=0.0380  g=+0.1471
    pre-cast bis-tris gels                    alpha_k=+0.052  s_bar=0.0164  g=+0.2985
    acrylamide-bis solution                   alpha_k=+0.051  s_bar=0.0442  g=+0.1082
    column-based gel dna extraction kits      alpha_k=-0.044  s_bar=0.0430  g=-0.0957
    column-based dna plasmid miniprep         alpha_k=+0.033  s_bar=0.0238  g=+0.1307
    rnase inhibitors                          alpha_k=-0.030  s_bar=0.0126  g=-0.2215
  cluster filter (../../external/us_appended_text/author_static_clusters_100_ls.csv, min-foia-per-cluster=1): kept 827,013/1,575,540
  Saved ../../output/shock_balance_treated_hc_k3_cf.csv
  Saved ../../output/final_imputed_shift_share_treated_hc_k3_cf.csv
  Saved ../../output/imputed_shares_matrix_treated_hc_k3_cf.npz  (universe x K_treated imputed share matrix)
  Saved ../../output/imputed_shares_markets_treated_hc_k3_cf.csv

==============================================================================
Per-version shift-share imputation summary
==============================================================================
   version  n_foia_with_shares  z_hat_mean_universe  z_hat_sd_universe  S_sum_mean_universe  S_sum_sd_universe  eff_n_shocks
        hc                 208               0.0285             0.0401               0.2795             0.1289       17.9889
       all                 208               0.0128             0.0206               0.1155             0.0713       17.6568
treated_hc                 208               0.0937             0.0925               0.9616             0.1922       18.6506

Saved ../../output/shift_share_summary_k3_cf.csv
Done!
=== k=3  cluster filter: min-foia-per-cluster=2 ===
Loading universe + FOIA id orders ...
Loading shocks from /n/holylabs/LABS/pakes_lab/Lab/sci_eq/analysis/first_stage/output/did_coefs_eb_price.dta ...
  markets with shocks: 46
  g_k stats: mean=0.0669  sd=0.1804  min=-0.3961  max=0.7120
Loading W (tag='') ...
  W shape: (1575540, 208)  nnz: 4,266,038
  W rows with any weight: 1,514,997/1,575,540
  W row-sum stats (nonzero rows): mean=1.0000  p5=1.0000  p95=1.0000
Computing FOIA pre-period characteristics ...

==============================================================================
version=hc   tag=''
==============================================================================
Building FOIA share matrix S from ../../external/exposure_wts/athr_exposure_by_category_hc.dta (version=hc) ...
  S shape: (208, 46)  nnz: 1,414  density: 0.1478
  FOIA PIs with >=1 treated-market share: 208 / 208
  per-market coverage: min=3  p5=3  p50=27  p95=66  max=106
Imputing shares  S_hat = W @ S  ...
Aggregating: z_hat = S_hat @ g,  S_sum = rowsum(S_hat) ...
  effective number of shocks (BHJ-style): 17.99

  --- Exposure level comparison ---
  Self-imputed FOIA exposure (S @ g):
    n nonzero PIs: 208/208
    mean=+0.02785  sd=0.06257  med=+0.01274
  Universe imputed exposure (S_hat @ g):
    n nonzero authors: 1,514,997/1,575,540
    mean=+0.02966  sd=0.04052  med=+0.02013

--- Shock balance (Borusyak-Hull-Jaravel) ---
  Regression: g_k = a + b * X_bar_k + e,  weights = Sum_i s_ik
  H0: shocks are quasi-randomly assigned wrt pre-period X => b approx 0

  characteristic                beta          se        t       p
  log_total_spend            +0.1198      0.0402    +2.98   0.003
  log_lab_spend              +0.1076      0.0365    +2.95   0.003
  n_cats                     +0.0034      0.0013    +2.57   0.010
  lab_share                  +0.0342      0.4011    +0.09   0.932
  top-10 |Rotemberg weight| markets:
    us fbs                                    alpha_k=+0.726  s_bar=0.0430  g=+0.4812
    site-directed mutagenesis systems         alpha_k=-0.136  s_bar=0.0098  g=-0.3961
    chemiluminescent substrates               alpha_k=+0.126  s_bar=0.0234  g=+0.1540
    first-strand cdna synthesis systems       alpha_k=+0.082  s_bar=0.0119  g=+0.1964
    pre-cast bis-tris gels                    alpha_k=+0.073  s_bar=0.0070  g=+0.2985
    column-based gel dna extraction kits      alpha_k=-0.060  s_bar=0.0178  g=-0.0957
    column-based microbial dna purification kits  alpha_k=+0.058  s_bar=0.0044  g=+0.3817
    cell culture nutritional supplements - tryptone  alpha_k=+0.043  s_bar=0.0084  g=+0.1471
    rnase inhibitors                          alpha_k=-0.043  s_bar=0.0055  g=-0.2215
    cell culture dissociation reagents        alpha_k=+0.036  s_bar=0.0040  g=+0.2543
  cluster filter (../../external/us_appended_text/author_static_clusters_100_ls.csv, min-foia-per-cluster=2): kept 663,250/1,575,540
  Saved ../../output/shock_balance_hc_k3_cf2.csv
  Saved ../../output/final_imputed_shift_share_hc_k3_cf2.csv
  Saved ../../output/imputed_shares_matrix_hc_k3_cf2.npz  (universe x K_treated imputed share matrix)
  Saved ../../output/imputed_shares_markets_hc_k3_cf2.csv

==============================================================================
version=all   tag=''
==============================================================================
Building FOIA share matrix S from ../../external/exposure_wts/athr_exposure_by_category_all.dta (version=all) ...
  S shape: (208, 46)  nnz: 1,414  density: 0.1478
  FOIA PIs with >=1 treated-market share: 208 / 208
  per-market coverage: min=3  p5=3  p50=27  p95=66  max=106
Imputing shares  S_hat = W @ S  ...
Aggregating: z_hat = S_hat @ g,  S_sum = rowsum(S_hat) ...
  effective number of shocks (BHJ-style): 17.66

  --- Exposure level comparison ---
  Self-imputed FOIA exposure (S @ g):
    n nonzero PIs: 208/208
    mean=+0.01248  sd=0.03320  med=+0.00472
  Universe imputed exposure (S_hat @ g):
    n nonzero authors: 1,514,997/1,575,540
    mean=+0.01334  sd=0.02079  med=+0.00831

--- Shock balance (Borusyak-Hull-Jaravel) ---
  Regression: g_k = a + b * X_bar_k + e,  weights = Sum_i s_ik
  H0: shocks are quasi-randomly assigned wrt pre-period X => b approx 0

  characteristic                beta          se        t       p
  log_total_spend            +0.0543      0.0310    +1.75   0.080
  log_lab_spend              +0.0541      0.0299    +1.81   0.071
  n_cats                     +0.0020      0.0013    +1.56   0.120
  lab_share                  -0.2409      0.4557    -0.53   0.597
  top-10 |Rotemberg weight| markets:
    us fbs                                    alpha_k=+0.623  s_bar=0.0166  g=+0.4812
    chemiluminescent substrates               alpha_k=+0.130  s_bar=0.0108  g=+0.1540
    column-based microbial dna purification kits  alpha_k=+0.115  s_bar=0.0039  g=+0.3817
    site-directed mutagenesis systems         alpha_k=-0.098  s_bar=0.0032  g=-0.3961
    first-strand cdna synthesis systems       alpha_k=+0.094  s_bar=0.0061  g=+0.1964
    pre-cast bis-tris gels                    alpha_k=+0.071  s_bar=0.0031  g=+0.2985
    column-based gel dna extraction kits      alpha_k=-0.048  s_bar=0.0064  g=-0.0957
    cell culture nutritional supplements - tryptone  alpha_k=+0.046  s_bar=0.0040  g=+0.1471
    rnase inhibitors                          alpha_k=-0.034  s_bar=0.0020  g=-0.2215
    cell culture dissociation reagents        alpha_k=+0.031  s_bar=0.0015  g=+0.2543
  cluster filter (../../external/us_appended_text/author_static_clusters_100_ls.csv, min-foia-per-cluster=2): kept 663,250/1,575,540
  Saved ../../output/shock_balance_all_k3_cf2.csv
  Saved ../../output/final_imputed_shift_share_all_k3_cf2.csv
  Saved ../../output/imputed_shares_matrix_all_k3_cf2.npz  (universe x K_treated imputed share matrix)
  Saved ../../output/imputed_shares_markets_all_k3_cf2.csv

==============================================================================
version=treated_hc   tag=''
==============================================================================
Building FOIA share matrix S from ../../external/exposure_wts/athr_exposure_by_category_treated_hc.dta (version=treated_hc) ...
  S shape: (208, 46)  nnz: 1,414  density: 0.1478
  FOIA PIs with >=1 treated-market share: 208 / 208
  per-market coverage: min=3  p5=3  p50=27  p95=66  max=106
Imputing shares  S_hat = W @ S  ...
Aggregating: z_hat = S_hat @ g,  S_sum = rowsum(S_hat) ...
  effective number of shocks (BHJ-style): 18.65

  --- Exposure level comparison ---
  Self-imputed FOIA exposure (S @ g):
    n nonzero PIs: 208/208
    mean=+0.08214  sd=0.13374  med=+0.06186
  Universe imputed exposure (S_hat @ g):
    n nonzero authors: 1,514,997/1,575,540
    mean=+0.09746  sd=0.09238  med=+0.08799

--- Shock balance (Borusyak-Hull-Jaravel) ---
  Regression: g_k = a + b * X_bar_k + e,  weights = Sum_i s_ik
  H0: shocks are quasi-randomly assigned wrt pre-period X => b approx 0

  characteristic                beta          se        t       p
  log_total_spend            +0.1895      0.0558    +3.40   0.001
  log_lab_spend              +0.1772      0.0520    +3.41   0.001
  n_cats                     +0.0044      0.0016    +2.67   0.008
  lab_share                  +0.1381      0.5837    +0.24   0.813
  top-10 |Rotemberg weight| markets:
    us fbs                                    alpha_k=+0.640  s_bar=0.1246  g=+0.4812
    chemiluminescent substrates               alpha_k=+0.162  s_bar=0.0985  g=+0.1540
    site-directed mutagenesis systems         alpha_k=-0.128  s_bar=0.0303  g=-0.3961
    first-strand cdna synthesis systems       alpha_k=+0.106  s_bar=0.0506  g=+0.1964
    cell culture nutritional supplements - tryptone  alpha_k=+0.060  s_bar=0.0380  g=+0.1471
    pre-cast bis-tris gels                    alpha_k=+0.052  s_bar=0.0164  g=+0.2985
    acrylamide-bis solution                   alpha_k=+0.051  s_bar=0.0442  g=+0.1082
    column-based gel dna extraction kits      alpha_k=-0.044  s_bar=0.0430  g=-0.0957
    column-based dna plasmid miniprep         alpha_k=+0.033  s_bar=0.0238  g=+0.1307
    rnase inhibitors                          alpha_k=-0.030  s_bar=0.0126  g=-0.2215
  cluster filter (../../external/us_appended_text/author_static_clusters_100_ls.csv, min-foia-per-cluster=2): kept 663,250/1,575,540
  Saved ../../output/shock_balance_treated_hc_k3_cf2.csv
  Saved ../../output/final_imputed_shift_share_treated_hc_k3_cf2.csv
  Saved ../../output/imputed_shares_matrix_treated_hc_k3_cf2.npz  (universe x K_treated imputed share matrix)
  Saved ../../output/imputed_shares_markets_treated_hc_k3_cf2.csv

==============================================================================
Per-version shift-share imputation summary
==============================================================================
   version  n_foia_with_shares  z_hat_mean_universe  z_hat_sd_universe  S_sum_mean_universe  S_sum_sd_universe  eff_n_shocks
        hc                 208               0.0285             0.0401               0.2795             0.1289       17.9889
       all                 208               0.0128             0.0206               0.1155             0.0713       17.6568
treated_hc                 208               0.0937             0.0925               0.9616             0.1922       18.6506

Saved ../../output/shift_share_summary_k3_cf2.csv
Done!
=== k=3  cluster filter: min-foia-per-cluster=5 ===
Loading universe + FOIA id orders ...
Loading shocks from /n/holylabs/LABS/pakes_lab/Lab/sci_eq/analysis/first_stage/output/did_coefs_eb_price.dta ...
  markets with shocks: 46
  g_k stats: mean=0.0669  sd=0.1804  min=-0.3961  max=0.7120
Loading W (tag='') ...
  W shape: (1575540, 208)  nnz: 4,266,038
  W rows with any weight: 1,514,997/1,575,540
  W row-sum stats (nonzero rows): mean=1.0000  p5=1.0000  p95=1.0000
Computing FOIA pre-period characteristics ...

==============================================================================
version=hc   tag=''
==============================================================================
Building FOIA share matrix S from ../../external/exposure_wts/athr_exposure_by_category_hc.dta (version=hc) ...
  S shape: (208, 46)  nnz: 1,414  density: 0.1478
  FOIA PIs with >=1 treated-market share: 208 / 208
  per-market coverage: min=3  p5=3  p50=27  p95=66  max=106
Imputing shares  S_hat = W @ S  ...
Aggregating: z_hat = S_hat @ g,  S_sum = rowsum(S_hat) ...
  effective number of shocks (BHJ-style): 17.99

  --- Exposure level comparison ---
  Self-imputed FOIA exposure (S @ g):
    n nonzero PIs: 208/208
    mean=+0.02785  sd=0.06257  med=+0.01274
  Universe imputed exposure (S_hat @ g):
    n nonzero authors: 1,514,997/1,575,540
    mean=+0.02966  sd=0.04052  med=+0.02013

--- Shock balance (Borusyak-Hull-Jaravel) ---
  Regression: g_k = a + b * X_bar_k + e,  weights = Sum_i s_ik
  H0: shocks are quasi-randomly assigned wrt pre-period X => b approx 0

  characteristic                beta          se        t       p
  log_total_spend            +0.1198      0.0402    +2.98   0.003
  log_lab_spend              +0.1076      0.0365    +2.95   0.003
  n_cats                     +0.0034      0.0013    +2.57   0.010
  lab_share                  +0.0342      0.4011    +0.09   0.932
  top-10 |Rotemberg weight| markets:
    us fbs                                    alpha_k=+0.726  s_bar=0.0430  g=+0.4812
    site-directed mutagenesis systems         alpha_k=-0.136  s_bar=0.0098  g=-0.3961
    chemiluminescent substrates               alpha_k=+0.126  s_bar=0.0234  g=+0.1540
    first-strand cdna synthesis systems       alpha_k=+0.082  s_bar=0.0119  g=+0.1964
    pre-cast bis-tris gels                    alpha_k=+0.073  s_bar=0.0070  g=+0.2985
    column-based gel dna extraction kits      alpha_k=-0.060  s_bar=0.0178  g=-0.0957
    column-based microbial dna purification kits  alpha_k=+0.058  s_bar=0.0044  g=+0.3817
    cell culture nutritional supplements - tryptone  alpha_k=+0.043  s_bar=0.0084  g=+0.1471
    rnase inhibitors                          alpha_k=-0.043  s_bar=0.0055  g=-0.2215
    cell culture dissociation reagents        alpha_k=+0.036  s_bar=0.0040  g=+0.2543
  cluster filter (../../external/us_appended_text/author_static_clusters_100_ls.csv, min-foia-per-cluster=5): kept 383,256/1,575,540
  Saved ../../output/shock_balance_hc_k3_cf5.csv
  Saved ../../output/final_imputed_shift_share_hc_k3_cf5.csv
  Saved ../../output/imputed_shares_matrix_hc_k3_cf5.npz  (universe x K_treated imputed share matrix)
  Saved ../../output/imputed_shares_markets_hc_k3_cf5.csv

==============================================================================
version=all   tag=''
==============================================================================
Building FOIA share matrix S from ../../external/exposure_wts/athr_exposure_by_category_all.dta (version=all) ...
  S shape: (208, 46)  nnz: 1,414  density: 0.1478
  FOIA PIs with >=1 treated-market share: 208 / 208
  per-market coverage: min=3  p5=3  p50=27  p95=66  max=106
Imputing shares  S_hat = W @ S  ...
Aggregating: z_hat = S_hat @ g,  S_sum = rowsum(S_hat) ...
  effective number of shocks (BHJ-style): 17.66

  --- Exposure level comparison ---
  Self-imputed FOIA exposure (S @ g):
    n nonzero PIs: 208/208
    mean=+0.01248  sd=0.03320  med=+0.00472
  Universe imputed exposure (S_hat @ g):
    n nonzero authors: 1,514,997/1,575,540
    mean=+0.01334  sd=0.02079  med=+0.00831

--- Shock balance (Borusyak-Hull-Jaravel) ---
  Regression: g_k = a + b * X_bar_k + e,  weights = Sum_i s_ik
  H0: shocks are quasi-randomly assigned wrt pre-period X => b approx 0

  characteristic                beta          se        t       p
  log_total_spend            +0.0543      0.0310    +1.75   0.080
  log_lab_spend              +0.0541      0.0299    +1.81   0.071
  n_cats                     +0.0020      0.0013    +1.56   0.120
  lab_share                  -0.2409      0.4557    -0.53   0.597
  top-10 |Rotemberg weight| markets:
    us fbs                                    alpha_k=+0.623  s_bar=0.0166  g=+0.4812
    chemiluminescent substrates               alpha_k=+0.130  s_bar=0.0108  g=+0.1540
    column-based microbial dna purification kits  alpha_k=+0.115  s_bar=0.0039  g=+0.3817
    site-directed mutagenesis systems         alpha_k=-0.098  s_bar=0.0032  g=-0.3961
    first-strand cdna synthesis systems       alpha_k=+0.094  s_bar=0.0061  g=+0.1964
    pre-cast bis-tris gels                    alpha_k=+0.071  s_bar=0.0031  g=+0.2985
    column-based gel dna extraction kits      alpha_k=-0.048  s_bar=0.0064  g=-0.0957
    cell culture nutritional supplements - tryptone  alpha_k=+0.046  s_bar=0.0040  g=+0.1471
    rnase inhibitors                          alpha_k=-0.034  s_bar=0.0020  g=-0.2215
    cell culture dissociation reagents        alpha_k=+0.031  s_bar=0.0015  g=+0.2543
  cluster filter (../../external/us_appended_text/author_static_clusters_100_ls.csv, min-foia-per-cluster=5): kept 383,256/1,575,540
  Saved ../../output/shock_balance_all_k3_cf5.csv
  Saved ../../output/final_imputed_shift_share_all_k3_cf5.csv
  Saved ../../output/imputed_shares_matrix_all_k3_cf5.npz  (universe x K_treated imputed share matrix)
  Saved ../../output/imputed_shares_markets_all_k3_cf5.csv

==============================================================================
version=treated_hc   tag=''
==============================================================================
Building FOIA share matrix S from ../../external/exposure_wts/athr_exposure_by_category_treated_hc.dta (version=treated_hc) ...
  S shape: (208, 46)  nnz: 1,414  density: 0.1478
  FOIA PIs with >=1 treated-market share: 208 / 208
  per-market coverage: min=3  p5=3  p50=27  p95=66  max=106
Imputing shares  S_hat = W @ S  ...
Aggregating: z_hat = S_hat @ g,  S_sum = rowsum(S_hat) ...
  effective number of shocks (BHJ-style): 18.65

  --- Exposure level comparison ---
  Self-imputed FOIA exposure (S @ g):
    n nonzero PIs: 208/208
    mean=+0.08214  sd=0.13374  med=+0.06186
  Universe imputed exposure (S_hat @ g):
    n nonzero authors: 1,514,997/1,575,540
    mean=+0.09746  sd=0.09238  med=+0.08799

--- Shock balance (Borusyak-Hull-Jaravel) ---
  Regression: g_k = a + b * X_bar_k + e,  weights = Sum_i s_ik
  H0: shocks are quasi-randomly assigned wrt pre-period X => b approx 0

  characteristic                beta          se        t       p
  log_total_spend            +0.1895      0.0558    +3.40   0.001
  log_lab_spend              +0.1772      0.0520    +3.41   0.001
  n_cats                     +0.0044      0.0016    +2.67   0.008
  lab_share                  +0.1381      0.5837    +0.24   0.813
  top-10 |Rotemberg weight| markets:
    us fbs                                    alpha_k=+0.640  s_bar=0.1246  g=+0.4812
    chemiluminescent substrates               alpha_k=+0.162  s_bar=0.0985  g=+0.1540
    site-directed mutagenesis systems         alpha_k=-0.128  s_bar=0.0303  g=-0.3961
    first-strand cdna synthesis systems       alpha_k=+0.106  s_bar=0.0506  g=+0.1964
    cell culture nutritional supplements - tryptone  alpha_k=+0.060  s_bar=0.0380  g=+0.1471
    pre-cast bis-tris gels                    alpha_k=+0.052  s_bar=0.0164  g=+0.2985
    acrylamide-bis solution                   alpha_k=+0.051  s_bar=0.0442  g=+0.1082
    column-based gel dna extraction kits      alpha_k=-0.044  s_bar=0.0430  g=-0.0957
    column-based dna plasmid miniprep         alpha_k=+0.033  s_bar=0.0238  g=+0.1307
    rnase inhibitors                          alpha_k=-0.030  s_bar=0.0126  g=-0.2215
  cluster filter (../../external/us_appended_text/author_static_clusters_100_ls.csv, min-foia-per-cluster=5): kept 383,256/1,575,540
  Saved ../../output/shock_balance_treated_hc_k3_cf5.csv
  Saved ../../output/final_imputed_shift_share_treated_hc_k3_cf5.csv
  Saved ../../output/imputed_shares_matrix_treated_hc_k3_cf5.npz  (universe x K_treated imputed share matrix)
  Saved ../../output/imputed_shares_markets_treated_hc_k3_cf5.csv

==============================================================================
Per-version shift-share imputation summary
==============================================================================
   version  n_foia_with_shares  z_hat_mean_universe  z_hat_sd_universe  S_sum_mean_universe  S_sum_sd_universe  eff_n_shocks
        hc                 208               0.0285             0.0401               0.2795             0.1289       17.9889
       all                 208               0.0128             0.0206               0.1155             0.0713       17.6568
treated_hc                 208               0.0937             0.0925               0.9616             0.1922       18.6506

Saved ../../output/shift_share_summary_k3_cf5.csv
Done!
