Stage: full   CPUs: 48
Using N_JOBS=48 for parallel transform
Output tag suffix: ''
Loading Universe Data...
Total authors loaded: 1860867
Filtering empty text...
Dropped 0 authors with no text.
Final Universe Size: 1860867
Loading FOIA Data...
FOIA PIs: 208
Fitting vectorizer (min_df=5, max_df=0.15, max_features=100000)...
  fit on 500,000-row universe sample + 208 FOIA docs (min_df=1)...
Vocab size after fit: 100000
Transforming FOIA...
FOIA-aware prune (min=2, max_frac=0.85): keeping 25487 / 100000 features (dropped 74513)
Transforming universe in 94 chunks of ≤20,000 rows across 48 workers...
[Parallel(n_jobs=48)]: Using backend LokyBackend with 48 concurrent workers.
[Parallel(n_jobs=48)]: Done  18 out of  94 | elapsed:   29.8s remaining:  2.1min
[Parallel(n_jobs=48)]: Done  37 out of  94 | elapsed:   47.0s remaining:  1.2min
[Parallel(n_jobs=48)]: Done  56 out of  94 | elapsed:  1.0min remaining:   42.7s
[Parallel(n_jobs=48)]: Done  75 out of  94 | elapsed:  1.4min remaining:   20.8s
[Parallel(n_jobs=48)]: Done  94 out of  94 | elapsed:  1.6min finished
Universe Matrix Shape: (1860867, 25487)
FOIA Matrix Shape:     (208, 25487)
Saving Sparse Matrices...
Saving ID Lists...
Saving Feature Names (Vocabulary)...
Vectorization Complete.
Recipe: K=5  sharpen=2.0  floor=0.05  unmatched<0.05  L1_normalize=True
Using N_JOBS=48 threads  tag=''
Loading TF-IDF Matrices...
Universe Authors: 1,860,867
FOIA PIs (Targets): 208
X_foia dense size: 21.2 MB
Computing top-5 weights in parallel (batch=25,000)...
[Parallel(n_jobs=48)]: Using backend ThreadingBackend with 48 concurrent workers.
[Parallel(n_jobs=48)]: Done  12 out of  75 | elapsed:    1.0s remaining:    5.1s
[Parallel(n_jobs=48)]: Done  28 out of  75 | elapsed:    1.2s remaining:    2.0s
[Parallel(n_jobs=48)]: Done  44 out of  75 | elapsed:    1.2s remaining:    0.9s
[Parallel(n_jobs=48)]: Done  60 out of  75 | elapsed:    1.6s remaining:    0.4s
[Parallel(n_jobs=48)]: Done  75 out of  75 | elapsed:    1.7s finished
Merging results...
Total non-zero weights: 7,846,102
Unmatched authors (max sim < 0.05): 77,824 (4.18%)
Mean max-similarity:   0.1139
Median max-similarity: 0.1030
Saving weight matrix -> ../../output/weight_matrix.npz
Saving per-author match diagnostics...
Done. Weights precomputed.
Loading Pre-Computed Weights (tag='', rescale=none)...
  W shape: (1860867, 208)  nnz: 7,846,102
Loading IDs...

========== version=hc ==========
Aligning exposure data from ../../external/exposure_wts/athr_exposure_hc.dta...
Imputing ['exposure', 'mkt_spend_shr', 'hc_spend_shr'] via W.dot()...
  exposure: mean=0.02819  sd=0.03590  nonzero=1,783,043/1,860,867
  mkt_spend_shr: mean=0.28301  sd=0.11769  nonzero=1,783,043/1,860,867
  hc_spend_shr: mean=0.38973  sd=0.12923  nonzero=1,783,043/1,860,867
Saved ../../output/final_imputed_exposure_hc.csv

========== version=all ==========
Aligning exposure data from ../../external/exposure_wts/athr_exposure_all.dta...
Imputing ['exposure', 'mkt_spend_shr', 'hc_spend_shr'] via W.dot()...
  exposure: mean=0.01323  sd=0.01990  nonzero=1,783,043/1,860,867
  mkt_spend_shr: mean=0.11842  sd=0.06616  nonzero=1,783,043/1,860,867
  hc_spend_shr: mean=0.38973  sd=0.12923  nonzero=1,783,043/1,860,867
Saved ../../output/final_imputed_exposure_all.csv

========== version=treated_hc ==========
Aligning exposure data from ../../external/exposure_wts/athr_exposure_treated_hc.dta...
Imputing ['exposure', 'mkt_spend_shr', 'hc_spend_shr'] via W.dot()...
  exposure: mean=0.09191  sd=0.08211  nonzero=1,783,043/1,860,867
  mkt_spend_shr: mean=0.95818  sd=0.20018  nonzero=1,783,043/1,860,867
  hc_spend_shr: mean=0.38973  sd=0.12923  nonzero=1,783,043/1,860,867
Saved ../../output/final_imputed_exposure_treated_hc.csv

Done!
