=== K sweep ===
Config: ks=[1, 2, 3, 4, 5, 7, 10, 20]  sharpen=2.0  floor=0.05  folds=20  holdout_frac=0.2  version=hc  tag=
Loading FOIA matrix + exposures...
  FOIA: (208, 25493)   exposure mean=0.0237 sd=0.0563

=== (1) Holdout stress sweep ===
 k slice   n      corr      mae      mse        r2     slope
 1   ALL 840  0.138334 0.044334 0.005573 -0.508068  0.118181
 1    Q1 167  0.016121 0.058258 0.009237 -0.633752  0.012666
 1    Q5 171  0.587417 0.032962 0.002338  0.252058  0.524193
 2   ALL 840  0.099495 0.042997 0.004894 -0.324360  0.066913
 2    Q1 167 -0.042218 0.055592 0.007572 -0.339356 -0.021302
 2    Q5 171  0.586559 0.030617 0.002129  0.318782  0.435471
 3   ALL 840  0.121244 0.041083 0.004414 -0.194401  0.069275
 3    Q1 167  0.004027 0.055087 0.006926 -0.225111  0.001788
 3    Q5 171  0.564117 0.030761 0.002184  0.301381  0.389344
 4   ALL 840  0.158412 0.039280 0.004081 -0.104142  0.080895
 4    Q1 167  0.098122 0.053082 0.006192 -0.095212  0.036561
 4    Q5 171  0.549133 0.030100 0.002222  0.289093  0.359704
 5   ALL 840  0.165639 0.038961 0.003974 -0.075341  0.079339
 5    Q1 167  0.017409 0.053961 0.006375 -0.127527  0.005942
 5    Q5 171  0.542986 0.030321 0.002237  0.284394  0.346359
 7   ALL 840  0.163377 0.038734 0.003884 -0.051065  0.070652
 7    Q1 167 -0.016294 0.054805 0.006309 -0.115948 -0.004962
 7    Q5 171  0.538934 0.030774 0.002236  0.284598  0.331505
10   ALL 840  0.196820 0.037392 0.003703 -0.001866  0.074729
10    Q1 167  0.062039 0.051940 0.005955 -0.053340  0.016266
10    Q5 171  0.516375 0.030865 0.002311  0.260481  0.306008
20   ALL 840  0.203711 0.036010 0.003612  0.022670  0.060787
20    Q1 167  0.060643 0.049919 0.005838 -0.032589  0.011257
20    Q5 171  0.486215 0.031167 0.002397  0.233273  0.254774
Saved: ../../output/k_sweep_holdout_hc.csv

=== (2) Coauthor validation sweep ===
/n/holylabs/pakes_lab/Lab/sci_eq/derived/openalex/foia_similarity_wts/code/tfidf/k_sweep.py:208: DeprecationWarning: the `streaming` parameter was deprecated in 1.25.0; use `engine` instead.
  foia_edges.join(co_edges, on="id", how="inner")
 k copub_cut  median_rank  pct_top5     n      corr      mae      mse        r2     slope
 1       ALL         11.0  0.378285 37099  0.165470 0.040517 0.004893 -0.795069  0.177076
 1       >=5         11.0  0.385598   861  0.146533 0.041042 0.004790 -0.740253  0.149242
 1      >=10          8.5  0.441441   222  0.220192 0.034374 0.003289 -0.436666  0.201528
 1      >=20          9.0  0.418605    43 -0.106518 0.037262 0.004265 -0.515593 -0.065159
 2       ALL         11.0  0.378285 37099  0.188259 0.038782 0.003670 -0.346304  0.150890
 2       >=5         11.0  0.385598   861  0.151181 0.039316 0.003638 -0.321913  0.111380
 2      >=10          8.5  0.441441   222  0.212861 0.035351 0.002857 -0.247963  0.157526
 2      >=20          9.0  0.418605    43 -0.057723 0.035637 0.003533 -0.255304 -0.024610
 3       ALL         11.0  0.378285 37099  0.198863 0.037209 0.003258 -0.195332  0.134846
 3       >=5         11.0  0.385598   861  0.195993 0.038043 0.003186 -0.157458  0.124390
 3      >=10          8.5  0.441441   222  0.293246 0.034780 0.002474 -0.080630  0.199156
 3      >=20          9.0  0.418605    43  0.520747 0.029483 0.002127  0.244287  0.230698
 4       ALL         11.0  0.378285 37099  0.202436 0.036408 0.003080 -0.130014  0.123508
 4       >=5         11.0  0.385598   861  0.190036 0.037495 0.003052 -0.108709  0.107897
 4      >=10          8.5  0.441441   222  0.293664 0.033637 0.002302 -0.005403  0.169821
 4      >=20          9.0  0.418605    43  0.438050 0.029176 0.002360  0.161377  0.154507
 5       ALL         11.0  0.378285 37099  0.202058 0.035839 0.002983 -0.094364  0.113847
 5       >=5         11.0  0.385598   861  0.177390 0.037409 0.003010 -0.093445  0.093525
 5      >=10          8.5  0.441441   222  0.269384 0.033945 0.002317 -0.012136  0.144641
 5      >=20          9.0  0.418605    43  0.372557 0.029781 0.002509  0.108610  0.120622
 7       ALL         11.0  0.378285 37099  0.201926 0.035056 0.002876 -0.055148  0.101980
 7       >=5         11.0  0.385598   861  0.169363 0.036684 0.002923 -0.061863  0.078922
 7      >=10          8.5  0.441441   222  0.215091 0.034345 0.002355 -0.028731  0.099460
 7      >=20          9.0  0.418605    43  0.340377 0.030115 0.002628  0.066068  0.090800
10       ALL         11.0  0.378285 37099  0.196874 0.034386 0.002810 -0.030918  0.089547
10       >=5         11.0  0.385598   861  0.163493 0.036251 0.002861 -0.039515  0.068259
10      >=10          8.5  0.441441   222  0.209980 0.033621 0.002281  0.003643  0.081170
10      >=20          9.0  0.418605    43  0.296888 0.030227 0.002704  0.039032  0.065227
20       ALL         11.0  0.378285 37099  0.179154 0.033430 0.002763 -0.013583  0.069634
20       >=5         11.0  0.385598   861  0.138857 0.035612 0.002825 -0.026403  0.048635
20      >=10          8.5  0.441441   222  0.189477 0.032701 0.002250  0.017276  0.057189
20      >=20          9.0  0.418605    43  0.252497 0.030355 0.002767  0.016886  0.047978
Saved: ../../output/k_sweep_coauthor_hc.csv

=== (3) Cross-cluster sweep (loads full universe TF-IDF) ===
  Universe: (1860867, 25493)
  cluster labels: FOIA no-cluster=3/208  univ no-cluster=0/1,860,867
  computing universe -> FOIA cosine (once, 1,860,867 x 208)...
  done, sim_top: 149 MB
 k  n_clusters  corr_unweighted  corr_weighted    slope
 1          25         0.620617       0.665332 0.174777
 2          25         0.646469       0.691926 0.165879
 3          25         0.660385       0.707049 0.159354
 4          25         0.664918       0.711091 0.152153
 5          25         0.668090       0.713339 0.146137
 7          25         0.673127       0.715718 0.137177
10          25         0.677642       0.717353 0.128442
20          25         0.685853       0.722567 0.114864
Saved: ../../output/k_sweep_cluster_hc.csv
Saved figure: ../../output/figures/k_sweep_evidence_hc.png

Done.
