Loading universe + FOIA id orders ...
Loading shocks from /n/holylabs/LABS/pakes_lab/Lab/sci_eq/analysis/first_stage/output/did_coefs_eb_price.dta ...
  markets with shocks: 46
  g_k stats: mean=0.0669  sd=0.1804  min=-0.3961  max=0.7120
Loading W (tag='', k=3) ...
  W shape: (1860867, 208)  nnz: 5,011,841
  W rows with any weight: 1,783,003/1,860,867
  W row-sum stats (nonzero rows): mean=1.0000  p5=1.0000  p95=1.0000
Computing FOIA pre-period characteristics ...

==============================================================================
version=hc   method=knn   tag=''
==============================================================================
Building FOIA share matrix S from ../../external/exposure_wts/athr_exposure_by_category_hc.dta (version=hc) ...
  S shape: (208, 46)  nnz: 1,414  density: 0.1478
  FOIA PIs with >=1 treated-market share: 208 / 208
  per-market coverage: min=3  p5=3  p50=27  p95=66  max=106

  --- EB shrinkage (alpha=$10,000, prior=peer) ---
  rows shrunk: 208/208  (T=0 rows left at zero)
  self-exposure sd across anchors: raw=0.0563  shrunk=0.0256  (retained 45%)
  own-data weight T/(T+alpha): p25=0.30  p50=0.55  p75=0.74
  largest self-exposure changes:
    A5087101891: +0.3817 -> +0.1004  (T=$2,397, own_wt=0.19)
    A5009411980: -0.2589 -> +0.0138  (T=$661, own_wt=0.06)
    A5014945614: +0.2768 -> +0.0702  (T=$1,694, own_wt=0.14)
    A5067529915: -0.1451 -> +0.0146  (T=$1,179, own_wt=0.11)
    A5006559011: -0.0819 -> +0.0212  (T=$1,014, own_wt=0.09)
Imputing shares  (method=knn)  ...
Aggregating: z_hat = S_hat @ g,  S_sum = rowsum(S_hat) ...
  effective number of shocks (BHJ-style): 14.14

  --- Exposure level comparison ---
  Self-imputed FOIA exposure (S @ g):
    n nonzero PIs: 208/208
    mean=+0.03120  sd=0.02559  med=+0.02555
  Universe imputed exposure (S_hat @ g):
    n nonzero authors: 1,783,003/1,860,867
    mean=+0.03249  sd=0.01643  med=+0.02788

--- Shock balance (Borusyak-Hull-Jaravel) ---
  Regression: g_k = a + b * X_bar_k + e,  weights = Sum_i s_ik
  H0: shocks are quasi-randomly assigned wrt pre-period X => b approx 0

  characteristic                beta          se        t       p
  log_total_spend            +0.4376      0.1701    +2.57   0.010
  log_lab_spend              +0.3856      0.1648    +2.34   0.019
  n_cats                     +0.0061      0.0045    +1.38   0.169
  lab_share                  -1.4334      1.5973    -0.90   0.370
  top-10 |Rotemberg weight| markets:
    us fbs                                    alpha_k=+0.717  s_bar=0.0464  g=+0.4812
    chemiluminescent substrates               alpha_k=+0.114  s_bar=0.0230  g=+0.1540
    site-directed mutagenesis systems         alpha_k=-0.078  s_bar=0.0061  g=-0.3961
    first-strand cdna synthesis systems       alpha_k=+0.075  s_bar=0.0118  g=+0.1964
    pre-cast bis-tris gels                    alpha_k=+0.041  s_bar=0.0043  g=+0.2985
    cell culture dissociation reagents        alpha_k=+0.032  s_bar=0.0039  g=+0.2543
    cell culture nutritional supplements - tryptone  alpha_k=+0.028  s_bar=0.0060  g=+0.1471
    column-based dna plasmid miniprep         alpha_k=+0.024  s_bar=0.0057  g=+0.1307
    column-based microbial dna purification kits  alpha_k=+0.024  s_bar=0.0019  g=+0.3817
    rnase inhibitors                          alpha_k=-0.020  s_bar=0.0029  g=-0.2215
  cluster filter (../../external/us_appended_text/author_static_clusters_30.csv, min-foia-per-cluster=1): kept 1,613,853/1,860,867
  Saved ../../output/shock_balance_hc_ebp10k_cf_k3.csv
  Saved ../../output/foia_self_exposure_hc_ebp10k_cf_k3.csv  (shrunk anchor-level self exposure)
  Saved ../../output/final_imputed_shift_share_hc_ebp10k_cf_k3.csv
  Saved ../../output/imputed_shares_matrix_hc_ebp10k_cf_k3.npz  (universe x K_treated imputed share matrix)
  Saved ../../output/imputed_shares_markets_hc_ebp10k_cf_k3.csv

==============================================================================
version=all   method=knn   tag=''
==============================================================================
Building FOIA share matrix S from ../../external/exposure_wts/athr_exposure_by_category_all.dta (version=all) ...
  S shape: (208, 46)  nnz: 1,414  density: 0.1478
  FOIA PIs with >=1 treated-market share: 208 / 208
  per-market coverage: min=3  p5=3  p50=27  p95=66  max=106

  --- EB shrinkage (alpha=$10,000, prior=peer) ---
  rows shrunk: 208/208  (T=0 rows left at zero)
  self-exposure sd across anchors: raw=0.0315  shrunk=0.0144  (retained 46%)
  own-data weight T/(T+alpha): p25=0.54  p50=0.76  p75=0.87
  largest self-exposure changes:
    A5087101891: +0.3466 -> +0.0828  (T=$2,640, own_wt=0.21)
    A5014945614: +0.1544 -> +0.0468  (T=$3,037, own_wt=0.23)
    A5009411980: -0.0753 -> -0.0036  (T=$2,272, own_wt=0.19)
    A5067529915: -0.0472 -> -0.0028  (T=$3,625, own_wt=0.27)
    A5056763319: +0.0576 -> +0.0296  (T=$5,379, own_wt=0.35)
Imputing shares  (method=knn)  ...
Aggregating: z_hat = S_hat @ g,  S_sum = rowsum(S_hat) ...
  effective number of shocks (BHJ-style): 14.89

  --- Exposure level comparison ---
  Self-imputed FOIA exposure (S @ g):
    n nonzero PIs: 208/208
    mean=+0.01202  sd=0.01444  med=+0.00802
  Universe imputed exposure (S_hat @ g):
    n nonzero authors: 1,783,003/1,860,867
    mean=+0.01306  sd=0.00995  med=+0.00995

--- Shock balance (Borusyak-Hull-Jaravel) ---
  Regression: g_k = a + b * X_bar_k + e,  weights = Sum_i s_ik
  H0: shocks are quasi-randomly assigned wrt pre-period X => b approx 0

  characteristic                beta          se        t       p
  log_total_spend            +0.2625      0.1047    +2.51   0.012
  log_lab_spend              +0.2357      0.1015    +2.32   0.020
  n_cats                     +0.0044      0.0028    +1.53   0.126
  lab_share                  -1.0654      1.0751    -0.99   0.322
  top-10 |Rotemberg weight| markets:
    us fbs                                    alpha_k=+0.692  s_bar=0.0180  g=+0.4812
    chemiluminescent substrates               alpha_k=+0.114  s_bar=0.0093  g=+0.1540
    first-strand cdna synthesis systems       alpha_k=+0.080  s_bar=0.0051  g=+0.1964
    site-directed mutagenesis systems         alpha_k=-0.072  s_bar=0.0023  g=-0.3961
    column-based microbial dna purification kits  alpha_k=+0.046  s_bar=0.0015  g=+0.3817
    pre-cast bis-tris gels                    alpha_k=+0.043  s_bar=0.0018  g=+0.2985
    cell culture dissociation reagents        alpha_k=+0.035  s_bar=0.0017  g=+0.2543
    cell culture nutritional supplements - tryptone  alpha_k=+0.026  s_bar=0.0022  g=+0.1471
    column-based dna plasmid miniprep         alpha_k=+0.025  s_bar=0.0023  g=+0.1307
    rnase inhibitors                          alpha_k=-0.023  s_bar=0.0013  g=-0.2215
  cluster filter (../../external/us_appended_text/author_static_clusters_30.csv, min-foia-per-cluster=1): kept 1,613,853/1,860,867
  Saved ../../output/shock_balance_all_ebp10k_cf_k3.csv
  Saved ../../output/foia_self_exposure_all_ebp10k_cf_k3.csv  (shrunk anchor-level self exposure)
  Saved ../../output/final_imputed_shift_share_all_ebp10k_cf_k3.csv
  Saved ../../output/imputed_shares_matrix_all_ebp10k_cf_k3.npz  (universe x K_treated imputed share matrix)
  Saved ../../output/imputed_shares_markets_all_ebp10k_cf_k3.csv

==============================================================================
version=treated_hc   method=knn   tag=''
==============================================================================
Building FOIA share matrix S from ../../external/exposure_wts/athr_exposure_by_category_treated_hc.dta (version=treated_hc) ...
  S shape: (208, 46)  nnz: 1,414  density: 0.1478
  FOIA PIs with >=1 treated-market share: 208 / 208
  per-market coverage: min=3  p5=3  p50=27  p95=66  max=106

  --- EB shrinkage (alpha=$10,000, prior=peer) ---
  rows shrunk: 208/208  (T=0 rows left at zero)
  self-exposure sd across anchors: raw=0.1314  shrunk=0.0378  (retained 29%)
  own-data weight T/(T+alpha): p25=0.07  p50=0.18  p75=0.37
  largest self-exposure changes:
    A5067529915: -0.3961 -> +0.1154  (T=$432, own_wt=0.04)
    A5009411980: -0.3961 -> +0.1119  (T=$432, own_wt=0.04)
    A5018983460: -0.3961 -> +0.1086  (T=$794, own_wt=0.07)
    A5064294448: -0.3564 -> +0.0422  (T=$2,312, own_wt=0.19)
    A5003210434: +0.4670 -> +0.1795  (T=$1,340, own_wt=0.12)
Imputing shares  (method=knn)  ...
Aggregating: z_hat = S_hat @ g,  S_sum = rowsum(S_hat) ...
  effective number of shocks (BHJ-style): 13.48

  --- Exposure level comparison ---
  Self-imputed FOIA exposure (S @ g):
    n nonzero PIs: 208/208
    mean=+0.13420  sd=0.03778  med=+0.13077
  Universe imputed exposure (S_hat @ g):
    n nonzero authors: 1,783,003/1,860,867
    mean=+0.13758  sd=0.02568  med=+0.13412

--- Shock balance (Borusyak-Hull-Jaravel) ---
  Regression: g_k = a + b * X_bar_k + e,  weights = Sum_i s_ik
  H0: shocks are quasi-randomly assigned wrt pre-period X => b approx 0

  characteristic                beta          se        t       p
  log_total_spend            +0.7978      0.4263    +1.87   0.061
  log_lab_spend              +0.7014      0.4057    +1.73   0.084
  n_cats                     +0.0049      0.0098    +0.50   0.618
  lab_share                  -0.9434      3.2859    -0.29   0.774
  top-10 |Rotemberg weight| markets:
    us fbs                                    alpha_k=+0.721  s_bar=0.1976  g=+0.4812
    chemiluminescent substrates               alpha_k=+0.115  s_bar=0.0980  g=+0.1540
    site-directed mutagenesis systems         alpha_k=-0.078  s_bar=0.0259  g=-0.3961
    first-strand cdna synthesis systems       alpha_k=+0.073  s_bar=0.0492  g=+0.1964
    pre-cast bis-tris gels                    alpha_k=+0.043  s_bar=0.0189  g=+0.2985
    cell culture nutritional supplements - tryptone  alpha_k=+0.030  s_bar=0.0267  g=+0.1471
    column-based dna plasmid miniprep         alpha_k=+0.025  s_bar=0.0248  g=+0.1307
    cell culture dissociation reagents        alpha_k=+0.024  s_bar=0.0126  g=+0.2543
    high-fidelity dna polymerase              alpha_k=+0.020  s_bar=0.0245  g=+0.1055
    unstained dna ladders                     alpha_k=-0.019  s_bar=0.0187  g=-0.1326
  cluster filter (../../external/us_appended_text/author_static_clusters_30.csv, min-foia-per-cluster=1): kept 1,613,853/1,860,867
  Saved ../../output/shock_balance_treated_hc_ebp10k_cf_k3.csv
  Saved ../../output/foia_self_exposure_treated_hc_ebp10k_cf_k3.csv  (shrunk anchor-level self exposure)
  Saved ../../output/final_imputed_shift_share_treated_hc_ebp10k_cf_k3.csv
  Saved ../../output/imputed_shares_matrix_treated_hc_ebp10k_cf_k3.npz  (universe x K_treated imputed share matrix)
  Saved ../../output/imputed_shares_markets_treated_hc_ebp10k_cf_k3.csv

==============================================================================
Per-version shift-share imputation summary
==============================================================================
   version method  n_foia_with_shares  z_hat_mean_universe  z_hat_sd_universe  S_sum_mean_universe  S_sum_sd_universe  eff_n_shocks
        hc    knn                 208               0.0311             0.0173               0.2317             0.0675       14.1372
       all    knn                 208               0.0125             0.0101               0.0947             0.0359       14.8866
treated_hc    knn                 208               0.1318             0.0373               0.9582             0.2002       13.4810

Saved ../../output/shift_share_summary_ebp10k_cf_k3.csv
Done!
Loading universe + FOIA id orders ...
Loading shocks from /n/holylabs/LABS/pakes_lab/Lab/sci_eq/analysis/first_stage/output/did_coefs_eb_price.dta ...
  markets with shocks: 46
  g_k stats: mean=0.0669  sd=0.1804  min=-0.3961  max=0.7120
Loading W (tag='', k=3) ...
  W shape: (1860867, 208)  nnz: 5,011,841
  W rows with any weight: 1,783,003/1,860,867
  W row-sum stats (nonzero rows): mean=1.0000  p5=1.0000  p95=1.0000
Computing FOIA pre-period characteristics ...

==============================================================================
version=hc   method=knn   tag=''
==============================================================================
Building FOIA share matrix S from ../../external/exposure_wts/athr_exposure_by_category_hc.dta (version=hc) ...
  S shape: (208, 46)  nnz: 1,414  density: 0.1478
  FOIA PIs with >=1 treated-market share: 208 / 208
  per-market coverage: min=3  p5=3  p50=27  p95=66  max=106

  --- EB shrinkage (alpha=$5,000, prior=peer) ---
  rows shrunk: 208/208  (T=0 rows left at zero)
  self-exposure sd across anchors: raw=0.0563  shrunk=0.0306  (retained 54%)
  own-data weight T/(T+alpha): p25=0.47  p50=0.71  p75=0.85
  largest self-exposure changes:
    A5009411980: -0.2589 -> -0.0021  (T=$661, own_wt=0.12)
    A5087101891: +0.3817 -> +0.1460  (T=$2,397, own_wt=0.32)
    A5014945614: +0.2768 -> +0.0964  (T=$1,694, own_wt=0.25)
    A5067529915: -0.1451 -> -0.0007  (T=$1,179, own_wt=0.19)
    A5006559011: -0.0819 -> +0.0125  (T=$1,014, own_wt=0.17)
Imputing shares  (method=knn)  ...
Aggregating: z_hat = S_hat @ g,  S_sum = rowsum(S_hat) ...
  effective number of shocks (BHJ-style): 14.91

  --- Exposure level comparison ---
  Self-imputed FOIA exposure (S @ g):
    n nonzero PIs: 208/208
    mean=+0.02969  sd=0.03065  med=+0.02211
  Universe imputed exposure (S_hat @ g):
    n nonzero authors: 1,783,003/1,860,867
    mean=+0.03144  sd=0.02004  med=+0.02532

--- Shock balance (Borusyak-Hull-Jaravel) ---
  Regression: g_k = a + b * X_bar_k + e,  weights = Sum_i s_ik
  H0: shocks are quasi-randomly assigned wrt pre-period X => b approx 0

  characteristic                beta          se        t       p
  log_total_spend            +0.3006      0.1216    +2.47   0.013
  log_lab_spend              +0.2686      0.1184    +2.27   0.023
  n_cats                     +0.0048      0.0033    +1.46   0.144
  lab_share                  -1.1810      1.1982    -0.99   0.324
  top-10 |Rotemberg weight| markets:
    us fbs                                    alpha_k=+0.707  s_bar=0.0442  g=+0.4812
    chemiluminescent substrates               alpha_k=+0.115  s_bar=0.0226  g=+0.1540
    site-directed mutagenesis systems         alpha_k=-0.079  s_bar=0.0060  g=-0.3961
    first-strand cdna synthesis systems       alpha_k=+0.077  s_bar=0.0118  g=+0.1964
    pre-cast bis-tris gels                    alpha_k=+0.042  s_bar=0.0043  g=+0.2985
    cell culture dissociation reagents        alpha_k=+0.036  s_bar=0.0043  g=+0.2543
    column-based microbial dna purification kits  alpha_k=+0.034  s_bar=0.0027  g=+0.3817
    cell culture nutritional supplements - tryptone  alpha_k=+0.028  s_bar=0.0058  g=+0.1471
    column-based dna plasmid miniprep         alpha_k=+0.024  s_bar=0.0056  g=+0.1307
    rnase inhibitors                          alpha_k=-0.023  s_bar=0.0032  g=-0.2215
  cluster filter (../../external/us_appended_text/author_static_clusters_30.csv, min-foia-per-cluster=1): kept 1,613,853/1,860,867
  Saved ../../output/shock_balance_hc_ebp5k_cf_k3.csv
  Saved ../../output/foia_self_exposure_hc_ebp5k_cf_k3.csv  (shrunk anchor-level self exposure)
  Saved ../../output/final_imputed_shift_share_hc_ebp5k_cf_k3.csv
  Saved ../../output/imputed_shares_matrix_hc_ebp5k_cf_k3.npz  (universe x K_treated imputed share matrix)
  Saved ../../output/imputed_shares_markets_hc_ebp5k_cf_k3.csv

==============================================================================
version=all   method=knn   tag=''
==============================================================================
Building FOIA share matrix S from ../../external/exposure_wts/athr_exposure_by_category_all.dta (version=all) ...
  S shape: (208, 46)  nnz: 1,414  density: 0.1478
  FOIA PIs with >=1 treated-market share: 208 / 208
  per-market coverage: min=3  p5=3  p50=27  p95=66  max=106

  --- EB shrinkage (alpha=$5,000, prior=peer) ---
  rows shrunk: 208/208  (T=0 rows left at zero)
  self-exposure sd across anchors: raw=0.0315  shrunk=0.0173  (retained 55%)
  own-data weight T/(T+alpha): p25=0.70  p50=0.87  p75=0.93
  largest self-exposure changes:
    A5087101891: +0.3466 -> +0.1284  (T=$2,640, own_wt=0.35)
    A5014945614: +0.1544 -> +0.0671  (T=$3,037, own_wt=0.38)
    A5009411980: -0.0753 -> -0.0148  (T=$2,272, own_wt=0.31)
    A5067529915: -0.0472 -> -0.0121  (T=$3,625, own_wt=0.42)
    A5023125790: +0.0389 -> +0.0125  (T=$97, own_wt=0.02)
Imputing shares  (method=knn)  ...
Aggregating: z_hat = S_hat @ g,  S_sum = rowsum(S_hat) ...
  effective number of shocks (BHJ-style): 15.70

  --- Exposure level comparison ---
  Self-imputed FOIA exposure (S @ g):
    n nonzero PIs: 208/208
    mean=+0.01160  sd=0.01727  med=+0.00667
  Universe imputed exposure (S_hat @ g):
    n nonzero authors: 1,783,003/1,860,867
    mean=+0.01295  sd=0.01215  med=+0.00912

--- Shock balance (Borusyak-Hull-Jaravel) ---
  Regression: g_k = a + b * X_bar_k + e,  weights = Sum_i s_ik
  H0: shocks are quasi-randomly assigned wrt pre-period X => b approx 0

  characteristic                beta          se        t       p
  log_total_spend            +0.1787      0.0787    +2.27   0.023
  log_lab_spend              +0.1625      0.0763    +2.13   0.033
  n_cats                     +0.0033      0.0022    +1.50   0.134
  lab_share                  -0.8649      0.8282    -1.04   0.296
  top-10 |Rotemberg weight| markets:
    us fbs                                    alpha_k=+0.664  s_bar=0.0171  g=+0.4812
    chemiluminescent substrates               alpha_k=+0.116  s_bar=0.0094  g=+0.1540
    first-strand cdna synthesis systems       alpha_k=+0.086  s_bar=0.0054  g=+0.1964
    site-directed mutagenesis systems         alpha_k=-0.071  s_bar=0.0022  g=-0.3961
    column-based microbial dna purification kits  alpha_k=+0.071  s_bar=0.0023  g=+0.3817
    pre-cast bis-tris gels                    alpha_k=+0.046  s_bar=0.0019  g=+0.2985
    cell culture dissociation reagents        alpha_k=+0.037  s_bar=0.0018  g=+0.2543
    rnase inhibitors                          alpha_k=-0.026  s_bar=0.0014  g=-0.2215
    cell culture nutritional supplements - tryptone  alpha_k=+0.025  s_bar=0.0021  g=+0.1471
    column-based gel dna extraction kits      alpha_k=-0.025  s_bar=0.0033  g=-0.0957
  cluster filter (../../external/us_appended_text/author_static_clusters_30.csv, min-foia-per-cluster=1): kept 1,613,853/1,860,867
  Saved ../../output/shock_balance_all_ebp5k_cf_k3.csv
  Saved ../../output/foia_self_exposure_all_ebp5k_cf_k3.csv  (shrunk anchor-level self exposure)
  Saved ../../output/final_imputed_shift_share_all_ebp5k_cf_k3.csv
  Saved ../../output/imputed_shares_matrix_all_ebp5k_cf_k3.npz  (universe x K_treated imputed share matrix)
  Saved ../../output/imputed_shares_markets_all_ebp5k_cf_k3.csv

==============================================================================
version=treated_hc   method=knn   tag=''
==============================================================================
Building FOIA share matrix S from ../../external/exposure_wts/athr_exposure_by_category_treated_hc.dta (version=treated_hc) ...
  S shape: (208, 46)  nnz: 1,414  density: 0.1478
  FOIA PIs with >=1 treated-market share: 208 / 208
  per-market coverage: min=3  p5=3  p50=27  p95=66  max=106

  --- EB shrinkage (alpha=$5,000, prior=peer) ---
  rows shrunk: 208/208  (T=0 rows left at zero)
  self-exposure sd across anchors: raw=0.1314  shrunk=0.0511  (retained 39%)
  own-data weight T/(T+alpha): p25=0.12  p50=0.30  p75=0.54
  largest self-exposure changes:
    A5067529915: -0.3961 -> +0.0951  (T=$432, own_wt=0.08)
    A5009411980: -0.3961 -> +0.0917  (T=$432, own_wt=0.08)
    A5018983460: -0.3961 -> +0.0740  (T=$794, own_wt=0.14)
    A5064294448: -0.3564 -> -0.0208  (T=$2,312, own_wt=0.32)
    A5006559011: -0.1578 -> +0.1043  (T=$527, own_wt=0.10)
Imputing shares  (method=knn)  ...
Aggregating: z_hat = S_hat @ g,  S_sum = rowsum(S_hat) ...
  effective number of shocks (BHJ-style): 13.83

  --- Exposure level comparison ---
  Self-imputed FOIA exposure (S @ g):
    n nonzero PIs: 208/208
    mean=+0.12966  sd=0.05108  med=+0.12630
  Universe imputed exposure (S_hat @ g):
    n nonzero authors: 1,783,003/1,860,867
    mean=+0.13494  sd=0.03463  med=+0.13032

--- Shock balance (Borusyak-Hull-Jaravel) ---
  Regression: g_k = a + b * X_bar_k + e,  weights = Sum_i s_ik
  H0: shocks are quasi-randomly assigned wrt pre-period X => b approx 0

  characteristic                beta          se        t       p
  log_total_spend            +0.4661      0.3060    +1.52   0.128
  log_lab_spend              +0.3949      0.2916    +1.35   0.176
  n_cats                     +0.0018      0.0069    +0.27   0.789
  lab_share                  -1.1880      2.3475    -0.51   0.613
  top-10 |Rotemberg weight| markets:
    us fbs                                    alpha_k=+0.718  s_bar=0.1930  g=+0.4812
    chemiluminescent substrates               alpha_k=+0.117  s_bar=0.0981  g=+0.1540
    site-directed mutagenesis systems         alpha_k=-0.080  s_bar=0.0262  g=-0.3961
    first-strand cdna synthesis systems       alpha_k=+0.075  s_bar=0.0493  g=+0.1964
    pre-cast bis-tris gels                    alpha_k=+0.042  s_bar=0.0181  g=+0.2985
    cell culture nutritional supplements - tryptone  alpha_k=+0.030  s_bar=0.0265  g=+0.1471
    cell culture dissociation reagents        alpha_k=+0.026  s_bar=0.0133  g=+0.2543
    column-based dna plasmid miniprep         alpha_k=+0.025  s_bar=0.0246  g=+0.1307
    high-fidelity dna polymerase              alpha_k=+0.020  s_bar=0.0241  g=+0.1055
    unstained dna ladders                     alpha_k=-0.019  s_bar=0.0189  g=-0.1326
  cluster filter (../../external/us_appended_text/author_static_clusters_30.csv, min-foia-per-cluster=1): kept 1,613,853/1,860,867
  Saved ../../output/shock_balance_treated_hc_ebp5k_cf_k3.csv
  Saved ../../output/foia_self_exposure_treated_hc_ebp5k_cf_k3.csv  (shrunk anchor-level self exposure)
  Saved ../../output/final_imputed_shift_share_treated_hc_ebp5k_cf_k3.csv
  Saved ../../output/imputed_shares_matrix_treated_hc_ebp5k_cf_k3.npz  (universe x K_treated imputed share matrix)
  Saved ../../output/imputed_shares_markets_treated_hc_ebp5k_cf_k3.csv

==============================================================================
Per-version shift-share imputation summary
==============================================================================
   version method  n_foia_with_shares  z_hat_mean_universe  z_hat_sd_universe  S_sum_mean_universe  S_sum_sd_universe  eff_n_shocks
        hc    knn                 208               0.0301             0.0206               0.2317             0.0765       14.9101
       all    knn                 208               0.0124             0.0122               0.0967             0.0418       15.7029
treated_hc    knn                 208               0.1293             0.0433               0.9582             0.2002       13.8323

Saved ../../output/shift_share_summary_ebp5k_cf_k3.csv
Done!
Loading universe + FOIA id orders ...
Loading shocks from /n/holylabs/LABS/pakes_lab/Lab/sci_eq/analysis/first_stage/output/did_coefs_eb_price.dta ...
  markets with shocks: 46
  g_k stats: mean=0.0669  sd=0.1804  min=-0.3961  max=0.7120
Loading W (tag='', k=3) ...
  W shape: (1860867, 208)  nnz: 5,011,841
  W rows with any weight: 1,783,003/1,860,867
  W row-sum stats (nonzero rows): mean=1.0000  p5=1.0000  p95=1.0000
Computing FOIA pre-period characteristics ...

==============================================================================
version=hc   method=knn   tag=''
==============================================================================
Building FOIA share matrix S from ../../external/exposure_wts/athr_exposure_by_category_hc.dta (version=hc) ...
  S shape: (208, 46)  nnz: 1,414  density: 0.1478
  FOIA PIs with >=1 treated-market share: 208 / 208
  per-market coverage: min=3  p5=3  p50=27  p95=66  max=106

  --- EB shrinkage (alpha=$10,000, prior=cluster) ---
  rows shrunk: 208/208  (T=0 rows left at zero)
  self-exposure sd across anchors: raw=0.0563  shrunk=0.0285  (retained 51%)
  own-data weight T/(T+alpha): p25=0.30  p50=0.55  p75=0.74
  largest self-exposure changes:
    A5087101891: +0.3817 -> +0.0924  (T=$2,397, own_wt=0.19)
    A5009411980: -0.2589 -> -0.0073  (T=$661, own_wt=0.06)
    A5014945614: +0.2768 -> +0.0531  (T=$1,694, own_wt=0.14)
    A5067529915: -0.1451 -> -0.0069  (T=$1,179, own_wt=0.11)
    A5006559011: -0.0819 -> +0.0371  (T=$1,014, own_wt=0.09)
Imputing shares  (method=knn)  ...
Aggregating: z_hat = S_hat @ g,  S_sum = rowsum(S_hat) ...
  effective number of shocks (BHJ-style): 15.64

  --- Exposure level comparison ---
  Self-imputed FOIA exposure (S @ g):
    n nonzero PIs: 208/208
    mean=+0.02873  sd=0.02855  med=+0.02062
  Universe imputed exposure (S_hat @ g):
    n nonzero authors: 1,783,003/1,860,867
    mean=+0.03004  sd=0.01879  med=+0.02632

--- Shock balance (Borusyak-Hull-Jaravel) ---
  Regression: g_k = a + b * X_bar_k + e,  weights = Sum_i s_ik
  H0: shocks are quasi-randomly assigned wrt pre-period X => b approx 0

  characteristic                beta          se        t       p
  log_total_spend            +0.3762      0.1045    +3.60   0.000
  log_lab_spend              +0.3425      0.1039    +3.30   0.001
  n_cats                     +0.0071      0.0031    +2.32   0.020
  lab_share                  -1.0681      1.3534    -0.79   0.430
  top-10 |Rotemberg weight| markets:
    us fbs                                    alpha_k=+0.706  s_bar=0.0422  g=+0.4812
    chemiluminescent substrates               alpha_k=+0.112  s_bar=0.0209  g=+0.1540
    site-directed mutagenesis systems         alpha_k=-0.082  s_bar=0.0060  g=-0.3961
    first-strand cdna synthesis systems       alpha_k=+0.072  s_bar=0.0105  g=+0.1964
    pre-cast bis-tris gels                    alpha_k=+0.045  s_bar=0.0043  g=+0.2985
    cell culture dissociation reagents        alpha_k=+0.036  s_bar=0.0041  g=+0.2543
    column-based dna plasmid miniprep         alpha_k=+0.032  s_bar=0.0071  g=+0.1307
    rnase inhibitors                          alpha_k=-0.027  s_bar=0.0035  g=-0.2215
    column-based microbial dna purification kits  alpha_k=+0.026  s_bar=0.0019  g=+0.3817
    cell culture nutritional supplements - tryptone  alpha_k=+0.025  s_bar=0.0049  g=+0.1471
  cluster filter (../../external/us_appended_text/author_static_clusters_30.csv, min-foia-per-cluster=1): kept 1,613,853/1,860,867
  Saved ../../output/shock_balance_hc_ebc10k_cf_k3.csv
  Saved ../../output/foia_self_exposure_hc_ebc10k_cf_k3.csv  (shrunk anchor-level self exposure)
  Saved ../../output/final_imputed_shift_share_hc_ebc10k_cf_k3.csv
  Saved ../../output/imputed_shares_matrix_hc_ebc10k_cf_k3.npz  (universe x K_treated imputed share matrix)
  Saved ../../output/imputed_shares_markets_hc_ebc10k_cf_k3.csv

==============================================================================
version=all   method=knn   tag=''
==============================================================================
Building FOIA share matrix S from ../../external/exposure_wts/athr_exposure_by_category_all.dta (version=all) ...
  S shape: (208, 46)  nnz: 1,414  density: 0.1478
  FOIA PIs with >=1 treated-market share: 208 / 208
  per-market coverage: min=3  p5=3  p50=27  p95=66  max=106

  --- EB shrinkage (alpha=$10,000, prior=cluster) ---
  rows shrunk: 208/208  (T=0 rows left at zero)
  self-exposure sd across anchors: raw=0.0315  shrunk=0.0151  (retained 48%)
  own-data weight T/(T+alpha): p25=0.54  p50=0.76  p75=0.87
  largest self-exposure changes:
    A5087101891: +0.3466 -> +0.0804  (T=$2,640, own_wt=0.21)
    A5014945614: +0.1544 -> +0.0401  (T=$3,037, own_wt=0.23)
    A5009411980: -0.0753 -> -0.0115  (T=$2,272, own_wt=0.19)
    A5067529915: -0.0472 -> -0.0104  (T=$3,625, own_wt=0.27)
    A5023125790: +0.0389 -> +0.0031  (T=$97, own_wt=0.01)
Imputing shares  (method=knn)  ...
Aggregating: z_hat = S_hat @ g,  S_sum = rowsum(S_hat) ...
  effective number of shocks (BHJ-style): 16.35

  --- Exposure level comparison ---
  Self-imputed FOIA exposure (S @ g):
    n nonzero PIs: 208/208
    mean=+0.01132  sd=0.01511  med=+0.00679
  Universe imputed exposure (S_hat @ g):
    n nonzero authors: 1,783,003/1,860,867
    mean=+0.01243  sd=0.01056  med=+0.00919

--- Shock balance (Borusyak-Hull-Jaravel) ---
  Regression: g_k = a + b * X_bar_k + e,  weights = Sum_i s_ik
  H0: shocks are quasi-randomly assigned wrt pre-period X => b approx 0

  characteristic                beta          se        t       p
  log_total_spend            +0.2566      0.0797    +3.22   0.001
  log_lab_spend              +0.2283      0.0790    +2.89   0.004
  n_cats                     +0.0049      0.0023    +2.14   0.032
  lab_share                  -1.2316      0.9774    -1.26   0.208
  top-10 |Rotemberg weight| markets:
    us fbs                                    alpha_k=+0.674  s_bar=0.0167  g=+0.4812
    chemiluminescent substrates               alpha_k=+0.113  s_bar=0.0087  g=+0.1540
    first-strand cdna synthesis systems       alpha_k=+0.076  s_bar=0.0046  g=+0.1964
    site-directed mutagenesis systems         alpha_k=-0.072  s_bar=0.0022  g=-0.3961
    column-based microbial dna purification kits  alpha_k=+0.049  s_bar=0.0015  g=+0.3817
    pre-cast bis-tris gels                    alpha_k=+0.046  s_bar=0.0018  g=+0.2985
    cell culture dissociation reagents        alpha_k=+0.039  s_bar=0.0018  g=+0.2543
    column-based dna plasmid miniprep         alpha_k=+0.035  s_bar=0.0032  g=+0.1307
    rnase inhibitors                          alpha_k=-0.028  s_bar=0.0015  g=-0.2215
    cell culture nutritional supplements - tryptone  alpha_k=+0.024  s_bar=0.0019  g=+0.1471
  cluster filter (../../external/us_appended_text/author_static_clusters_30.csv, min-foia-per-cluster=1): kept 1,613,853/1,860,867
  Saved ../../output/shock_balance_all_ebc10k_cf_k3.csv
  Saved ../../output/foia_self_exposure_all_ebc10k_cf_k3.csv  (shrunk anchor-level self exposure)
  Saved ../../output/final_imputed_shift_share_all_ebc10k_cf_k3.csv
  Saved ../../output/imputed_shares_matrix_all_ebc10k_cf_k3.npz  (universe x K_treated imputed share matrix)
  Saved ../../output/imputed_shares_markets_all_ebc10k_cf_k3.csv

==============================================================================
version=treated_hc   method=knn   tag=''
==============================================================================
Building FOIA share matrix S from ../../external/exposure_wts/athr_exposure_by_category_treated_hc.dta (version=treated_hc) ...
  S shape: (208, 46)  nnz: 1,414  density: 0.1478
  FOIA PIs with >=1 treated-market share: 208 / 208
  per-market coverage: min=3  p5=3  p50=27  p95=66  max=106

  --- EB shrinkage (alpha=$10,000, prior=cluster) ---
  rows shrunk: 208/208  (T=0 rows left at zero)
  self-exposure sd across anchors: raw=0.1314  shrunk=0.0590  (retained 45%)
  own-data weight T/(T+alpha): p25=0.07  p50=0.18  p75=0.37
  largest self-exposure changes:
    A5009411980: -0.3961 -> +0.0520  (T=$432, own_wt=0.04)
    A5067529915: -0.3961 -> +0.0520  (T=$432, own_wt=0.04)
    A5018983460: -0.3961 -> +0.0151  (T=$794, own_wt=0.07)
    A5064294448: -0.3564 -> +0.0032  (T=$2,312, own_wt=0.19)
    A5006559011: -0.1578 -> +0.1532  (T=$527, own_wt=0.05)
Imputing shares  (method=knn)  ...
Aggregating: z_hat = S_hat @ g,  S_sum = rowsum(S_hat) ...
  effective number of shocks (BHJ-style): 14.76

  --- Exposure level comparison ---
  Self-imputed FOIA exposure (S @ g):
    n nonzero PIs: 208/208
    mean=+0.12240  sd=0.05900  med=+0.12935
  Universe imputed exposure (S_hat @ g):
    n nonzero authors: 1,783,003/1,860,867
    mean=+0.12771  sd=0.04129  med=+0.12768

--- Shock balance (Borusyak-Hull-Jaravel) ---
  Regression: g_k = a + b * X_bar_k + e,  weights = Sum_i s_ik
  H0: shocks are quasi-randomly assigned wrt pre-period X => b approx 0

  characteristic                beta          se        t       p
  log_total_spend            +0.5985      0.1715    +3.49   0.000
  log_lab_spend              +0.5850      0.1693    +3.45   0.001
  n_cats                     +0.0105      0.0051    +2.04   0.042
  lab_share                  +1.0470      2.2099    +0.47   0.636
  top-10 |Rotemberg weight| markets:
    us fbs                                    alpha_k=+0.720  s_bar=0.1830  g=+0.4812
    chemiluminescent substrates               alpha_k=+0.115  s_bar=0.0912  g=+0.1540
    site-directed mutagenesis systems         alpha_k=-0.089  s_bar=0.0275  g=-0.3961
    first-strand cdna synthesis systems       alpha_k=+0.074  s_bar=0.0461  g=+0.1964
    pre-cast bis-tris gels                    alpha_k=+0.047  s_bar=0.0192  g=+0.2985
    column-based dna plasmid miniprep         alpha_k=+0.032  s_bar=0.0296  g=+0.1307
    cell culture nutritional supplements - tryptone  alpha_k=+0.026  s_bar=0.0215  g=+0.1471
    rnase inhibitors                          alpha_k=-0.024  s_bar=0.0134  g=-0.2215
    cell culture dissociation reagents        alpha_k=+0.024  s_bar=0.0116  g=+0.2543
    high-fidelity dna polymerase              alpha_k=+0.024  s_bar=0.0278  g=+0.1055
  cluster filter (../../external/us_appended_text/author_static_clusters_30.csv, min-foia-per-cluster=1): kept 1,613,853/1,860,867
  Saved ../../output/shock_balance_treated_hc_ebc10k_cf_k3.csv
  Saved ../../output/foia_self_exposure_treated_hc_ebc10k_cf_k3.csv  (shrunk anchor-level self exposure)
  Saved ../../output/final_imputed_shift_share_treated_hc_ebc10k_cf_k3.csv
  Saved ../../output/imputed_shares_matrix_treated_hc_ebc10k_cf_k3.npz  (universe x K_treated imputed share matrix)
  Saved ../../output/imputed_shares_markets_treated_hc_ebc10k_cf_k3.csv

==============================================================================
Per-version shift-share imputation summary
==============================================================================
   version method  n_foia_with_shares  z_hat_mean_universe  z_hat_sd_universe  S_sum_mean_universe  S_sum_sd_universe  eff_n_shocks
        hc    knn                 208               0.0288             0.0194               0.2318             0.0733       15.6370
       all    knn                 208               0.0119             0.0106               0.0975             0.0403       16.3493
treated_hc    knn                 208               0.1224             0.0478               0.9582             0.2002       14.7563

Saved ../../output/shift_share_summary_ebc10k_cf_k3.csv
Done!
Loading universe + FOIA id orders ...
Loading shocks from /n/holylabs/LABS/pakes_lab/Lab/sci_eq/analysis/first_stage/output/did_coefs_eb_price.dta ...
  markets with shocks: 46
  g_k stats: mean=0.0669  sd=0.1804  min=-0.3961  max=0.7120
Loading W (tag='', k=3) ...
  W shape: (1860867, 208)  nnz: 5,011,841
  W rows with any weight: 1,783,003/1,860,867
  W row-sum stats (nonzero rows): mean=1.0000  p5=1.0000  p95=1.0000
Computing FOIA pre-period characteristics ...

==============================================================================
version=hc   method=knn   tag=''
==============================================================================
Building FOIA share matrix S from ../../external/exposure_wts/athr_exposure_by_category_hc.dta (version=hc) ...
  S shape: (208, 46)  nnz: 1,414  density: 0.1478
  FOIA PIs with >=1 treated-market share: 208 / 208
  per-market coverage: min=3  p5=3  p50=27  p95=66  max=106

  --- EB shrinkage (alpha=$2,500, prior=global) ---
  rows shrunk: 208/208  (T=0 rows left at zero)
  self-exposure sd across anchors: raw=0.0563  shrunk=0.0358  (retained 64%)
  own-data weight T/(T+alpha): p25=0.64  p50=0.83  p75=0.92
  largest self-exposure changes:
    A5009411980: -0.2589 -> -0.0257  (T=$661, own_wt=0.21)
    A5087101891: +0.3817 -> +0.2052  (T=$2,397, own_wt=0.49)
    A5014945614: +0.2768 -> +0.1332  (T=$1,694, own_wt=0.40)
    A5067529915: -0.1451 -> -0.0221  (T=$1,179, own_wt=0.32)
    A5006559011: -0.0819 -> +0.0020  (T=$1,014, own_wt=0.29)
Imputing shares  (method=knn)  ...
Aggregating: z_hat = S_hat @ g,  S_sum = rowsum(S_hat) ...
  effective number of shocks (BHJ-style): 15.72

  --- Exposure level comparison ---
  Self-imputed FOIA exposure (S @ g):
    n nonzero PIs: 208/208
    mean=+0.02874  sd=0.03583  med=+0.01933
  Universe imputed exposure (S_hat @ g):
    n nonzero authors: 1,783,003/1,860,867
    mean=+0.03095  sd=0.02372  med=+0.02348

--- Shock balance (Borusyak-Hull-Jaravel) ---
  Regression: g_k = a + b * X_bar_k + e,  weights = Sum_i s_ik
  H0: shocks are quasi-randomly assigned wrt pre-period X => b approx 0

  characteristic                beta          se        t       p
  log_total_spend            +0.2199      0.0932    +2.36   0.018
  log_lab_spend              +0.1999      0.0910    +2.20   0.028
  n_cats                     +0.0038      0.0026    +1.50   0.134
  lab_share                  -0.9670      0.9342    -1.04   0.301
  top-10 |Rotemberg weight| markets:
    us fbs                                    alpha_k=+0.698  s_bar=0.0430  g=+0.4812
    chemiluminescent substrates               alpha_k=+0.113  s_bar=0.0218  g=+0.1540
    first-strand cdna synthesis systems       alpha_k=+0.080  s_bar=0.0121  g=+0.1964
    site-directed mutagenesis systems         alpha_k=-0.080  s_bar=0.0060  g=-0.3961
    column-based microbial dna purification kits  alpha_k=+0.048  s_bar=0.0037  g=+0.3817
    pre-cast bis-tris gels                    alpha_k=+0.045  s_bar=0.0045  g=+0.2985
    cell culture dissociation reagents        alpha_k=+0.040  s_bar=0.0047  g=+0.2543
    rnase inhibitors                          alpha_k=-0.028  s_bar=0.0037  g=-0.2215
    cell culture nutritional supplements - tryptone  alpha_k=+0.026  s_bar=0.0053  g=+0.1471
    column-based dna plasmid miniprep         alpha_k=+0.025  s_bar=0.0056  g=+0.1307
  cluster filter (../../external/us_appended_text/author_static_clusters_30.csv, min-foia-per-cluster=1): kept 1,613,853/1,860,867
  Saved ../../output/shock_balance_hc_eb2.5k_cf_k3.csv
  Saved ../../output/foia_self_exposure_hc_eb2.5k_cf_k3.csv  (shrunk anchor-level self exposure)
  Saved ../../output/final_imputed_shift_share_hc_eb2.5k_cf_k3.csv
  Saved ../../output/imputed_shares_matrix_hc_eb2.5k_cf_k3.npz  (universe x K_treated imputed share matrix)
  Saved ../../output/imputed_shares_markets_hc_eb2.5k_cf_k3.csv

==============================================================================
version=all   method=knn   tag=''
==============================================================================
Building FOIA share matrix S from ../../external/exposure_wts/athr_exposure_by_category_all.dta (version=all) ...
  S shape: (208, 46)  nnz: 1,414  density: 0.1478
  FOIA PIs with >=1 treated-market share: 208 / 208
  per-market coverage: min=3  p5=3  p50=27  p95=66  max=106

  --- EB shrinkage (alpha=$2,500, prior=global) ---
  rows shrunk: 208/208  (T=0 rows left at zero)
  self-exposure sd across anchors: raw=0.0315  shrunk=0.0207  (retained 66%)
  own-data weight T/(T+alpha): p25=0.82  p50=0.93  p75=0.96
  largest self-exposure changes:
    A5087101891: +0.3466 -> +0.1850  (T=$2,640, own_wt=0.51)
    A5014945614: +0.1544 -> +0.0912  (T=$3,037, own_wt=0.55)
    A5009411980: -0.0753 -> -0.0283  (T=$2,272, own_wt=0.48)
    A5067529915: -0.0472 -> -0.0220  (T=$3,625, own_wt=0.59)
    A5023125790: +0.0389 -> +0.0154  (T=$97, own_wt=0.04)
Imputing shares  (method=knn)  ...
Aggregating: z_hat = S_hat @ g,  S_sum = rowsum(S_hat) ...
  effective number of shocks (BHJ-style): 16.33

  --- Exposure level comparison ---
  Self-imputed FOIA exposure (S @ g):
    n nonzero PIs: 208/208
    mean=+0.01146  sd=0.02070  med=+0.00583
  Universe imputed exposure (S_hat @ g):
    n nonzero authors: 1,783,003/1,860,867
    mean=+0.01309  sd=0.01475  med=+0.00863

--- Shock balance (Borusyak-Hull-Jaravel) ---
  Regression: g_k = a + b * X_bar_k + e,  weights = Sum_i s_ik
  H0: shocks are quasi-randomly assigned wrt pre-period X => b approx 0

  characteristic                beta          se        t       p
  log_total_spend            +0.1302      0.0646    +2.02   0.044
  log_lab_spend              +0.1198      0.0626    +1.92   0.055
  n_cats                     +0.0025      0.0018    +1.38   0.167
  lab_share                  -0.7159      0.6726    -1.06   0.287
  top-10 |Rotemberg weight| markets:
    us fbs                                    alpha_k=+0.636  s_bar=0.0166  g=+0.4812
    chemiluminescent substrates               alpha_k=+0.115  s_bar=0.0094  g=+0.1540
    column-based microbial dna purification kits  alpha_k=+0.100  s_bar=0.0033  g=+0.3817
    first-strand cdna synthesis systems       alpha_k=+0.093  s_bar=0.0059  g=+0.1964
    site-directed mutagenesis systems         alpha_k=-0.071  s_bar=0.0022  g=-0.3961
    pre-cast bis-tris gels                    alpha_k=+0.050  s_bar=0.0021  g=+0.2985
    cell culture dissociation reagents        alpha_k=+0.037  s_bar=0.0018  g=+0.2543
    column-based gel dna extraction kits      alpha_k=-0.033  s_bar=0.0043  g=-0.0957
    rnase inhibitors                          alpha_k=-0.028  s_bar=0.0016  g=-0.2215
    column-based dna plasmid miniprep         alpha_k=+0.025  s_bar=0.0024  g=+0.1307
  cluster filter (../../external/us_appended_text/author_static_clusters_30.csv, min-foia-per-cluster=1): kept 1,613,853/1,860,867
  Saved ../../output/shock_balance_all_eb2.5k_cf_k3.csv
  Saved ../../output/foia_self_exposure_all_eb2.5k_cf_k3.csv  (shrunk anchor-level self exposure)
  Saved ../../output/final_imputed_shift_share_all_eb2.5k_cf_k3.csv
  Saved ../../output/imputed_shares_matrix_all_eb2.5k_cf_k3.npz  (universe x K_treated imputed share matrix)
  Saved ../../output/imputed_shares_markets_all_eb2.5k_cf_k3.csv

==============================================================================
version=treated_hc   method=knn   tag=''
==============================================================================
Building FOIA share matrix S from ../../external/exposure_wts/athr_exposure_by_category_treated_hc.dta (version=treated_hc) ...
  S shape: (208, 46)  nnz: 1,414  density: 0.1478
  FOIA PIs with >=1 treated-market share: 208 / 208
  per-market coverage: min=3  p5=3  p50=27  p95=66  max=106

  --- EB shrinkage (alpha=$2,500, prior=global) ---
  rows shrunk: 208/208  (T=0 rows left at zero)
  self-exposure sd across anchors: raw=0.1314  shrunk=0.0650  (retained 49%)
  own-data weight T/(T+alpha): p25=0.22  p50=0.47  p75=0.70
  largest self-exposure changes:
    A5009411980: -0.3961 -> +0.0626  (T=$432, own_wt=0.15)
    A5067529915: -0.3961 -> +0.0626  (T=$432, own_wt=0.15)
    A5018983460: -0.3961 -> +0.0122  (T=$794, own_wt=0.24)
    A5064294448: -0.3564 -> -0.0975  (T=$2,312, own_wt=0.48)
    A5006559011: -0.1578 -> +0.0897  (T=$527, own_wt=0.17)
Imputing shares  (method=knn)  ...
Aggregating: z_hat = S_hat @ g,  S_sum = rowsum(S_hat) ...
  effective number of shocks (BHJ-style): 14.29

  --- Exposure level comparison ---
  Self-imputed FOIA exposure (S @ g):
    n nonzero PIs: 208/208
    mean=+0.12501  sd=0.06498  med=+0.11762
  Universe imputed exposure (S_hat @ g):
    n nonzero authors: 1,783,003/1,860,867
    mean=+0.13242  sd=0.04375  med=+0.12670

--- Shock balance (Borusyak-Hull-Jaravel) ---
  Regression: g_k = a + b * X_bar_k + e,  weights = Sum_i s_ik
  H0: shocks are quasi-randomly assigned wrt pre-period X => b approx 0

  characteristic                beta          se        t       p
  log_total_spend            +0.2435      0.2210    +1.10   0.270
  log_lab_spend              +0.1906      0.2105    +0.91   0.365
  n_cats                     +0.0003      0.0048    +0.05   0.957
  lab_share                  -1.5644      1.8440    -0.85   0.396
  top-10 |Rotemberg weight| markets:
    us fbs                                    alpha_k=+0.718  s_bar=0.1893  g=+0.4812
    chemiluminescent substrates               alpha_k=+0.114  s_bar=0.0942  g=+0.1540
    first-strand cdna synthesis systems       alpha_k=+0.080  s_bar=0.0518  g=+0.1964
    site-directed mutagenesis systems         alpha_k=-0.080  s_bar=0.0256  g=-0.3961
    pre-cast bis-tris gels                    alpha_k=+0.041  s_bar=0.0174  g=+0.2985
    cell culture dissociation reagents        alpha_k=+0.028  s_bar=0.0141  g=+0.2543
    cell culture nutritional supplements - tryptone  alpha_k=+0.027  s_bar=0.0230  g=+0.1471
    column-based dna plasmid miniprep         alpha_k=+0.027  s_bar=0.0258  g=+0.1307
    rnase inhibitors                          alpha_k=-0.022  s_bar=0.0124  g=-0.2215
    high-fidelity dna polymerase              alpha_k=+0.021  s_bar=0.0255  g=+0.1055
  cluster filter (../../external/us_appended_text/author_static_clusters_30.csv, min-foia-per-cluster=1): kept 1,613,853/1,860,867
  Saved ../../output/shock_balance_treated_hc_eb2.5k_cf_k3.csv
  Saved ../../output/foia_self_exposure_treated_hc_eb2.5k_cf_k3.csv  (shrunk anchor-level self exposure)
  Saved ../../output/final_imputed_shift_share_treated_hc_eb2.5k_cf_k3.csv
  Saved ../../output/imputed_shares_matrix_treated_hc_eb2.5k_cf_k3.npz  (universe x K_treated imputed share matrix)
  Saved ../../output/imputed_shares_markets_treated_hc_eb2.5k_cf_k3.csv

==============================================================================
Per-version shift-share imputation summary
==============================================================================
   version method  n_foia_with_shares  z_hat_mean_universe  z_hat_sd_universe  S_sum_mean_universe  S_sum_sd_universe  eff_n_shocks
        hc    knn                 208               0.0297             0.0240               0.2359             0.0871       15.7229
       all    knn                 208               0.0125             0.0147               0.0999             0.0485       16.3293
treated_hc    knn                 208               0.1269             0.0504               0.9582             0.2002       14.2863

Saved ../../output/shift_share_summary_eb2.5k_cf_k3.csv
Done!
