Loading universe IDs (../../output/universe_ids_restricted.parquet)...
  N = 2,664,824
Loading TF-IDF matrices...
  Universe shape: (2664824, 25304)
  FOIA shape: (208, 25304)
Computing FOIA centroid...
Computing distance from each universe author to FOIA centroid...
  Using sparse matrix operations (low memory)...
Distance statistics:
  min: 0.4164, max: 1.0000, mean: 0.9000, median: 0.9211
  90.0th percentile: 0.9743

Filtering results:
  keep: 2,398,342 authors (≤ 0.9743 distance)
  drop: 266,482 authors (> 0.9743 distance)
  retention: 90.0%

Top 20 dropped authors (furthest from FOIA):
    athr_id  textual_distance_to_foia_centroid
A5062051369                                1.0
A5071482220                                1.0
A5038055790                                1.0
A5110460615                                1.0
A5019721203                                1.0
A5036044904                                1.0
A5026979301                                1.0
A5087408471                                1.0
A5091701218                                1.0
A5027073310                                1.0
A5103367550                                1.0
A5059668323                                1.0
A5005074290                                1.0
A5042710354                                1.0
A5037273585                                1.0
A5034679331                                1.0
A5049819249                                1.0
A5104095802                                1.0
A5000843168                                1.0
A5004481500                                1.0

Saving filtered universe IDs -> ../../output/universe_ids_filtered_restricted.parquet
Saving audit -> ../../output/universe_filter_audit_restricted.csv

Next steps:
  1. Review ../../output/universe_filter_audit_restricted.csv to verify dropped authors are outliers
  2. python cluster_foias.py --tag restricted --filtered
  3. python assign_universe_to_foia_clusters.py --tag restricted
  4. python 2_similarity_wts_within_cluster.py --tag restricted
