--------------------------------------------------------------------------------
Makelog started: 2026-09-04 00:36:07
Working directory: /n/holylabs/pakes_lab/Lab/sci_eq/derived/first_stage/select_categories/code
--------------------------------------------------------------------------------
External links successfully created!

  ___  ____  ____  ____  ____ ©
 /__    /   ____/   /   ____/      17.0
___/   /   /___/   /   /___/       MP—Parallel Edition

 Statistics and Data Science       Copyright 1985-2021 StataCorp LLC
                                   StataCorp
                                   4905 Lakeway Drive
                                   College Station, Texas 77845 USA
                                   800-STATA-PC        https://www.stata.com
                                   979-696-4600        stata@stata.com

Stata license: 32-user 64-core network perpetual
Serial number: 501706311472
  Licensed to: Harvard Research Computing
               Cambridge MA

Notes:
      1. Stata is running in batch mode.
      2. Unicode is supported; see help unicode_advice.
      3. More than 2 billion observations are allowed; see help obs_advice.
      4. Maximum number of variables is set to 120,000; see help set_maxvar.

. do "/n/holylabs/pakes_lab/Lab/sci_eq/derived/first_stage/select_categories/co
> de/build.do" 

. set more off

. clear all

. capture log close

. program drop _all

. set scheme modern

. preliminaries

. version 17

. 
. program main
  1.     select_good_categories, embed("tfidf") tier3treated  // version A: all3
  2.     select_good_categories, embed("tfidf")               // version B (main): t12
  3. end

. 
. * flag <var> "<cat>" ["<cat>" ...]: set <var>=1; a string matching nothing is a
. * silent no-op bug, so count matches and fail the build at the end if any are 0
. program flag
  1.     gettoken var 0 : 0
  2.     foreach c of local 0 {
  3.         quietly count if category == `"`c'"'
  4.         if r(N) == 0 {
  5.             di as error `"NO MATCH (`var'): `c'"'
  6.             global flag_nomatch = $flag_nomatch + 1
  7.         }
  8.         quietly replace `var' = 1 if category == `"`c'"'
  9.     }
 10. end

. 
. program select_good_categories
  1.     syntax, embed(string) [tier3treated]
  2.     import delimited ../external/samp/combined_full_report_gatekeeper_tfidf_expert_`embed', clear
  3.     cap rename v1 category
  4.     drop if inlist(category, "macro avg", "weighted avg", "Non-Lab", "accuracy")
  5. 
. *===============================================================================
. * Thermo Fisher / Life Technologies merger: treated product markets
. *   Tier 1: EU serious-doubts finding (paras 41, 69, 98, 105, 278) or named in
. *           the FTC Dharmacon Gene Modulation Products definition (Order def. U)
. *   Tier 2: overlap named in the EU decision, cleared without serious doubts
. *           (paras 11-12, section IV, fn 44)
. *   Tier 3: not document-named; co-purchased/bundled with Tier 1-2 products
. *===============================================================================
. 
. gen tier1 = 0
  6. gen tier2 = 0
  7. gen tier3 = 0
  8. global flag_nomatch = 0
  9. 
. *-------------------------------------------------------------------------------
. * TIER 1
. *-------------------------------------------------------------------------------
. 
. * Cell culture media (para 41 serious doubts; FTC HyClone divestiture)
. flag tier1 "basal medium eagle"
 10. flag tier1 "dmem"
 11. flag tier1 "dmem/f-12"
 12. flag tier1 "dry basal media, not chemically defined"
 13. flag tier1 "hams f12"
 14. flag tier1 "imdm"
 15. flag tier1 "insect cell media"
 16. flag tier1 "leibovitz l15 media"
 17. flag tier1 "mccoys 5a"
 18. flag tier1 "mem"
 19. flag tier1 "neurobasal media"
 20. flag tier1 "optimem"
 21. flag tier1 "rpmi"
 22. flag tier1 "specialty cell culture media"
 23. flag tier1 "stem cell media"
 24. 
. * Sera (para 69 serious doubts, para 58; FTC HyClone divestiture)
. flag tier1 "australian fbs"
 25. flag tier1 "canadian fbs"  // Table 8
 26. flag tier1 "new zealand fbs"
 27. flag tier1 "us fbs"
 28. flag tier1 "bovine adult serum"
 29. flag tier1 "bovine calf serum"
 30. flag tier1 "nz bovine calf serum"
 31. flag tier1 "horse serum"
 32. 
. * siRNA (para 98 serious doubts; FTC Dharmacon def. U names siRNA)
. flag tier1 "synthetic sirna"
 33. * miRNA is in FTC def. U but no synthetic-miRNA category exists in the data
. 
. count if tier1 == 1
 34. 
. *-------------------------------------------------------------------------------
. * TIER 2
. *-------------------------------------------------------------------------------
. 
. * siRNA-adjacent consumables (para 126 standard reagents; Dharmacon workflow)
. flag tier2 "sirna buffers"
 35. flag tier2 "sirna transfection medium"
 36. flag tier2 "sirna transfection reagents"
 37. 
. * shRNA (para 88, no serious doubts; bundled in Dharmacon divestiture)
. flag tier2 "synthetic shrna"
 38. 
. * Non-FBS sera (fn 44: overlap markets covered by the FBS commitment)
. flag tier2 "goat serum"
 39. flag tier2 "donkey serum"
 40. flag tier2 "mouse serum"
 41. flag tier2 "rat serum"
 42. flag tier2 "rabbit serum"
 43. flag tier2 "sheep serum"
 44. 
. * Process liquids (para 27 separate product market; FTC HyClone divestiture)
. flag tier2 "phosphate-buffered saline (pbs) buffer"
 45. flag tier2 "tris-edta (te) buffer"  // also para-126 standard reagent
 46. flag tier2 "dulbecco's phosphate-buffered saline (dpbs) buffer"
 47. flag tier2 "hanks' balanced salt solution (hbss) buffer"
 48. flag tier2 "earle's balanced salt solution (ebss) buffer"
 49. 
. * RNAi reagents spanning si/sh/miRNA products above
. flag tier2 "gene-specific rnai reagents"
 50. 
. * Transfection (para 11(iii), section IV.D.2, cleared para 122)
. flag tier2 "transfection reagents - cellfectin (insect cell)"
 51. flag tier2 "transfection reagents - in vivo delivery reagents"
 52. flag tier2 "transfection reagents - protein transfection reagents"
 53. * chemical transfection is one market (para 112); Lipofectamine/TurboFect/
. * DharmaFect named at para 119
. flag tier2 "transfection reagents - calcium phosphate"
 54. flag tier2 "transfection reagents - cationic lipid"
 55. flag tier2 "transfection reagents - deae-dextran"
 56. flag tier2 "transfection reagents - non-liposomal polymer"
 57. flag tier2 "transfection reagents - pei (bulk)"
 58. * viral transduction is outside the para-107 chemical-transfection market
. flag tier3 "transfection reagents - lentiviral packaging kits"
 59. flag tier3 "transfection reagents - polybrene (viral transduction)"
 60. 
. * NA amplification standalone enzymes (para 11(iv), section IV.D.3;
. * cleared paras 142, 152, 159, 165, 175)
. flag tier2 "high-fidelity dna polymerase"
 61. flag tier2 "high-fidelity hot start dna polymerase"
 62. flag tier2 "high-fidelity hot start pcr systems"
 63. flag tier2 "high-fidelity pcr systems"
 64. flag tier2 "hot start pcr systems"
 65. flag tier2 "hot start taq polymerase"
 66. flag tier2 "reverse transcriptase"
 67. flag tier2 "taq polymerases"
 68. 
. * NA amplification ready-to-use kits (para 12(iv); para 135 lists PCR, dye/
. * probe-based qPCR, cDNA synthesis, RT-PCR, dye/probe-based RT-qPCR kits)
. flag tier2 "pcr systems"
 69. flag tier2 "dye-based qpcr systems"
 70. flag tier2 "probe-based qpcr systems"
 71. flag tier2 "dye-based rt-qpcr systems"
 72. flag tier2 "probe-based rt-qpcr systems"
 73. flag tier2 "rt-pcr systems"
 74. flag tier2 "first-strand cdna synthesis systems"
 75. flag tier2 "long template pcr systems"
 76. flag tier2 "tissue pcr systems"
 77. flag tier2 "microrna reverse transcription kit"
 78. flag tier2 "pre amplification kits"
 79. flag tier2 "qrt-pcr titration kit"
 80. 
. * NA purification kits: para-9 consumables, never market-defined (para 180
. * names instruments + gel boxes as the affected purification markets; M.5264
. * para 75 puts Qiagen at [40-50]% vs combined [5-10]%) -> Tier 3;
. * magnetic kits are named (fn 127, para 210) -> Tier 2
. flag tier3 "column-based dna and rna extraction kits"
 81. flag tier3 "column-based dna genomic purification kits"
 82. flag tier3 "column-based dna plasmid gigaprep"
 83. flag tier3 "column-based dna plasmid maxiprep"
 84. flag tier3 "column-based dna plasmid megaprep"
 85. flag tier3 "column-based dna plasmid midiprep"
 86. flag tier3 "column-based dna plasmid miniprep"
 87. flag tier3 "column-based dna purification kits"
 88. flag tier3 "column-based gel dna extraction kits"
 89. flag tier3 "column-based gel rna extraction kits"
 90. flag tier3 "column-based microbial dna purification kits"
 91. flag tier3 "column-based pcr and gel purification kit"
 92. flag tier3 "column-based pcr purification kits"
 93. flag tier3 "column-based pcr purification reagent"
 94. flag tier3 "column-based plant dna purification kits"
 95. flag tier3 "column-based plant rna purification kits"
 96. flag tier3 "column-based protein purification kit"
 97. flag tier3 "column-based rna purification kits"
 98. flag tier3 "column-based yeast dna purification kits"
 99. flag tier3 "liquid-based dna plasmid purification kit"
100. flag tier3 "rna extraction reagents"
101. flag tier3 "rna stabilization reagent"
102. flag tier3 "silica bead based gel purification kit"
103. flag tier3 "spin columns"
104. flag tier2 "magnetic-bead based purification kit"
105. flag tier2 "magnetic bacterial rna purification kit"
106. flag tier2 "magnetic bead-based mrna selection kit"
107. 
. * Molecular weight standards (para 11(v), paras 197-201)
. flag tier2 "pre-stained dna ladders"
108. flag tier2 "pre-stained protein molecular-weight ladder"
109. flag tier2 "pre-stained rna ladders"
110. flag tier2 "unstained dna ladders"
111. flag tier2 "unstained protein molecular-weight ladder"
112. flag tier2 "unstained rna ladders"
113. flag tier2 "rna ladder"
114. flag tier2 "protein ladders"
115. flag tier2 "radiolabeled protein molecular-weight ladder"
116. 
. * Cloning enzymes: restriction + modifying (para 12(vi), paras 202-207);
. * creatine kinase excluded as a non-nucleic-acid enzyme; enzyme reaction
. * buffers retained as para-126 standard reagents
. flag tier2 "restriction enzymes"
117. flag tier2 "dnase i"
118. flag tier2 "rnase"
119. flag tier2 "rnase inhibitors"
120. flag tier2 "nuclease enzymes"
121. flag tier2 "taq dna ligases"
122. flag tier2 "nucleic acid modifying enzymes - alkaline phosphatases"
123. flag tier2 "nucleic acid modifying enzymes - dna fragmentases"
124. flag tier2 "nucleic acid modifying enzymes - dna methylases"
125. flag tier2 "nucleic acid modifying enzymes - end repair enzymes"
126. flag tier2 "nucleic acid modifying enzymes - endonucleases"
127. flag tier2 "nucleic acid modifying enzymes - exonucleases"
128. flag tier2 "nucleic acid modifying enzymes - klenow fragment"
129. flag tier2 "nucleic acid modifying enzymes - other"
130. flag tier2 "nucleic acid modifying enzymes - other dna polymerases"
131. flag tier2 "nucleic acid modifying enzymes - other nucleases"
132. flag tier2 "nucleic acid modifying enzymes - poly(a) polymerases"
133. flag tier2 "nucleic acid modifying enzymes - pyrophosphatases"
134. flag tier2 "nucleic acid modifying enzymes - recombinases"
135. flag tier2 "nucleic acid modifying enzymes - single-stranded dna binding proteins"
136. flag tier2 "nucleic acid modifying enzymes - t4 dna ligase"
137. flag tier2 "nucleic acid modifying enzymes - t4 dna polymerase"
138. flag tier2 "nucleic acid modifying enzymes - t4 polynucleotide kinase"
139. flag tier2 "nucleic acid modifying enzymes - t4 dna ligase buffer"
140. flag tier2 "nucleic acid modifying enzymes - t4 polynucleotide kinase buffer"
141. flag tier2 "nucleic acid modifying enzymes - t4 rna ligase buffer"
142. flag tier2 "nucleic acid modifying enzymes - t4 rna ligase"
143. flag tier2 "nucleic acid modifying enzymes - t7 dna ligase"
144. flag tier2 "nucleic acid modifying enzymes - taq dna ligase"
145. flag tier2 "nucleic acid modifying enzymes - terminal transferase"
146. flag tier2 "nucleic acid modifying enzymes - topoisomerases"
147. flag tier2 "nucleic acid modifying enzymes - transposases"
148. 
. * Cloning kits (para 12(vi), para 205)
. flag tier2 "blunt-end cloning kits"
149. flag tier2 "directional topo cloning kits"
150. flag tier2 "gateway cloning kits"
151. flag tier2 "rapid dna ligation kits"
152. flag tier2 "seamless cloning kits"
153. flag tier2 "ta cloning kits"
154. flag tier2 "topo ta cloning kits"
155. flag tier2 "zero blunt topo cloning kits"
156. 
. * Bacterial transformation and mutagenesis: cloning workflow, not named in
. * paras 202-207
. flag tier3 "chemically competent cells"
157. flag tier3 "electrocompetent cells"
158. flag tier3 "bacterial transformation reagents"
159. flag tier3 "expression plasmids"
160. flag tier3 "plasmid vectors"
161. flag tier3 "site-directed mutagenesis systems"
162. flag tier3 "site-directed mutagenesis kits"
163. flag tier3 "transposon mutagenesis kits"
164. 
. * End-user magnetic beads (paras 210-228 name and examine the end-user
. * segment; para 278 serious doubts confined to OEM supply)
. flag tier2 "affinity resins - activated coupling matrices (magnetic)"
165. flag tier2 "affinity resins - anti-ig secondary (magnetic)"
166. flag tier2 "affinity resins - epitope tags (flag/ha/myc/v5) (magnetic)"
167. flag tier2 "affinity resins - glycoprotein (lectin-immobilized) (magnetic)"
168. flag tier2 "affinity resins - gst-tag (magnetic)"
169. flag tier2 "affinity resins - his-tag (imac) (magnetic)"
170. flag tier2 "affinity resins - mbp-tag (magnetic)"
171. flag tier2 "affinity resins - other (magnetic)"
172. flag tier2 "affinity resins - protein a (magnetic)"
173. flag tier2 "affinity resins - protein a/g (magnetic)"
174. flag tier2 "affinity resins - protein g (magnetic)"
175. flag tier2 "affinity resins - strep-tag (magnetic)"
176. flag tier2 "affinity resins - streptavidin/avidin (magnetic)"
177. flag tier2 "immunomagnetic cell separation beads"
178. flag tier2 "immunomagnetic cell separation columns"
179. flag tier2 "magnetic beads - other"
180. flag tier2 "magnetic cell separation kits"
181. flag tier2 "magnetic ip kit"
182. 
. * SDS-PAGE (para 12(vii), paras 302-306: vertical gel boxes, power supplies,
. * pre-cast gels, standards, gel stains)
. flag tier2 "horizontal electrophoresis systems"  // para 12(v), para 180
183. flag tier2 "pre-cast bis-tris gels"
184. flag tier2 "pre-cast tbe gels"
185. flag tier2 "pre-cast tris-acetate gels"
186. flag tier2 "pre-cast tris-glycine gels"
187. flag tier2 "pre-cast tris-hcl gels"
188. flag tier2 "pre-cast tris-tricine gels"
189. flag tier2 "protein gel stains"
190. flag tier2 "nucleic acid gel stains"
191. flag tier2 "vertical electrophoresis systems"
192. * acrylamide/bis + casting kit are outside para 303's list
. flag tier3 "acrylamide/bis solution"
193. flag tier3 "polyacrylamide gels casting kit"
194. 
. * Western blotting: transfer boxes, membranes, chemiluminescent substrates
. * only (para 307)
. flag tier2 "chemiluminescent substrates"
195. flag tier2 "chemiluminescent western blot detection"
196. flag tier2 "nitrocellulose blotting membranes"
197. flag tier2 "precut nitrocellulose transfer blotting packs"
198. flag tier2 "precut pvdf transfer blotting packs"
199. flag tier2 "pvdf blotting membranes"
200. flag tier2 "western blot boxes"
201. 
. * Protein modification (para 12(ix), paras 313-317)
. flag tier2 "antibody labeling kits"
202. flag tier2 "bioconjugation reagents"
203. flag tier2 "crosslinking reagents"
204. flag tier2 "protein and antibody labeling kits"
205. flag tier2 "protein modifying enzymes"
206. 
. * Reactive dyes only (para 12(x), paras 318-321): amine/thiol-reactive
. * activated fluorophores; general fluorophores and stains are not in scope
. flag tier2 "fluorophore - bioconjugate dyes"
207. 
. count if tier2 == 1
208. 
. *-------------------------------------------------------------------------------
. * TIER 3: BUNDLED WITH TIER 1-2 MARKETS
. *-------------------------------------------------------------------------------
. 
. * Cell culture supplements (bundled with HyClone/Gibco media)
. flag tier3 "cell culture nutritional supplements - amino acids"
209. flag tier3 "cell culture nutritional supplements - b27"
210. flag tier3 "cell culture nutritional supplements - casamino acids"
211. flag tier3 "cell culture nutritional supplements - glucose"
212. flag tier3 "cell culture nutritional supplements - insulin"
213. flag tier3 "cell culture nutritional supplements - its-g"
214. flag tier3 "cell culture nutritional supplements - l-glutamine"
215. flag tier3 "cell culture nutritional supplements - lif"
216. flag tier3 "cell culture nutritional supplements - other"
217. flag tier3 "cell culture nutritional supplements - peptone"
218. flag tier3 "cell culture nutritional supplements - sodium pyruvate"
219. flag tier3 "cell culture nutritional supplements - sugars"
220. flag tier3 "cell culture nutritional supplements - tryptone"
221. flag tier3 "cell culture nutritional supplements - vitamins"
222. flag tier3 "cell culture nutritional supplements - yeast"
223. flag tier3 "cell culture dissociation reagents"
224. flag tier3 "growth medium supplement"
225. 
. * Electrophoresis sample/running buffers (bundled with Tier 2 SDS-PAGE)
. flag tier3 "laemmli sample buffer"
226. flag tier3 "lds sample buffer"
227. flag tier3 "mes-sds buffer"
228. flag tier3 "mops-sds buffer"
229. flag tier3 "native page running buffers"
230. flag tier3 "native-page sample buffer"
231. flag tier3 "reducing agents - bme"
232. flag tier3 "tbe buffer"
233. flag tier3 "tris-aceate-sds running buffer"  // sic: data spells "aceate"
234. flag tier3 "tris-acetate-edta (tae) buffer"
235. flag tier3 "tris-glycine buffer"
236. flag tier3 "tris-glycine-sds (tgs) buffer"
237. flag tier3 "tris-tricine-sds buffer"
238. 
. * Western blot transfer-step consumables (adjacent to para-307 markets)
. flag tier3 "gel blotting papers"
239. flag tier3 "western blot transfer buffers"
240. 
. * IVT kits and enzymes (cloning workflow extension)
. flag tier3 "capped mrna synthesis kits"
241. flag tier3 "in vitro transcription kit"
242. flag tier3 "rna polymerases"
243. flag tier3 "direct pcr lysis reagents"
244. 
. * BSA (bovine-derived like Tier 1 FBS; sold in the HyClone cell-culture
. * portfolio and co-purchased with FBS)
. flag tier3 "bovine serum albumin"
245. 
. count if tier3 == 1
246. assert tier1 + tier2 + tier3 <= 1
247. gen treated_strict = (tier1 == 1)
248. gen treated_1and2  = (tier1 == 1 | tier2 == 1)
249. 
. label var tier1          "Tier 1: serious-doubts finding (EU paras 41/69/98/105/278) or FTC Dharmacon"
250. label var tier2          "Tier 2: named overlap, no serious doubts (EU paras 11, 12, fn 44)"
251. label var tier3          "Tier 3: bundled with Tier 1-2 markets, not document-named"
252. label var treated_strict "Treated (Tier 1 only)"
253. label var treated_1and2  "Treated (Tier 1 + Tier 2)"
254. 
. tab tier1
255. tab tier2
256. tab tier3
257. tab treated_strict
258. tab treated_1and2
259. 
. *-------------------------------------------------------------------------------
. * BAD CONTROLS: each flag's reason is recorded in bad_control_reason and
. * exported to ../output/bad_control_documentation_*.csv
. *-------------------------------------------------------------------------------
. 
. gen bad_control = 0
260. gen bad_control_reason = ""
261. 
. * Own US shock or supplier M&A during the window
. flag bad_control "primary antibodies" "secondary antibodies"
262. replace bad_control_reason = "antibody reproducibility crisis 2014-16; Sigma-Aldrich/MilliporeSigma merger Nov 2015 affected major antibody supplier" ///
>     if inlist(category, "primary antibodies", "secondary antibodies")
263. flag bad_control "acetonitrile"
264. replace bad_control_reason = "US shock: Hurricane Ike (2008) hit Texas Gulf ACN production; global shortage with lingering US price effects 2010-2011" ///
>     if category == "acetonitrile"
265. flag bad_control "nitrile gloves"
266. replace bad_control_reason = "US-relevant shock: 2017-2018 NBR feedstock shortage drove 20-40% lab glove price increases" ///
>     if category == "nitrile gloves"
267. flag bad_control "synthetic dna oligonucleotide - desalted" "synthetic dual-labeled probe"
268. replace bad_control_reason = "US-driven secular price collapse: Twist Bioscience entry 2013 + IDT scale-up dropped per-base costs ~10x in window" ///
>     if inlist(category, "synthetic dna oligonucleotide - desalted", "synthetic dual-labeled probe")
269. flag bad_control "bottle top filters" "syringe filters" "centrifugal ultrafiltration devices"
270. replace bad_control_reason = "US M&A in window: Pall Corp -> Danaher (closed Aug 2015) reshuffled US lab filtration market" ///
>     if inlist(category, "bottle top filters", "syringe filters", "centrifugal ultrafiltration devices")
271. flag bad_control "hypodermic needles" "syringes"
272. replace bad_control_reason = "US M&A in window: Becton Dickinson + CareFusion closed Mar 2015; BD dominates US needle/syringe" ///
>     if inlist(category, "hypodermic needles", "syringes")
273. flag bad_control "capillary blood collection tubes"
274. replace bad_control_reason = "US M&A in window: BD (Microtainer) dominates; BD-CareFusion closed Mar 2015 (same reason as needles/syringes)" ///
>     if category == "capillary blood collection tubes"
275. flag bad_control "formaldehydes and paraformaldehydes"
276. replace bad_control_reason = "US regulatory shock: EPA IRIS 2010, NTP 12th RoC 2011 listed as known human carcinogen, OSHA tightening" ///
>     if category == "formaldehydes and paraformaldehydes"
277. flag bad_control "ethanol"
278. replace bad_control_reason = "US commodity shock: 2012 Midwest drought + RFS volatility 2012-2014 moved corn-ethanol prices" ///
>     if category == "ethanol"
279. flag bad_control "ldh cytotoxicity assay"
280. replace bad_control_reason = "US shock in window: Roche Cytotoxicity Detection Kit (LDH) moved to Sigma-Aldrich distribution with the Roche biochemicals portfolio 2014; Sigma absorbed by Merck KGaA Nov 2015" ///
>     if category == "ldh cytotoxicity assay"
281. flag bad_control "human serum"
282. replace bad_control_reason = "US demand shock: clinical cell/gene therapy manufacturing scale-up (CAR-T approvals 2017) drove human AB serum demand through the post-period" ///
>     if category == "human serum"
283. flag bad_control "gene expression inducers"
284. replace bad_control_reason = "US shock: doxycycline (standard Tet-On/Off inducer) generic price spike 2013-14" ///
>     if category == "gene expression inducers"
285. flag bad_control "drug - anticoagulant"
286. replace bad_control_reason = "US shock: heparin Chinese crude API cost pressure through window; US shortage from 2017" ///
>     if category == "drug - anticoagulant"
287. flag bad_control "bacterial selection antibiotics - rifampicin"
288. replace bad_control_reason = "US shock: rifampin on FDA drug-shortage list 2013-14 and 2017" ///
>     if category == "bacterial selection antibiotics - rifampicin"
289. flag bad_control "sucrose"
290. replace bad_control_reason = "US shock: AD/CVD case vs Mexican sugar (filed Mar 2014, suspension agreements Dec 2014) + 2012 drought; also ambiguous with Tier 3 supplements-sugars" ///
>     if category == "sucrose"
291. flag bad_control "dextrose"
292. replace bad_control_reason = "US commodity shock: corn exposure, 2012 Midwest drought (parallel to ethanol); also ambiguous with Tier 3 supplements-glucose" ///
>     if category == "dextrose"
293. flag bad_control "citric acid"
294. replace bad_control_reason = "US trade shock: antidumping orders on Chinese citric acid in force through window; new AD/CVD investigations 2017, orders 2018" ///
>     if category == "citric acid"
295. flag bad_control "formic acid"
296. replace bad_control_reason = "industrial commodity priced off petrochemical feedstocks; 2014-15 oil price collapse coincides with merger" ///
>     if category == "formic acid"
297. flag bad_control "nitrogen"
298. replace bad_control_reason = "US M&A in window: Air Liquide-Airgas closed May 2016, Praxair-Linde announced 2016; prices track energy" ///
>     if category == "nitrogen"
299. flag bad_control "crystallizing dishes"
300. replace bad_control_reason = "US M&A in window: Kimble + Wheaton + Duran merged into DWK Life Sciences 2017; Corning absorbed BD Discovery Labware Oct 2012" ///
>     if category == "crystallizing dishes"
301. 
. * Technology or composition confounds timed with the merger
. flag bad_control "synthetic shrna"
302. replace bad_control_reason = "tier 2 treated but excluded: CRISPR substitute entry (Cas9 2013, GeCKO libraries 2014) hit knockdown screening at merger date; merger pricing effect not separable from technology substitution" ///
>     if category == "synthetic shrna"
303. flag bad_control "cell culture antibiotics - blasticidin"
304. replace bad_control_reason = "CRISPR demand shock timed with merger: lentiCas9-Blast (2014) made blasticidin a standard selection marker, demand jump 2014-16; single-source fermentation supply (Kaken) passes through supply/FX shocks" ///
>     if category == "cell culture antibiotics - blasticidin"
305. flag bad_control "slide mounting medium"
306. replace bad_control_reason = "quality upgrading in window: ProLong Diamond (~2014), ProLong Glass (~2017), VectaShield Vibrance (~2018) premium launches for confocal/superresolution; spend-per-unit rises from composition shift without SKU repricing" 
> ///
>     if category == "slide mounting medium"
307. flag bad_control "dna-salmon sperm"
308. replace bad_control_reason = "secular demand decline: hybridization-era blocking agent displaced by the NGS shift" ///
>     if category == "dna-salmon sperm"
309. 
. * Unmeasurable price series: dollar-weighted misclassification or a category
. * pooling distinct products, so spend-per-unit tracks item mix
. flag bad_control "avidin products"
310. replace bad_control_reason = "US M&A in window: Vector Laboratories (Vectastain ABC, dominant supplier per basket) acquired by Maravai LifeSciences 2016; also heterogeneous bucket pooling raw avidin, NeutrAvidin, conjugates, and IHC kits spanning USD
>  20-2,500/unit" ///
>     if category == "avidin products"
311. flag bad_control "catalase"
312. replace bad_control_reason = "dollar-contaminated price series: 'catalog' substring misclassifications carry >20% of category spend (USD 3.4k 'catalog-ppt support', USD 2k 'catalog-revision'); enzyme/assay-kit/antibody mix in remainder" ///
>     if category == "catalase"
313. flag bad_control "cell lysis detergents - np-40 (igepal ca-630)"
314. replace bad_control_reason = "dollar-contaminated price series: top spend items are misclassified 'np' matches (Whatman Autovial syringeless filters, NobelActive dental implant), ~22% of category spend" ///
>     if category == "cell lysis detergents - np-40 (igepal ca-630)"
315. flag bad_control "centrifugation media"
316. replace bad_control_reason = "dollar-contaminated price series: misclassified USD 34.4k stage-lighting purchase (ETC Selador Lustr) carries 13% of category spend" ///
>     if category == "centrifugation media"
317. flag bad_control "cylindrical carboys"
318. replace bad_control_reason = "unmeasurable price series: thin category (~155 purchases) pooling vessels with caps/spigots/funnels/replacement parts, plus dollar-dominant misclassification (USD 17.5k environmental chamber with carboy water-fill line)"
>  ///
>     if category == "cylindrical carboys"
319. 
. * Classification ambiguity with treated families
. flag bad_control "phosphoprotein electrophoresis reagents"
320. replace bad_control_reason = "classification uncertainty - not shock-based; specialty SDS-PAGE reagent overlapping with Tier 2 protein workflow" ///
>     if category == "phosphoprotein electrophoresis reagents"
321. flag bad_control "pipes buffers" "egta solution"
322. replace bad_control_reason = "classification ambiguity: prepared buffer solution in same family as Tier 2 process liquids (PBS/TE/HBSS/EBSS)" ///
>     if inlist(category, "pipes buffers", "egta solution")
323. flag bad_control "collagenase"
324. replace bad_control_reason = "classification ambiguity: is a cell culture dissociation reagent, a Tier 3 category (Gibco collagenase)" ///
>     if category == "collagenase"
325. 
. * Outside life-sciences consumables scope
. flag bad_control "sodium hydride"
326. replace bad_control_reason = "outside life-sciences consumables scope: synthetic-chemistry commodity, petrochemical feedstock pricing, non-life-science buyer base" ///
>     if category == "sodium hydride"
327. flag bad_control "flash chromatography columns - silica gel"
328. replace bad_control_reason = "outside life-sciences consumables scope: synthetic-chemistry product with non-life-science buyer base" ///
>     if category == "flash chromatography columns - silica gel"
329. 
. count if bad_control == 1
330. tab bad_control
331. 
. label var bad_control        "Excluded from control pool (see bad_control_reason)"
332. label var bad_control_reason "Reason category was excluded"
333. 
. *-------------------------------------------------------------------------------
. * TREATED DEFINITION AND ANALYSIS SAMPLE
. *-------------------------------------------------------------------------------
. 
. gen keep = (support >= 25 & precision >= 0.8 & recall >= 0.8)
334. 
. if "`tier3treated'" != "" {
335.     gen treated = (tier1 == 1 | tier2 == 1 | tier3 == 1)
336.     label var treated "Treated (Tiers 1-3)"
337.     local vtag all3
338. }
339. else {
340.     gen treated = (tier1 == 1 | tier2 == 1)
341.     label var treated "Treated (Tiers 1-2); tier 3 excluded from both groups"
342.     replace bad_control = 1 if tier3 == 1
343.     replace bad_control_reason = "tier 3: bundled with treated markets; excluded from control pool" ///
>         if tier3 == 1 & bad_control_reason == ""
344.     local vtag t12
345. }
346. tab treated
347. replace keep = 0 if bad_control == 1
348. gen excluded_type = cond(bad_control == 0, "", ///
>     cond(treated == 1, "excluded treated (own shock)", ///
>     cond(tier3 == 1, "tier 3 excluded from both groups", "excluded control")))
349. 
. foreach v in tier1 tier2 tier3 bad_control {
350.     quietly count if `v' == 1
351.     di "`v': " r(N) " categories"
352. }
353. if $flag_nomatch > 0 {
354.     di as error "$flag_nomatch flagged category string(s) matched nothing in the data"
355.     exit 498
356. }
357. 
. preserve
358.     keep if bad_control == 1
359.     keep category excluded_type bad_control_reason
360.     sort category
361.     export delimited using ../output/bad_control_documentation_`vtag'.csv, replace
362.     if "`vtag'" == "t12" export delimited using ../output/bad_control_documentation.csv, replace
363. restore
364. 
. save ../output/categories_`embed'_`vtag', replace
365. if "`vtag'" == "t12" save ../output/categories_`embed', replace
366. end

. main
(encoding automatically selected: ISO-8859-1)
(5 vars, 1,109 obs)
(4 observations deleted)
  24
  137
  73

    Tier 1: |
serious-dou |
bts finding |
  (EU paras |
41/69/98/10 |
  5/278) or |
        FTC |
  Dharmacon |      Freq.     Percent        Cum.
------------+-----------------------------------
          0 |      1,081       97.83       97.83
          1 |         24        2.17      100.00
------------+-----------------------------------
      Total |      1,105      100.00

    Tier 2: |
      named |
overlap, no |
    serious |
 doubts (EU |
  paras 11, |
 12, fn 44) |      Freq.     Percent        Cum.
------------+-----------------------------------
          0 |        968       87.60       87.60
          1 |        137       12.40      100.00
------------+-----------------------------------
      Total |      1,105      100.00

    Tier 3: |
    bundled |
  with Tier |
        1-2 |
   markets, |
        not |
document-na |
        med |      Freq.     Percent        Cum.
------------+-----------------------------------
          0 |      1,032       93.39       93.39
          1 |         73        6.61      100.00
------------+-----------------------------------
      Total |      1,105      100.00

    Treated |
    (Tier 1 |
      only) |      Freq.     Percent        Cum.
------------+-----------------------------------
          0 |      1,081       97.83       97.83
          1 |         24        2.17      100.00
------------+-----------------------------------
      Total |      1,105      100.00

    Treated |
  (Tier 1 + |
    Tier 2) |      Freq.     Percent        Cum.
------------+-----------------------------------
          0 |        944       85.43       85.43
          1 |        161       14.57      100.00
------------+-----------------------------------
      Total |      1,105      100.00
(1,105 missing values generated)
variable bad_control_reason was str1 now str118
(2 real changes made)
variable bad_control_reason was str118 now str119
(1 real change made)
(1 real change made)
(2 real changes made)
(3 real changes made)
(2 real changes made)
(1 real change made)
(1 real change made)
(1 real change made)
variable bad_control_reason was str119 now str176
(1 real change made)
(1 real change made)
(1 real change made)
(1 real change made)
(1 real change made)
(1 real change made)
(1 real change made)
(1 real change made)
(1 real change made)
(1 real change made)
(1 real change made)
variable bad_control_reason was str176 now str191
(1 real change made)
variable bad_control_reason was str191 now str202
(1 real change made)
variable bad_control_reason was str202 now str218
(1 real change made)
(1 real change made)
variable bad_control_reason was str218 now str234
(1 real change made)
(1 real change made)
(1 real change made)
(1 real change made)
(1 real change made)
(1 real change made)
(2 real changes made)
(1 real change made)
(1 real change made)
(1 real change made)
  40

bad_control |      Freq.     Percent        Cum.
------------+-----------------------------------
          0 |      1,065       96.38       96.38
          1 |         40        3.62      100.00
------------+-----------------------------------
      Total |      1,105      100.00

    Treated |
(Tiers 1-3) |      Freq.     Percent        Cum.
------------+-----------------------------------
          0 |        871       78.82       78.82
          1 |        234       21.18      100.00
------------+-----------------------------------
      Total |      1,105      100.00
(38 real changes made)
(1,065 missing values generated)
tier1: 24 categories
tier2: 137 categories
tier3: 73 categories
bad_control: 40 categories
(1,065 observations deleted)
(file ../output/bad_control_documentation_all3.csv not found)
file ../output/bad_control_documentation_all3.csv saved
(file ../output/categories_tfidf_all3.dta not found)
file ../output/categories_tfidf_all3.dta saved
(encoding automatically selected: ISO-8859-1)
(5 vars, 1,109 obs)
(4 observations deleted)
  24
  137
  73

    Tier 1: |
serious-dou |
bts finding |
  (EU paras |
41/69/98/10 |
  5/278) or |
        FTC |
  Dharmacon |      Freq.     Percent        Cum.
------------+-----------------------------------
          0 |      1,081       97.83       97.83
          1 |         24        2.17      100.00
------------+-----------------------------------
      Total |      1,105      100.00

    Tier 2: |
      named |
overlap, no |
    serious |
 doubts (EU |
  paras 11, |
 12, fn 44) |      Freq.     Percent        Cum.
------------+-----------------------------------
          0 |        968       87.60       87.60
          1 |        137       12.40      100.00
------------+-----------------------------------
      Total |      1,105      100.00

    Tier 3: |
    bundled |
  with Tier |
        1-2 |
   markets, |
        not |
document-na |
        med |      Freq.     Percent        Cum.
------------+-----------------------------------
          0 |      1,032       93.39       93.39
          1 |         73        6.61      100.00
------------+-----------------------------------
      Total |      1,105      100.00

    Treated |
    (Tier 1 |
      only) |      Freq.     Percent        Cum.
------------+-----------------------------------
          0 |      1,081       97.83       97.83
          1 |         24        2.17      100.00
------------+-----------------------------------
      Total |      1,105      100.00

    Treated |
  (Tier 1 + |
    Tier 2) |      Freq.     Percent        Cum.
------------+-----------------------------------
          0 |        944       85.43       85.43
          1 |        161       14.57      100.00
------------+-----------------------------------
      Total |      1,105      100.00
(1,105 missing values generated)
variable bad_control_reason was str1 now str118
(2 real changes made)
variable bad_control_reason was str118 now str119
(1 real change made)
(1 real change made)
(2 real changes made)
(3 real changes made)
(2 real changes made)
(1 real change made)
(1 real change made)
(1 real change made)
variable bad_control_reason was str119 now str176
(1 real change made)
(1 real change made)
(1 real change made)
(1 real change made)
(1 real change made)
(1 real change made)
(1 real change made)
(1 real change made)
(1 real change made)
(1 real change made)
(1 real change made)
variable bad_control_reason was str176 now str191
(1 real change made)
variable bad_control_reason was str191 now str202
(1 real change made)
variable bad_control_reason was str202 now str218
(1 real change made)
(1 real change made)
variable bad_control_reason was str218 now str234
(1 real change made)
(1 real change made)
(1 real change made)
(1 real change made)
(1 real change made)
(1 real change made)
(2 real changes made)
(1 real change made)
(1 real change made)
(1 real change made)
  40

bad_control |      Freq.     Percent        Cum.
------------+-----------------------------------
          0 |      1,065       96.38       96.38
          1 |         40        3.62      100.00
------------+-----------------------------------
      Total |      1,105      100.00
(73 real changes made)
(73 real changes made)

    Treated |
     (Tiers |
 1-2); tier |
 3 excluded |
  from both |
     groups |      Freq.     Percent        Cum.
------------+-----------------------------------
          0 |        944       85.43       85.43
          1 |        161       14.57      100.00
------------+-----------------------------------
      Total |      1,105      100.00
(55 real changes made)
(992 missing values generated)
tier1: 24 categories
tier2: 137 categories
tier3: 73 categories
bad_control: 113 categories
(992 observations deleted)
(file ../output/bad_control_documentation_t12.csv not found)
file ../output/bad_control_documentation_t12.csv saved
(file ../output/bad_control_documentation.csv not found)
file ../output/bad_control_documentation.csv saved
(file ../output/categories_tfidf_t12.dta not found)
file ../output/categories_tfidf_t12.dta saved
(file ../output/categories_tfidf.dta not found)
file ../output/categories_tfidf.dta saved

. 
end of do-file

--------------------------------------------------------------------------------
Makelog ended: 2026-09-04 00:36:08
Working directory: /n/holylabs/pakes_lab/Lab/sci_eq/derived/first_stage/select_categories/code
--------------------------------------------------------------------------------
