--- K STABILITY: ks=[25, 30, 35, 40] seeds=[42, 1, 2, 3] ---
TF-IDF shape: (1579185, 30000)
TruncatedSVD -> 256 dims (once, reused for all runs)...
  cumulative explained variance: 0.190
  K=25 seed=42 ...
  K=25 seed=1 ...
  K=25 seed=2 ...
  K=25 seed=3 ...
  K=25: mean ARI=0.3541  min=0.3060
  K=30 seed=42 ...
  K=30 seed=1 ...
  K=30 seed=2 ...
  K=30 seed=3 ...
  K=30: mean ARI=0.3361  min=0.3033
  K=35 seed=42 ...
  K=35 seed=1 ...
  K=35 seed=2 ...
  K=35 seed=3 ...
  K=35: mean ARI=0.3576  min=0.3040
  K=40 seed=42 ...
  K=40 seed=1 ...
  K=40 seed=2 ...
  K=40 seed=3 ...
  K=40: mean ARI=0.3328  min=0.3058

Saved ../output/k_stability_ls.csv
 k  n_seeds  n_pairs  mean_ari  min_ari  max_ari   sd_ari
25        4        6  0.354144 0.305952 0.387815 0.035457
30        4        6  0.336086 0.303288 0.382299 0.029347
35        4        6  0.357638 0.304002 0.403610 0.035793
40        4        6  0.332787 0.305804 0.379571 0.022718

Higher mean ARI = the partition reproduces across seeds. The K with the highest stability is the defensible choice; a sharp drop above some K means those extra clusters are splitting noise.
