Loading TF-IDF artifacts ...
  matrix 1,860,867 x 30,000  nnz 223,711,492
  vocab classes: core=377  adj=56  anti=89
Scoring top 15 terms per author ...
  always-keep list (/n/holylabs/LABS/pakes_lab/Lab/sci_eq/derived/openalex/foia_similarity_wts/output/foia_ids_ordered.csv): 208 ids, 2 force-kept beyond the rule
  kept 1,642,289/1,860,867 authors  (top-terms clause 1,408,690, rescued by core-mass clause 233,597, forced 2; dropped 218,578, of which 2 empty rows)
Saved ../output/author_ls_scores_indiv.csv
Saved ../output/author_ls_authors_indiv.csv

Author-level keep rate by k=30 cluster:
               keep_rate       n
cluster_label                   
0                  0.849   34785
1                  0.959   69221
2                  0.970  164311
3                  0.998   31461
4                  0.598   78318
5                  0.512  102835
6                  0.911  186972
7                  0.855   72046
8                  0.982   39647
9                  0.902   29530
10                 0.942  109067
11                 0.774   36847
12                 0.996   51978
13                 0.977   62073
14                 0.520   58651
15                 0.986   69827
16                 0.936   52043
17                 0.875   10164
18                 0.822   67885
19                 0.990   75142
20                 0.968   39587
21                 0.987   30935
22                 0.998   19941
23                 0.924  158270
24                 0.971   25678
25                 0.994   20105
26                 0.996   49324
27                 0.828   55340
28                 0.978   25802
29                 0.837   33082

Agreement with cluster-level _ls mask: 87.2%
  kept here but cluster-dropped: 129,965
  dropped here but cluster-kept: 108,739
