Loading TF-IDF artifacts ...
  matrix 1,860,867 x 30,000  nnz 223,711,492
  vocab features flagged: bench=155  bio=144  clin=28  anti=104  of 30,000
Counting top 15 terms per author ...
  evidence: bench mass 1,241,291, bio-context only 356,838
  nonlab dominance cut 177,213
  always-keep list (/n/holylabs/LABS/pakes_lab/Lab/sci_eq/derived/openalex/foia_similarity_wts/output/foia_ids_ordered.csv): 208 ids, 5 force-kept beyond the rule
  kept 1,420,921/1,860,867 authors (76.4%)
  dropped 439,946, of which 2 empty rows
  kept via BIO_CONTEXT alone: 285,891
Saved ../output/author_ls_scores_indiv.csv
Saved ../output/author_ls_authors_indiv.csv

Classification routes:
                             n  share
route                                
KEEP_BENCH             1135025  61.0%
KEEP_BIO_CONTEXT        285891  15.4%
DROP_NO_EVIDENCE        262736  14.1%
DROP_NONLAB_DOMINATES   177208   9.5%
KEEP_FORCED                  5   0.0%
DROP_EMPTY                   2   0.0%

Author-level keep rate by K=30 cluster:
               keep_rate  bench_rate  bio_only_rate  dominated_rate  mean_bench_shr  mean_bio_shr  mean_nonlab_shr       n
cluster_label                                                                                                             
0                 0.6730      0.7644         0.0497          0.2576          0.0340        0.0097           0.0215   34785
1                 0.9441      0.9334         0.0366          0.0343          0.0709        0.0233           0.0090   69221
2                 0.9749      0.9666         0.0166          0.0112          0.0718        0.0293           0.0047  164311
3                 0.9928      0.8011         0.1988          0.0071          0.0360        0.1282           0.0070   31461
4                 0.3237      0.6050         0.0556          0.6017          0.0176        0.0082           0.0478   78318
5                 0.1750      0.1804         0.2907          0.7590          0.0030        0.0182           0.0708  102835
6                 0.8312      0.6996         0.1865          0.1027          0.0313        0.0504           0.0114  186972
7                 0.7016      0.8208         0.0307          0.2330          0.0342        0.0096           0.0186   72046
8                 0.8743      0.5053         0.4338          0.0995          0.0139        0.0866           0.0157   39647
9                 0.8220      0.7173         0.1951          0.1455          0.0303        0.0484           0.0173   29530
10                0.8340      0.5327         0.3776          0.1202          0.0115        0.0596           0.0168  109067
11                0.6610      0.6964         0.0978          0.2969          0.0343        0.0202           0.0241   36847
12                0.9895      0.9943         0.0047          0.0096          0.0705        0.0495           0.0062   51978
13                0.9387      0.7791         0.1859          0.0407          0.0310        0.0696           0.0098   62073
14                0.3812      0.4880         0.1344          0.5253          0.0167        0.0124           0.0391   58651
15                0.9622      0.5790         0.4080          0.0301          0.0149        0.1035           0.0129   69827
16                0.6087      0.4006         0.3448          0.2818          0.0075        0.0336           0.0195   52043
17                0.6248      0.4019         0.3536          0.2906          0.0094        0.0361           0.0213   10164
18                0.6000      0.4190         0.2857          0.2620          0.0091        0.0361           0.0191   67885
19                0.9915      0.9843         0.0099          0.0035          0.0838        0.0431           0.0037   75142
20                0.9121      0.7541         0.1851          0.0399          0.0270        0.0458           0.0064   39587
21                0.9784      0.9903         0.0024          0.0164          0.0827        0.0267           0.0073   30935
22                0.9886      0.7576         0.2408          0.0099          0.0320        0.1074           0.0085   19941
23                0.7833      0.5205         0.3440          0.1563          0.0190        0.0604           0.0183  158270
24                0.8191      0.8136         0.0886          0.1454          0.0489        0.0271           0.0152   25678
25                0.9680      0.7587         0.2410          0.0318          0.0341        0.1056           0.0137   20105
26                0.9550      0.6896         0.2937          0.0350          0.0231        0.0856           0.0102   49324
27                0.4219      0.5836         0.0636          0.5006          0.0224        0.0077           0.0391   55340
28                0.9218      0.5994         0.4002          0.0780          0.0222        0.1145           0.0238   25802
29                0.6008      0.3895         0.3805          0.3437          0.0094        0.0491           0.0304   33082

Agreement with cluster-level _ls mask: 82.2%
  kept here but cluster-dropped: 65,704
  dropped here but cluster-kept: 265,846
