######## STAGE 1: life-science mask ########
=== 0_us_subset.py ===
Loading US Author List...
Streaming ../external/appended_text/cleaned_static_author_text_pre.parquet -> ../output/cleaned_static_author_text_pre_us.parquet ...
US Authors Count: 2,652,144
Done.
=== 0b_clean_us_corpus.py ===
Reading ../output/cleaned_static_author_text_pre_us.parquet ...
Loaded: 2,652,144 US authors
  scraper-boilerplate authors:      32,510 (1.23%)
  short text (<200 chars):        763,589 (28.79%)
  overlap (both):                      109
  keeping                        1,856,154 / 2,652,144 (70.0%)
Writing ../output/cleaned_static_author_text_pre_us_v2.parquet ...
Done. 1,856,154 rows.
=== 1_vectorize.py (full US pool) ===
Loading Parquet data...
Stemming Stopwords to match input data...
Vectorizing...
Matrix Shape: (1856154, 30000)
=== 2_cluster.py --clusters 100 ===
--- CLUSTER JOB (US): K=100  svd_dim=256 ---
Loading TF-IDF matrix...
  TF-IDF shape: (1856154, 30000)  nnz/row mean: 120.6
Loading helper files...
  rows with 0 nonzero features:  1
  rows with <5 nonzero features: 56

Reducing to 256 dims via TruncatedSVD...
  cumulative explained variance: 0.182
  dense shape: (1856154, 256)   mem: 1.90 GB
  L2-normalized; ready for spherical K-means semantics.

Clustering into 100 clusters with MiniBatchKMeans...

--- CLUSTER SIZE DISTRIBUTION ---
  largest cluster: 86,205 authors (4.64% of pool)
  median size: 16,464    smallest: 4,632
  size pctiles: 10%=9,663  25%=12,850  75%=22,698  90%=28,874
  silhouette (n=50,000): 0.0925
  inertia: 1209295.62
  appended diagnostics to ../output/k_diagnostics.csv

Saving Results...
Writing cluster top-term descriptions...
Saved ../output/static_cluster_descriptions_100.txt
Done.
=== 3_filter_life_science.py --k 100 ===
Loading ../output/author_static_clusters_100.csv
  authors: 1,856,154   clusters present: 100
Saved worksheet (edit 'keep' column here): ../output/cluster_label_worksheet_100.csv
Saved ../output/life_science_authors_100.csv  (1,477,528 authors in 79 kept clusters; dropped 378,626 authors in 21 clusters)
Saved ../output/cluster_filter_audit_100.txt

Borderline clusters -- review these first:
 cluster_label  n_authors  core_hits  adj_hits  anti_hits  keep_auto                                                                                                                                 top_terms
            86      22873          8         2          2          1                 retin, eye, corneal, len, ocular, glaucoma, retina, intraocular, macular, cataract, visual, optic, cornea, laser, choroid
            15      18342          7         0          1          1 diabet, mellitu, insulin, glucos, retinopathi, educ, women, glycem, islet, american, nephropathi, neuropathi, obes, cardiovascular, hba1c
            72      22082          5         0          1          1             antagonist, agonist, potent, citat, crossref, attent, text, updat, opioid, share, full, discoveri, affin, ligand, pharmacolog
             3      12623          1         1          0          0                    visual, eye, movement, cortex, task, motion, vision, stimulu, field, stimuli, spatial, saccad, percept, attent, cortic
            40      13567          1         0          0          0                            exercis, train, physic, rest, women, men, treadmil, endur, maxim, strength, intens, aerob, run, athlet, oxygen
            74      14370          1         0          0          0          asthma, smoke, airway, allerg, allergen, asthmat, ige, inhal, smoker, cigarett, bronchial, eosinophil, allergi, rhiniti, tobacco
            54      15567          1         0          0          0                           mosquito, vector, tick, host, larva, dengu, aed, egg, parasit, outbreak, transmiss, fli, insect, fever, aegypti
            52      11567          1         0          0          0        platelet, aggreg, thrombin, fibrinogen, thrombocytopenia, vwf, heparin, bleed, coagul, count, willebrand, transfus, iib, clot, adp
            66      28740          1         0          0          0                     bond, energi, conform, nmr, electron, ligand, hydrogen, spectroscopi, dynam, ion, solut, proton, metal, atom, spectra
            99      15893          1         4          0          0                             magnet, reson, mri, echo, diffus, field, spin, spectroscopi, cerebr, matter, resolut, magn, nmr, scan, proton
            80      23865          1         0          1          0            algorithm, network, comput, simul, databas, dynam, optim, paper, problem, accuraci, classif, tool, reconstruct, neural, integr
            33      33963          1         0          1          0                 depress, adolesc, social, sexual, parent, anxieti, self, women, psycholog, abus, psychiatr, mental, child, substanc, emot
STAGE 1 done. Review ../output/cluster_filter_audit_100.txt and edit
the keep column in ../output/cluster_label_worksheet_100.csv, then
re-run 3_filter_life_science.py --k 100 --use-manual before stage 2.
Done.
