
  ___  ____  ____  ____  ____ ©
 /__    /   ____/   /   ____/      17.0
___/   /   /___/   /   /___/       MP—Parallel Edition

 Statistics and Data Science       Copyright 1985-2021 StataCorp LLC
                                   StataCorp
                                   4905 Lakeway Drive
                                   College Station, Texas 77845 USA
                                   800-STATA-PC        https://www.stata.com
                                   979-696-4600        stata@stata.com

Stata license: 32-user 64-core network perpetual
Serial number: 501706311472
  Licensed to: Harvard Research Computing
               Cambridge MA

Notes:
      1. Stata is running in batch mode.
      2. Unicode is supported; see help unicode_advice.
      3. More than 2 billion observations are allowed; see help obs_advice.
      4. Maximum number of variables is set to 120,000; see help set_maxvar.

. do diag_nih_cost_spike2.do 

. clear all

. set more off

. 
. use athr_id year grant_key row_key research total_cost activity ///
>     using ../external/nih_panel/nih_grants_by_athr_id, clear

. keep if inrange(year, 2010, 2019) & research
(16,457 observations deleted)

. duplicates drop athr_id year row_key, force

Duplicates in terms of athr_id year row_key

(73 observations deleted)

. egen byte tag_res = tag(athr_id year grant_key)

. keep if tag_res
(13,633 observations deleted)

. 
. gen str3 act3 = substr(activity, 1, 3)

. encode act3, gen(act_c)

. gen byte big = total_cost > 2000000 & !mi(total_cost)

. gen byte post = year >= 2015

. 
. tab act_c big, row

+----------------+
| Key            |
|----------------|
|   frequency    |
| row percentage |
+----------------+

           |          big
     act_c |         0          1 |     Total
-----------+----------------------+----------
       DP1 |       501          0 |       501 
           |    100.00       0.00 |    100.00 
-----------+----------------------+----------
       DP2 |        86        317 |       403 
           |     21.34      78.66 |    100.00 
-----------+----------------------+----------
       DP5 |       228          0 |       228 
           |    100.00       0.00 |    100.00 
-----------+----------------------+----------
       P01 |    14,232         27 |    14,259 
           |     99.81       0.19 |    100.00 
-----------+----------------------+----------
       P50 |     8,490          3 |     8,493 
           |     99.96       0.04 |    100.00 
-----------+----------------------+----------
       R00 |     2,804          0 |     2,804 
           |    100.00       0.00 |    100.00 
-----------+----------------------+----------
       R01 |   156,617        369 |   156,986 
           |     99.76       0.24 |    100.00 
-----------+----------------------+----------
       R03 |     6,072          0 |     6,072 
           |    100.00       0.00 |    100.00 
-----------+----------------------+----------
       R15 |     1,616          0 |     1,616 
           |    100.00       0.00 |    100.00 
-----------+----------------------+----------
       R21 |    25,281          0 |    25,281 
           |    100.00       0.00 |    100.00 
-----------+----------------------+----------
       R33 |       991          0 |       991 
           |    100.00       0.00 |    100.00 
-----------+----------------------+----------
       R34 |     1,559          0 |     1,559 
           |    100.00       0.00 |    100.00 
-----------+----------------------+----------
       R35 |     1,843          0 |     1,843 
           |    100.00       0.00 |    100.00 
-----------+----------------------+----------
       R37 |     3,077          3 |     3,080 
           |     99.90       0.10 |    100.00 
-----------+----------------------+----------
       R56 |     2,143         11 |     2,154 
           |     99.49       0.51 |    100.00 
-----------+----------------------+----------
       R61 |       194          4 |       198 
           |     97.98       2.02 |    100.00 
-----------+----------------------+----------
       RF1 |       150        290 |       440 
           |     34.09      65.91 |    100.00 
-----------+----------------------+----------
       U01 |    11,672      1,082 |    12,754 
           |     91.52       8.48 |    100.00 
-----------+----------------------+----------
       UG1 |       510         48 |       558 
           |     91.40       8.60 |    100.00 
-----------+----------------------+----------
       UG3 |       331         52 |       383 
           |     86.42      13.58 |    100.00 
-----------+----------------------+----------
       UH2 |       364          4 |       368 
           |     98.91       1.09 |    100.00 
-----------+----------------------+----------
       UH3 |       380         66 |       446 
           |     85.20      14.80 |    100.00 
-----------+----------------------+----------
       UM1 |       525        319 |       844 
           |     62.20      37.80 |    100.00 
-----------+----------------------+----------
     Total |   239,666      2,595 |   242,261 
           |     98.93       1.07 |    100.00 

. table act_c post if big, stat(count grant_key) stat(sum total_cost) nformat(%
> 16.0f)

-------------------------------------------------------------------------------------------
                                                   |                   post                
                                                   |           0            1         Total
---------------------------------------------------+---------------------------------------
act_c                                              |                                       
  DP2                                              |                                       
    Number of non-missing values                   |                                       
      unique award (core project num + subproject) |           0            0             0
    Total                                          |                                       
      TOTAL_COST                                   |   370803695    386991198     757794893
  P01                                              |                                       
    Number of non-missing values                   |                                       
      unique award (core project num + subproject) |           0            0             0
    Total                                          |                                       
      TOTAL_COST                                   |    27647092     42812279      70459371
  P50                                              |                                       
    Number of non-missing values                   |                                       
      unique award (core project num + subproject) |           0            0             0
    Total                                          |                                       
      TOTAL_COST                                   |     2161448      4172880       6334328
  R01                                              |                                       
    Number of non-missing values                   |                                       
      unique award (core project num + subproject) |           0            0             0
    Total                                          |                                       
      TOTAL_COST                                   |   535992545    585306416    1121298961
  R37                                              |                                       
    Number of non-missing values                   |                                       
      unique award (core project num + subproject) |           0                          0
    Total                                          |                                       
      TOTAL_COST                                   |     6928519                    6928519
  R56                                              |                                       
    Number of non-missing values                   |                                       
      unique award (core project num + subproject) |                        0             0
    Total                                          |                                       
      TOTAL_COST                                   |                 33210172      33210172
  R61                                              |                                       
    Number of non-missing values                   |                                       
      unique award (core project num + subproject) |                        0             0
    Total                                          |                                       
      TOTAL_COST                                   |                 12272673      12272673
  RF1                                              |                                       
    Number of non-missing values                   |                                       
      unique award (core project num + subproject) |           0            0             0
    Total                                          |                                       
      TOTAL_COST                                   |    45284566   1007307820    1052592386
  U01                                              |                                       
    Number of non-missing values                   |                                       
      unique award (core project num + subproject) |           0            0             0
    Total                                          |                                       
      TOTAL_COST                                   |  1780843440   2253616128    4034459568
  UG1                                              |                                       
    Number of non-missing values                   |                                       
      unique award (core project num + subproject) |           0            0             0
    Total                                          |                                       
      TOTAL_COST                                   |    32006137    212247085     244253222
  UG3                                              |                                       
    Number of non-missing values                   |                                       
      unique award (core project num + subproject) |                        0             0
    Total                                          |                                       
      TOTAL_COST                                   |                210275621     210275621
  UH2                                              |                                       
    Number of non-missing values                   |                                       
      unique award (core project num + subproject) |           0            0             0
    Total                                          |                                       
      TOTAL_COST                                   |     8703933      4761592      13465525
  UH3                                              |                                       
    Number of non-missing values                   |                                       
      unique award (core project num + subproject) |           0            0             0
    Total                                          |                                       
      TOTAL_COST                                   |    33063605    217812902     250876507
  UM1                                              |                                       
    Number of non-missing values                   |                                       
      unique award (core project num + subproject) |           0            0             0
    Total                                          |                                       
      TOTAL_COST                                   |   649966379   1778931518    2428897897
  Total                                            |                                       
    Number of non-missing values                   |                                       
      unique award (core project num + subproject) |           0            0             0
    Total                                          |                                       
      TOTAL_COST                                   |  3493401359   6749718284   10243119643
-------------------------------------------------------------------------------------------

. 
. collapse (sum) dollars = total_cost (count) n = grant_key, by(act_c year)
string variable grant_key not allowed with statistic count
r(109);

end of do-file
r(109);
