-------------------------------------------------------------------------------
      name:  <unnamed>
       log:  /n/holylabs/pakes_lab/Lab/sci_eq/analysis/reduced_form/code/_chk.l
> og
  log type:  text
 opened on:  26 Jul 2026, 23:34:05

. foreach f in es_all_jrnls_r1_r2 es_all_jrnls_r1_r2_public {
  2.     use ../output/prepped_samples/`f', clear
  3.     qui gunique athr_id
  4.     local na = r(unique)
  5.     qui gunique inst_id
  6.     local ni = r(unique)
  7.     qui sum public
  8.     di as text "`f': obs=" _N "  PIs=`na'  Insts=`ni'  mean(public)=" %5.3
> f r(mean)
  9.     qui tab type
 10. }
es_all_jrnls_r1_r2: obs=123370  PIs=12337  Insts=198  mean(public)=0.611
es_all_jrnls_r1_r2_public: obs=76540  PIs=7654  Insts=136  mean(public)=1.000

. log close
      name:  <unnamed>
       log:  /n/holylabs/pakes_lab/Lab/sci_eq/analysis/reduced_form/code/_chk.l
> og
  log type:  text
 closed on:  26 Jul 2026, 23:34:09
-------------------------------------------------------------------------------
