-------------------------------------------------------------------------------
      name:  <unnamed>
       log:  /n/holylabs/pakes_lab/Lab/sci_eq/analysis/reduced_form/code/diag_s
> ample_cuts.log
  log type:  text
 opened on:  10 Jul 2026, 21:22:11

. 
. use ../temp/es_all_jrnls_r1_r2_public.dta, clear

. keep if exposure > 0
(0 observations deleted)

. gen rel = year - 2014

. 
. * Precompute leads/lags & mshr
. qui sum rel

. local abs_lead = abs(r(min))

. local abs_lag  = r(max)

. forval i = 1/`abs_lag' {
  2.     gen int_lag`i' = exposure if rel == `i'
  3.     replace int_lag`i' = 0 if mi(int_lag`i')
  4.     gen mshr_lag`i' = mkt_spend_shr if rel == `i'
  5.     replace mshr_lag`i' = 0 if mi(mshr_lag`i')
  6. }
(135,756 missing values generated)
(135,756 real changes made)
(135,756 missing values generated)
(135,756 real changes made)
(135,756 missing values generated)
(135,756 real changes made)
(135,756 missing values generated)
(135,756 real changes made)
(135,756 missing values generated)
(135,756 real changes made)
(135,756 missing values generated)
(135,756 real changes made)
(135,756 missing values generated)
(135,756 real changes made)
(135,756 missing values generated)
(135,756 real changes made)
(135,756 missing values generated)
(135,756 real changes made)
(135,756 missing values generated)
(135,756 real changes made)

. forval i = 1/`abs_lead' {
  2.     gen int_lead`i' = exposure if rel == -`i'
  3.     replace int_lead`i' = 0 if mi(int_lead`i')
  4.     gen mshr_lead`i' = mkt_spend_shr if rel == -`i'
  5.     replace mshr_lead`i' = 0 if mi(mshr_lead`i')
  6. }
(135,756 missing values generated)
(135,756 real changes made)
(135,756 missing values generated)
(135,756 real changes made)
(135,756 missing values generated)
(135,756 real changes made)
(135,756 missing values generated)
(135,756 real changes made)
(135,756 missing values generated)
(135,756 real changes made)
(135,756 missing values generated)
(135,756 real changes made)
(135,756 missing values generated)
(135,756 real changes made)
(135,756 missing values generated)
(135,756 real changes made)

. gen int_lag0 = exposure if rel == 0
(135,756 missing values generated)

. replace int_lag0 = 0 if mi(int_lag0)
(135,756 real changes made)

. gen mshr_lag0 = mkt_spend_shr if rel == 0
(135,756 missing values generated)

. replace mshr_lag0 = 0 if mi(mshr_lag0)
(135,756 real changes made)

. local ileads

. local ilags

. local mleads

. local mlags

. forval i = 2/`abs_lead' {
  2.     local ileads int_lead`i' `ileads'
  3.     local mleads mshr_lead`i' `mleads'
  4. }

. forval i = 0/`abs_lag' {
  2.     local ilags `ilags' int_lag`i'
  3.     local mlags `mlags' mshr_lag`i'
  4. }

. 
. * Precompute pre-period stats used for cuts
. gen pre_pprs = ppr_cnt if year < 2014
(90,504 missing values generated)

. bys athr_id: egen pi_pre_mean  = mean(pre_pprs)

. bys athr_id: egen pi_pre_min   = min(pre_pprs)

. bys athr_id: egen pi_pre_years_active = total(pre_pprs > 0 & !mi(pre_pprs))

. bys athr_id: gen _first = _n == 1

. xtile exp_q_tmp = exposure if _first == 1, n(4)

. bys athr_id: egen exp_q = max(exp_q_tmp)

. drop exp_q_tmp

. 
. program est_and_store
  1.     syntax, name(string) [ if_expr(string) ]
  2.     if "`if_expr'" == "" local if_expr "1==1"
  3.     qui count if _first == 1 & `if_expr'
  4.     local n_pi = r(N)
  5.     qui ppmlhdfe ppr_cnt `1' if `if_expr', absorb(athr_id year) vce(cluste
> r athr_id)
  6.     estimates store `name'
  7.     di as text "  `name'  N_PI=`n_pi'"
  8. end

. 
. *==== baseline (positive-exposure only, no cut) ====
. di as text _newline "======= BASELINE ======="

======= BASELINE =======

. qui count if _first == 1

. di as text "  N_PI = " r(N)
  N_PI = 15084

. qui ppmlhdfe ppr_cnt `ileads' `ilags', absorb(athr_id year) vce(cluster athr_
> id)

. estimates store base

. qui ppmlhdfe ppr_cnt `ileads' `ilags' `mleads' `mlags', absorb(athr_id year) 
> vce(cluster athr_id)

. estimates store base_m

. 
. *==== CUT 1: require pre-period active in ALL 4 years (balanced publishers) =
> ===
. di as text _newline "======= CUT 1: pre-period active every year 2010-2013 ==
> ====="

======= CUT 1: pre-period active every year 2010-2013 =======

. qui count if _first == 1 & pi_pre_years_active == 4

. di as text "  N_PI = " r(N)
  N_PI = 3483

. qui ppmlhdfe ppr_cnt `ileads' `ilags' if pi_pre_years_active == 4, absorb(ath
> r_id year) vce(cluster athr_id)

. estimates store c1

. qui ppmlhdfe ppr_cnt `ileads' `ilags' `mleads' `mlags' if pi_pre_years_active
>  == 4, absorb(athr_id year) vce(cluster athr_id)

. estimates store c1_m

. 
. *==== CUT 2: require pi_pre_mean >= 2 ====
. di as text _newline "======= CUT 2: pre_ppr_mean >= 2 ======="

======= CUT 2: pre_ppr_mean >= 2 =======

. qui count if _first == 1 & pi_pre_mean >= 2

. di as text "  N_PI = " r(N)
  N_PI = 2943

. qui ppmlhdfe ppr_cnt `ileads' `ilags' if pi_pre_mean >= 2, absorb(athr_id yea
> r) vce(cluster athr_id)

. estimates store c2

. qui ppmlhdfe ppr_cnt `ileads' `ilags' `mleads' `mlags' if pi_pre_mean >= 2, a
> bsorb(athr_id year) vce(cluster athr_id)

. estimates store c2_m

. 
. *==== CUT 3: require pi_pre_mean >= 3 ====
. di as text _newline "======= CUT 3: pre_ppr_mean >= 3 ======="

======= CUT 3: pre_ppr_mean >= 3 =======

. qui count if _first == 1 & pi_pre_mean >= 3

. di as text "  N_PI = " r(N)
  N_PI = 1213

. qui ppmlhdfe ppr_cnt `ileads' `ilags' if pi_pre_mean >= 3, absorb(athr_id yea
> r) vce(cluster athr_id)

. estimates store c3

. qui ppmlhdfe ppr_cnt `ileads' `ilags' `mleads' `mlags' if pi_pre_mean >= 3, a
> bsorb(athr_id year) vce(cluster athr_id)

. estimates store c3_m

. 
. *==== CUT 4: drop bottom quartile of exposure (low-signal PIs) ====
. di as text _newline "======= CUT 4: exposure Q >= 2 (drop bottom Q) ======="

======= CUT 4: exposure Q >= 2 (drop bottom Q) =======

. qui count if _first == 1 & exp_q >= 2

. di as text "  N_PI = " r(N)
  N_PI = 11313

. qui ppmlhdfe ppr_cnt `ileads' `ilags' if exp_q >= 2, absorb(athr_id year) vce
> (cluster athr_id)

. estimates store c4

. qui ppmlhdfe ppr_cnt `ileads' `ilags' `mleads' `mlags' if exp_q >= 2, absorb(
> athr_id year) vce(cluster athr_id)

. estimates store c4_m

. 
. *==== CUT 5: drop top quartile of exposure (removes high-mass driver) ====
. di as text _newline "======= CUT 5: exposure Q <= 3 (drop top Q) ======="

======= CUT 5: exposure Q <= 3 (drop top Q) =======

. qui count if _first == 1 & exp_q <= 3

. di as text "  N_PI = " r(N)
  N_PI = 11313

. qui ppmlhdfe ppr_cnt `ileads' `ilags' if exp_q <= 3, absorb(athr_id year) vce
> (cluster athr_id)

. estimates store c5

. qui ppmlhdfe ppr_cnt `ileads' `ilags' `mleads' `mlags' if exp_q <= 3, absorb(
> athr_id year) vce(cluster athr_id)

. estimates store c5_m

. 
. *==== CUT 6: middle 2 quartiles only ====
. di as text _newline "======= CUT 6: exposure Q in {2,3} ======="

======= CUT 6: exposure Q in {2,3} =======

. qui count if _first == 1 & inrange(exp_q, 2, 3)

. di as text "  N_PI = " r(N)
  N_PI = 7542

. qui ppmlhdfe ppr_cnt `ileads' `ilags' if inrange(exp_q, 2, 3), absorb(athr_id
>  year) vce(cluster athr_id)

. estimates store c6

. qui ppmlhdfe ppr_cnt `ileads' `ilags' `mleads' `mlags' if inrange(exp_q, 2, 3
> ), absorb(athr_id year) vce(cluster athr_id)

. estimates store c6_m

. 
. *==== CUT 7: require no zero years in pre-period AND pre_mean >= 2 ====
. di as text _newline "======= CUT 7: balanced pre-period AND pre_mean >= 2 ===
> ===="

======= CUT 7: balanced pre-period AND pre_mean >= 2 =======

. qui count if _first == 1 & pi_pre_years_active == 4 & pi_pre_mean >= 2

. di as text "  N_PI = " r(N)
  N_PI = 2193

