-------------------------------------------------------------------------------
      name:  <unnamed>
       log:  /n/holylabs/pakes_lab/Lab/sci_eq/analysis/reduced_form/code/diag_p
> os_exposure_spike.log
  log type:  text
 opened on:  10 Jul 2026, 15:53:37

. 
. * NOTE:  Panel is already exposure >= 0.  The "positive exposure" restriction
. * below drops exposure == 0.
. use ../temp/es_all_jrnls_r1_r2_public.dta, clear

. 
. di as text _newline "======= 1) sample split ======="

======= 1) sample split =======

. bys athr_id: gen _first = _n == 1

. tab foia_athr _first if _first == 1, missing

           |   _first
 foia_athr |         1 |     Total
-----------+-----------+----------
         1 |        76 |        76 
         . |     7,839 |     7,839 
-----------+-----------+----------
     Total |     7,915 |     7,915 

. count if _first == 1
  7,915

. scalar n_pi_total = r(N)

. count if _first == 1 & exposure > 0
  7,911

. scalar n_pi_pos = r(N)

. count if _first == 1 & exposure == 0
  4

. scalar n_pi_zero = r(N)

. di as text "  n PIs total  = " scalar(n_pi_total)
  n PIs total  = 7915

. di as text "  n PIs zero   = " scalar(n_pi_zero)
  n PIs zero   = 4

. di as text "  n PIs pos    = " scalar(n_pi_pos)
  n PIs pos    = 7911

. 
. di as text _newline "======= 2) exposure & mkt_spend_shr on PI-level ======="

======= 2) exposure & mkt_spend_shr on PI-level =======

. sum exposure       if _first == 1, d

                          exposure
-------------------------------------------------------------
      Percentiles      Smallest
 1%     .0005546              0
 5%     .0035048              0
10%     .0067505              0       Obs               7,915
25%     .0159027              0       Sum of wgt.       7,915

50%     .0334434                      Mean           .0436541
                        Largest       Std. dev.      .0354539
75%     .0643166       .1916995
90%     .0978582       .1928698       Variance        .001257
95%     .1139564       .2260541       Skewness       1.034419
99%     .1428474       .2563505       Kurtosis       3.641331

. sum mkt_spend_shr  if _first == 1, d

                        mkt_spend_shr
-------------------------------------------------------------
      Percentiles      Smallest
 1%     .1049257              0
 5%     .1495154              0
10%     .1776439              0       Obs               7,915
25%     .2261166              0       Sum of wgt.       7,915

50%     .2883427                      Mean           .3021831
                        Largest       Std. dev.      .1077364
75%     .3568201       .7341243
90%     .4504631       .7353809       Variance       .0116071
95%     .5171186       .7466255       Skewness       .7208127
99%     .5994267       .8176486       Kurtosis        3.56544

. sum mkt_spend_shr  if _first == 1 & exposure == 0

    Variable |        Obs        Mean    Std. dev.       Min        Max
-------------+---------------------------------------------------------
mkt_spend_~r |          4           0           0          0          0

. sum mkt_spend_shr  if _first == 1 & exposure > 0

    Variable |        Obs        Mean    Std. dev.       Min        Max
-------------+---------------------------------------------------------
mkt_spend_~r |      7,911    .3023359    .1075491   .0100839   .8176486

. di as text "correlation on PI level (all vs positive):"
correlation on PI level (all vs positive):

. corr exposure mkt_spend_shr if _first == 1
(obs=7,915)

             | exposure mkt_sp~r
-------------+------------------
    exposure |   1.0000
mkt_spend_~r |   0.4244   1.0000


. corr exposure mkt_spend_shr if _first == 1 & exposure > 0
(obs=7,911)

             | exposure mkt_sp~r
-------------+------------------
    exposure |   1.0000
mkt_spend_~r |   0.4237   1.0000


. 
. di as text _newline "======= 3) raw ppr_cnt means by year x exposure group ==
> ====="

======= 3) raw ppr_cnt means by year x exposure group =======

. tabstat ppr_cnt, by(year) stat(mean sd N) col(stat)

Summary for variables: ppr_cnt
Group variable: year 

    year |      Mean        SD         N
---------+------------------------------
    2010 |  2.013645  1.796317      7915
    2011 |  2.004422  1.791115      7915
    2012 |  1.953506  1.796822      7915
    2013 |  1.873405  1.809305      7915
    2014 |  1.481491  1.785929      7915
    2015 |  1.365761  1.770726      7915
    2016 |  1.177006  1.545822      7915
    2017 |  1.132533  1.623836      7915
    2018 |  1.053569  1.612016      7915
    2019 |  .9542641  1.506344      7915
---------+------------------------------
   Total |   1.50096  1.754167     79150
----------------------------------------

. di as text "  --- zero-exposure PIs (ppr_cnt mean by year) ---"
  --- zero-exposure PIs (ppr_cnt mean by year) ---

. tabstat ppr_cnt if exposure == 0, by(year) stat(mean sd N) col(stat)

Summary for variables: ppr_cnt
Group variable: year 

    year |      Mean        SD         N
---------+------------------------------
    2010 |      1.75  .9574271         4
    2011 |         1  1.414214         4
    2012 |       1.5  .5773503         4
    2013 |       .75  .9574271         4
    2014 |         0         0         4
    2015 |       .25        .5         4
    2016 |         0         0         4
    2017 |        .5         1         4
    2018 |         0         0         4
    2019 |         0         0         4
---------+------------------------------
   Total |      .575  .9026315        40
----------------------------------------

. di as text "  --- positive-exposure PIs (ppr_cnt mean by year) ---"
  --- positive-exposure PIs (ppr_cnt mean by year) ---

. tabstat ppr_cnt if exposure > 0, by(year) stat(mean sd N) col(stat)

Summary for variables: ppr_cnt
Group variable: year 

    year |      Mean        SD         N
---------+------------------------------
    2010 |  2.013778  1.796664      7911
    2011 |   2.00493  1.791214      7911
    2012 |  1.953735  1.797212      7911
    2013 |  1.873973   1.80949      7911
    2014 |   1.48224   1.78607      7911
    2015 |  1.366325  1.770969      7911
    2016 |  1.177601  1.545986      7911
    2017 |  1.132853  1.624067      7911
    2018 |  1.054102  1.612249      7911
    2019 |  .9547466  1.506572      7911
---------+------------------------------
   Total |  1.501428  1.754372     79110
----------------------------------------

. 
. di as text _newline "======= 4) ppmlhdfe on full sample vs positive exposure 
> ======="

======= 4) ppmlhdfe on full sample vs positive exposure =======

. gen rel = year - 2014

. qui sum rel

. local abs_lead = abs(r(min))

. local abs_lag  = r(max)

. forval i = 1/`abs_lag' {
  2.     gen int_lag`i'  = exposure      if rel == `i'
  3.     gen mshr_lag`i' = mkt_spend_shr if rel == `i'
  4.     replace int_lag`i'  = 0 if mi(int_lag`i')
  5.     replace mshr_lag`i' = 0 if mi(mshr_lag`i')
  6. }
(71,235 missing values generated)
(71,235 missing values generated)
(71,235 real changes made)
(71,235 real changes made)
(71,235 missing values generated)
(71,235 missing values generated)
(71,235 real changes made)
(71,235 real changes made)
(71,235 missing values generated)
(71,235 missing values generated)
(71,235 real changes made)
(71,235 real changes made)
(71,235 missing values generated)
(71,235 missing values generated)
(71,235 real changes made)
(71,235 real changes made)
(71,235 missing values generated)
(71,235 missing values generated)
(71,235 real changes made)
(71,235 real changes made)

. forval i = 1/`abs_lead' {
  2.     gen int_lead`i'  = exposure      if rel == -`i'
  3.     gen mshr_lead`i' = mkt_spend_shr if rel == -`i'
  4.     replace int_lead`i'  = 0 if mi(int_lead`i')
  5.     replace mshr_lead`i' = 0 if mi(mshr_lead`i')
  6. }
(71,235 missing values generated)
(71,235 missing values generated)
(71,235 real changes made)
(71,235 real changes made)
(71,235 missing values generated)
(71,235 missing values generated)
(71,235 real changes made)
(71,235 real changes made)
(71,235 missing values generated)
(71,235 missing values generated)
(71,235 real changes made)
(71,235 real changes made)
(71,235 missing values generated)
(71,235 missing values generated)
(71,235 real changes made)
(71,235 real changes made)

. gen int_lag0  = exposure      if rel == 0
(71,235 missing values generated)

. replace int_lag0 = 0 if mi(int_lag0)
(71,235 real changes made)

. gen mshr_lag0 = mkt_spend_shr if rel == 0
(71,235 missing values generated)

. replace mshr_lag0 = 0 if mi(mshr_lag0)
(71,235 real changes made)

. 
. local ileads

. local ilags

. local mleads

. local mlags

. forval i = 2/`abs_lead' {
  2.     local ileads int_lead`i'  `ileads'
  3.     local mleads mshr_lead`i' `mleads'
  4. }

. forval i = 0/`abs_lag' {
  2.     local ilags  `ilags'  int_lag`i'
  3.     local mlags  `mlags'  mshr_lag`i'
  4. }

. 
. di as text "--- FULL sample, base ---"
--- FULL sample, base ---

. ppmlhdfe ppr_cnt `ileads' `ilags', absorb(athr_id year) vce(cluster athr_id)
Iteration 1:   deviance = 9.4348e+04  eps = .         iters = 4    tol = 1.0e-0
> 4                                                                            
>    min(eta) =  -1.66  P   
Iteration 2:   deviance = 9.1132e+04  eps = 3.53e-02  iters = 2    tol = 1.0e-0
> 4                                                                            
>    min(eta) =  -1.91      
Iteration 3:   deviance = 9.1094e+04  eps = 4.20e-04  iters = 2    tol = 1.0e-0
> 4                                                                            
>    min(eta) =  -1.95      
Iteration 4:   deviance = 9.1094e+04  eps = 3.69e-07  iters = 2    tol = 1.0e-0
> 4                                                                            
>    min(eta) =  -1.95      
Iteration 5:   deviance = 9.1094e+04  eps = 4.19e-12  iters = 2    tol = 1.0e-0
> 5                                                                            
>    min(eta) =  -1.95   S O
-------------------------------------------------------------------------------
> -----------------------------
(legend: p: exact partial-out   s: exact solver   h: step-halving   o: epsilon 
> below tolerance)
Converged in 5 iterations and 12 HDFE sub-iterations (tol = 1.0e-08)

HDFE PPML regression                              No. of obs      =     79,150
Absorbing 2 HDFE groups                           Residual df     =      7,914
Statistics robust to heteroskedasticity           Wald chi2(9)    =       7.34
Deviance             =  91093.94165               Prob > chi2     =     0.6016
Log pseudolikelihood = -112270.4915               Pseudo R2       =     0.2100

Number of clusters (athr_id)=      7,915
                            (Std. err. adjusted for 7,915 clusters in athr_id)
------------------------------------------------------------------------------
             |               Robust
     ppr_cnt | Coefficient  std. err.      z    P>|z|     [95% conf. interval]
-------------+----------------------------------------------------------------
   int_lead4 |  -.4551137   .3604658    -1.26   0.207    -1.161614    .2513863
   int_lead3 |  -.3248919   .3577705    -0.91   0.364    -1.026109    .3763254
   int_lead2 |   .0417344   .3300394     0.13   0.899     -.605131    .6885998
    int_lag0 |  -.4603763   .3648155    -1.26   0.207    -1.175402     .254649
    int_lag1 |  -.0530553   .4044353    -0.13   0.896    -.8457338    .7396233
    int_lag2 |   .2874441   .4220591     0.68   0.496    -.5397766    1.114665
    int_lag3 |  -.3029947   .4496828    -0.67   0.500    -1.184357    .5783674
    int_lag4 |  -.3323156   .4747272    -0.70   0.484    -1.262764    .5981326
    int_lag5 |  -.3701829   .4612678    -0.80   0.422    -1.274251    .5338854
       _cons |   .6659984    .010849    61.39   0.000     .6447348     .687262
------------------------------------------------------------------------------

Absorbed degrees of freedom:
-----------------------------------------------------+
 Absorbed FE | Categories  - Redundant  = Num. Coefs |
-------------+---------------------------------------|
     athr_id |      7915        7915           0    *|
        year |        10           1           9     |
-----------------------------------------------------+
* = FE nested within cluster; treated as redundant for DoF computation

. di as text "--- FULL sample, +mshr controls ---"
--- FULL sample, +mshr controls ---

. ppmlhdfe ppr_cnt `ileads' `ilags' `mleads' `mlags', absorb(athr_id year) vce(
> cluster athr_id)
Iteration 1:   deviance = 9.4337e+04  eps = .         iters = 4    tol = 1.0e-0
> 4                                                                            
>    min(eta) =  -1.66  P   
Iteration 2:   deviance = 9.1119e+04  eps = 3.53e-02  iters = 2    tol = 1.0e-0
> 4                                                                            
>    min(eta) =  -1.91      
Iteration 3:   deviance = 9.1081e+04  eps = 4.21e-04  iters = 2    tol = 1.0e-0
> 4                                                                            
>    min(eta) =  -1.95      
Iteration 4:   deviance = 9.1081e+04  eps = 3.71e-07  iters = 2    tol = 1.0e-0
> 4                                                                            
>    min(eta) =  -1.95      
Iteration 5:   deviance = 9.1081e+04  eps = 4.20e-12  iters = 2    tol = 1.0e-0
> 5                                                                            
>    min(eta) =  -1.95   S O
-------------------------------------------------------------------------------
> -----------------------------
(legend: p: exact partial-out   s: exact solver   h: step-halving   o: epsilon 
> below tolerance)
Converged in 5 iterations and 12 HDFE sub-iterations (tol = 1.0e-08)

HDFE PPML regression                              No. of obs      =     79,150
Absorbing 2 HDFE groups                           Residual df     =      7,914
Statistics robust to heteroskedasticity           Wald chi2(18)   =      19.78
Deviance             =   91080.9216               Prob > chi2     =     0.3454
Log pseudolikelihood = -112263.9815               Pseudo R2       =     0.2100

Number of clusters (athr_id)=      7,915
                            (Std. err. adjusted for 7,915 clusters in athr_id)
------------------------------------------------------------------------------
             |               Robust
     ppr_cnt | Coefficient  std. err.      z    P>|z|     [95% conf. interval]
-------------+----------------------------------------------------------------
   int_lead4 |  -.5220451   .3906877    -1.34   0.181    -1.287779    .2436887
   int_lead3 |  -.3084622   .3897116    -0.79   0.429    -1.072283    .4553584
   int_lead2 |   .0480516   .3574902     0.13   0.893    -.6526163    .7487194
    int_lag0 |  -.6179151   .3974592    -1.55   0.120    -1.396921    .1610907
    int_lag1 |  -.2417675   .4340332    -0.56   0.578    -1.092457    .6089219
    int_lag2 |   .4906465   .4550293     1.08   0.281    -.4011945    1.382488
    int_lag3 |  -.0311759   .4876919    -0.06   0.949    -.9870344    .9246826
    int_lag4 |  -.2975287   .5206964    -0.57   0.568    -1.318075    .7230174
    int_lag5 |  -.4431804   .5099507    -0.87   0.385    -1.442665    .5563047
  mshr_lead4 |   .0561318   .1207701     0.46   0.642    -.1805733    .2928369
  mshr_lead3 |  -.0137526   .1218644    -0.11   0.910    -.2526025    .2250972
  mshr_lead2 |  -.0052597   .1152287    -0.05   0.964    -.2311038    .2205843
   mshr_lag0 |     .13248   .1263741     1.05   0.294    -.1152087    .3801688
   mshr_lag1 |   .1581477   .1386766     1.14   0.254    -.1136535    .4299488
   mshr_lag2 |  -.1679778   .1419094    -1.18   0.237    -.4461151    .1101594
   mshr_lag3 |  -.2257268    .160642    -1.41   0.160    -.5405794    .0891257
   mshr_lag4 |  -.0290882   .1739651    -0.17   0.867    -.3700534    .3118771
   mshr_lag5 |   .0611795   .1753377     0.35   0.727    -.2824761    .4048352
       _cons |   .6648768   .0233719    28.45   0.000     .6190687     .710685
------------------------------------------------------------------------------

Absorbed degrees of freedom:
-----------------------------------------------------+
 Absorbed FE | Categories  - Redundant  = Num. Coefs |
-------------+---------------------------------------|
     athr_id |      7915        7915           0    *|
        year |        10           1           9     |
-----------------------------------------------------+
* = FE nested within cluster; treated as redundant for DoF computation

. 
. di as text "--- POSITIVE exposure, base ---"
--- POSITIVE exposure, base ---

. ppmlhdfe ppr_cnt `ileads' `ilags' if exposure > 0, absorb(athr_id year) vce(c
> luster athr_id)
Iteration 1:   deviance = 9.4304e+04  eps = .         iters = 4    tol = 1.0e-0
> 4                                                                            
>    min(eta) =  -1.66  P   
Iteration 2:   deviance = 9.1092e+04  eps = 3.53e-02  iters = 2    tol = 1.0e-0
> 4                                                                            
>    min(eta) =  -1.91      
Iteration 3:   deviance = 9.1053e+04  eps = 4.20e-04  iters = 2    tol = 1.0e-0
> 4                                                                            
>    min(eta) =  -1.95      
Iteration 4:   deviance = 9.1053e+04  eps = 3.68e-07  iters = 2    tol = 1.0e-0
> 4                                                                            
>    min(eta) =  -1.95      
Iteration 5:   deviance = 9.1053e+04  eps = 4.17e-12  iters = 2    tol = 1.0e-0
> 5                                                                            
>    min(eta) =  -1.95   S O
-------------------------------------------------------------------------------
> -----------------------------
(legend: p: exact partial-out   s: exact solver   h: step-halving   o: epsilon 
> below tolerance)
Converged in 5 iterations and 12 HDFE sub-iterations (tol = 1.0e-08)

HDFE PPML regression                              No. of obs      =     79,110
Absorbing 2 HDFE groups                           Residual df     =      7,910
Statistics robust to heteroskedasticity           Wald chi2(9)    =       7.33
Deviance             =  91053.29895               Prob > chi2     =     0.6030
Log pseudolikelihood = -112233.6441               Pseudo R2       =     0.2099

Number of clusters (athr_id)=      7,911
                            (Std. err. adjusted for 7,911 clusters in athr_id)
------------------------------------------------------------------------------
             |               Robust
     ppr_cnt | Coefficient  std. err.      z    P>|z|     [95% conf. interval]
-------------+----------------------------------------------------------------
   int_lead4 |  -.4468465    .360467    -1.24   0.215    -1.153349    .2596559
   int_lead3 |  -.3232253   .3577789    -0.90   0.366    -1.024459    .3780085
   int_lead2 |   .0483155   .3300537     0.15   0.884    -.5985779    .6952088
    int_lag0 |  -.4676961   .3648962    -1.28   0.200    -1.182879    .2474874
    int_lag1 |   -.056957   .4045509    -0.14   0.888    -.8498622    .7359481
    int_lag2 |   .2803885    .422165     0.66   0.507    -.5470398    1.107817
    int_lag3 |    -.30235   .4497989    -0.67   0.501     -1.18394    .5792397
    int_lag4 |  -.3395895   .4748624    -0.72   0.475    -1.270303    .5911236
    int_lag5 |  -.3774704   .4613937    -0.82   0.413    -1.281785    .5268447
       _cons |   .6662012   .0108529    61.38   0.000       .64493    .6874724
------------------------------------------------------------------------------

Absorbed degrees of freedom:
-----------------------------------------------------+
 Absorbed FE | Categories  - Redundant  = Num. Coefs |
-------------+---------------------------------------|
     athr_id |      7911        7911           0    *|
        year |        10           1           9     |
-----------------------------------------------------+
* = FE nested within cluster; treated as redundant for DoF computation

. di as text "--- POSITIVE exposure, +mshr controls ---"
--- POSITIVE exposure, +mshr controls ---

. ppmlhdfe ppr_cnt `ileads' `ilags' `mleads' `mlags' if exposure > 0, absorb(at
> hr_id year) vce(cluster athr_id)
Iteration 1:   deviance = 9.4293e+04  eps = .         iters = 4    tol = 1.0e-0
> 4                                                                            
>    min(eta) =  -1.66  P   
Iteration 2:   deviance = 9.1079e+04  eps = 3.53e-02  iters = 2    tol = 1.0e-0
> 4                                                                            
>    min(eta) =  -1.91      
Iteration 3:   deviance = 9.1040e+04  eps = 4.21e-04  iters = 2    tol = 1.0e-0
> 4                                                                            
>    min(eta) =  -1.95      
Iteration 4:   deviance = 9.1040e+04  eps = 3.71e-07  iters = 2    tol = 1.0e-0
> 4                                                                            
>    min(eta) =  -1.95      
Iteration 5:   deviance = 9.1040e+04  eps = 4.19e-12  iters = 2    tol = 1.0e-0
> 5                                                                            
>    min(eta) =  -1.95   S O
-------------------------------------------------------------------------------
> -----------------------------
(legend: p: exact partial-out   s: exact solver   h: step-halving   o: epsilon 
> below tolerance)
Converged in 5 iterations and 12 HDFE sub-iterations (tol = 1.0e-08)

HDFE PPML regression                              No. of obs      =     79,110
Absorbing 2 HDFE groups                           Residual df     =      7,910
Statistics robust to heteroskedasticity           Wald chi2(18)   =      19.62
Deviance             =  91040.29065               Prob > chi2     =     0.3546
Log pseudolikelihood = -112227.1399               Pseudo R2       =     0.2099

Number of clusters (athr_id)=      7,911
                            (Std. err. adjusted for 7,911 clusters in athr_id)
------------------------------------------------------------------------------
             |               Robust
     ppr_cnt | Coefficient  std. err.      z    P>|z|     [95% conf. interval]
-------------+----------------------------------------------------------------
   int_lead4 |  -.5206172   .3906403    -1.33   0.183    -1.286258    .2450237
   int_lead3 |  -.3081952   .3896993    -0.79   0.429    -1.071992    .4556013
   int_lead2 |   .0490669   .3574509     0.14   0.891     -.651524    .7496578
    int_lag0 |  -.6191575   .3975024    -1.56   0.119    -1.398248    .1599328
    int_lag1 |  -.2423804   .4340624    -0.56   0.577    -1.093127    .6083663
    int_lag2 |   .4896461   .4551022     1.08   0.282    -.4023378     1.38163
    int_lag3 |  -.0311462   .4876872    -0.06   0.949    -.9869955    .9247031
    int_lag4 |   -.298699   .5207888    -0.57   0.566    -1.319426    .7220283
    int_lag5 |  -.4443853   .5100376    -0.87   0.384    -1.444041    .5552701
  mshr_lead4 |   .0619694   .1207592     0.51   0.608    -.1747142     .298653
  mshr_lead3 |  -.0126005   .1218725    -0.10   0.918    -.2514661    .2262652
  mshr_lead2 |  -.0006244   .1152544    -0.01   0.996    -.2265189      .22527
   mshr_lag0 |   .1275475   .1264865     1.01   0.313    -.1203616    .3754566
   mshr_lag1 |   .1556086   .1388426     1.12   0.262    -.1165179    .4277351
   mshr_lag2 |    -.17322   .1420775    -1.22   0.223    -.4516867    .1052467
   mshr_lag3 |  -.2255538   .1608168    -1.40   0.161    -.5407489    .0896414
   mshr_lag4 |  -.0342363    .174188    -0.20   0.844    -.3756385     .307166
   mshr_lag5 |    .056159   .1755544     0.32   0.749    -.2879213    .4002394
       _cons |   .6651441   .0233956    28.43   0.000     .6192896    .7109986
------------------------------------------------------------------------------

Absorbed degrees of freedom:
-----------------------------------------------------+
 Absorbed FE | Categories  - Redundant  = Num. Coefs |
-------------+---------------------------------------|
     athr_id |      7911        7911           0    *|
        year |        10           1           9     |
-----------------------------------------------------+
* = FE nested within cluster; treated as redundant for DoF computation

. 
. di as text _newline "======= 5) VIF between int_lag2 (2016) and mshr_lag2 ===
> ===="

======= 5) VIF between int_lag2 (2016) and mshr_lag2 =======

. * Look at within-PI, within-year correlation of exposure and mkt_spend_shr in
>  2016.
. di as text "--- FULL sample, rel==2 (2016) ---"
--- FULL sample, rel==2 (2016) ---

. corr exposure mkt_spend_shr if rel == 2
(obs=7,915)

             | exposure mkt_sp~r
-------------+------------------
    exposure |   1.0000
mkt_spend_~r |   0.4244   1.0000


. di as text "--- POSITIVE exposure, rel==2 (2016) ---"
--- POSITIVE exposure, rel==2 (2016) ---

. corr exposure mkt_spend_shr if rel == 2 & exposure > 0
(obs=7,911)

             | exposure mkt_sp~r
-------------+------------------
    exposure |   1.0000
mkt_spend_~r |   0.4237   1.0000


. 
. * Partial out athr_id + year FE and regress mshr on exposure to see co-linear
> ity in the mshrctrl regression basis.
. di as text _newline "--- OLS in FE-partialled space: does mshr_lag2 track int
> _lag2 tightly? ---"

--- OLS in FE-partialled space: does mshr_lag2 track int_lag2 tightly? ---

. qui reghdfe mshr_lag2 int_lag2, absorb(athr_id year) resid

. di as text "--- POSITIVE exposure ---"
--- POSITIVE exposure ---

. qui reghdfe mshr_lag2 int_lag2 if exposure > 0, absorb(athr_id year) resid

. 
. di as text _newline "======= 6) 2016 outlier PIs ======="

======= 6) 2016 outlier PIs =======

. * Which PIs move ppr_cnt most in 2016 relative to their own pre-period mean?
. gen pre_pprs  = ppr_cnt if year < 2014
(47,490 missing values generated)

. bys athr_id: egen pre_pprs_mean = mean(pre_pprs)

. gen dev_2016 = ppr_cnt - pre_pprs_mean if rel == 2
(71,235 missing values generated)

. gsort -dev_2016

. list athr_id ppr_cnt pre_pprs_mean exposure mkt_spend_shr foia_athr if rel ==
>  2 & exposure > 0 in 1/25

     +-------------------------------------------------------------------+
     |     athr_id   ppr_cnt   pre_pp~n   exposure   mkt_sp~r   foia_a~r |
     |-------------------------------------------------------------------|
  1. | A5073846446        15        1.5   .0348906    .289603          . |
  2. | A5062483810         9       1.25   .0017852   .1482856          . |
  3. | A5050404191        12        4.5   .0066322   .4123962          . |
  4. | A5007438752        11        3.5   .0443912   .2333159          . |
  5. | A5043879863        15          8   .0252527   .2732928          . |
     |-------------------------------------------------------------------|
  6. | A5078504589        14        7.5   .0598278    .339709          . |
  7. | A5077974120        10        3.5   .0104492   .2646484          . |
  8. | A5038245602         9        2.5   .0262047   .2674282          . |
  9. | A5058585230         8       1.75   .0003733   .2601847          . |
 10. | A5037292871         8       1.75   .1442015   .4543151          . |
     |-------------------------------------------------------------------|
 11. | A5013978633         7          1   .0165754    .185423          . |
 12. | A5046564292         9          3   .0252248   .2407175          . |
 13. | A5005491526         7          1   .0960617    .377903          . |
 14. | A5088789540         8       2.25   .0142158   .1474938          . |
 15. | A5027260022         8       2.25   .0708164   .3538349          . |
     |-------------------------------------------------------------------|
 16. | A5055468442         9       3.25   .0519977   .4154349          . |
 17. | A5049971572         7        1.5   .0283072   .1593808          . |
 18. | A5027095675         9       3.75   .0821161   .3326794          . |
 19. | A5079022788         9       3.75   .0351531   .3719798          . |
 20. | A5048920959         7          2   .0586613   .2203775          . |
     |-------------------------------------------------------------------|
 21. | A5058337709         6          1   .0110408   .4608345          . |
 22. | A5055546724        10       5.25    .011955   .5073864          . |
 23. | A5018246897         7       2.25   .0163638   .1437354          . |
 24. | A5018856932         7        2.5    .021414     .16581          . |
 25. | A5018697225         6        1.5   .0373784   .1866637          . |
     +-------------------------------------------------------------------+

. di as text "  --- flip side: PIs with biggest drops in 2016 ---"
  --- flip side: PIs with biggest drops in 2016 ---

. gsort dev_2016

. list athr_id ppr_cnt pre_pprs_mean exposure mkt_spend_shr foia_athr if rel ==
>  2 & exposure > 0 in 1/25

     +-------------------------------------------------------------------+
     |     athr_id   ppr_cnt   pre_pp~n   exposure   mkt_sp~r   foia_a~r |
     |-------------------------------------------------------------------|
  1. | A5111580482         0      12.75    .017944   .1561463          . |
  2. | A5005508444         2         12   .0172781   .3654616          . |
  3. | A5085037027         0       9.75   .0075393   .2295433          . |
  4. | A5105003503         0       9.75   .0194543   .2200968          . |
  5. | A5005512198         2       11.5    .031061   .3079465          . |
     |-------------------------------------------------------------------|
  6. | A5109278193         0       9.25    .053828   .3408047          . |
  7. | A5089250649         0       9.25    .074955   .4123924          . |
  8. | A5110171998         0          9   .1607662   .4620446          . |
  9. | A5088409133         0          9   .0704573   .3130803          . |
 10. | A5086275218         0       8.75   .0222264   .2061657          . |
     |-------------------------------------------------------------------|
 11. | A5090048523         0       8.75   .0195679   .3282663          . |
 12. | A5050408762         2         10   .0653663   .4210509          . |
 13. | A5027642699         0          8   .0372208   .3145646          . |
 14. | A5035797201         2        9.5   .1149587   .3182438          . |
 15. | A5103016781         1        8.5   .0627782   .2757163          . |
     |-------------------------------------------------------------------|
 16. | A5101974691         0        7.5   .0597469   .3241186          . |
 17. | A5103079224         0        7.5   .0288033    .214588          . |
 18. | A5033881627         0       7.25   .0110076   .2127309          . |
 19. | A5005803591         0       7.25   .0601567   .2637148          . |
 20. | A5085637107         1       8.25   .0065776   .1422399          . |
     |-------------------------------------------------------------------|
 21. | A5073892880         0       7.25   .0488596   .3218722          . |
 22. | A5014787537         1          8   .0211911   .2636119          . |
 23. | A5061187623         0       6.75   .0097593   .5280089          . |
 24. | A5100668859         3       9.75    .108504   .3406671          . |
 25. | A5100367160         0       6.75   .0276948   .2284646          . |
     +-------------------------------------------------------------------+

. 
. log close
      name:  <unnamed>
       log:  /n/holylabs/pakes_lab/Lab/sci_eq/analysis/reduced_form/code/diag_p
> os_exposure_spike.log
  log type:  text
 closed on:  10 Jul 2026, 16:05:46
-------------------------------------------------------------------------------
