
  ___  ____  ____  ____  ____ ©
 /__    /   ____/   /   ____/      17.0
___/   /   /___/   /   /___/       MP—Parallel Edition

 Statistics and Data Science       Copyright 1985-2021 StataCorp LLC
                                   StataCorp
                                   4905 Lakeway Drive
                                   College Station, Texas 77845 USA
                                   800-STATA-PC        https://www.stata.com
                                   979-696-4600        stata@stata.com

Stata license: 32-user 64-core network perpetual
Serial number: 501706311472
  Licensed to: Harvard Research Computing
               Cambridge MA

Notes:
      1. Stata is running in batch mode.
      2. Unicode is supported; see help unicode_advice.
      3. More than 2 billion observations are allowed; see help obs_advice.
      4. Maximum number of variables is set to 120,000; see help set_maxvar.

. do diag_mshr_collapse.do 

. // Why do the exposure event-study coefs collapse toward zero in 2016+ when
. // mshr_lag/mshr_lead controls are added? Answer: are we losing identifying
. // variation (collinearity) or absorbing something substantive?
. set more off

. clear all

. capture log close

. program drop _all

. preliminaries

. version 17

. 
. log using ../output/diag_mshr_collapse.log, replace text
---------------------------------------------------------------------------------------------------------------------------------------------------------------------------------------------------------------------------------------------------------------
      name:  <unnamed>
       log:  /n/holylabs/pakes_lab/Lab/sci_eq/analysis/reduced_form/code/../output/diag_mshr_collapse.log
  log type:  text
 opened on:   7 Jul 2026, 15:58:16

. 
. use ../temp/es_all_jrnls_r1_r2_public, clear

. 
. //------------------------------------------------------------------
. // 1. PI-level collinearity between exposure and mkt_spend_shr
. //------------------------------------------------------------------
. preserve

.     bys athr_id: keep if _n == 1
(57,546 observations deleted)

.     di as text _newline "=== PI-LEVEL DISTRIBUTIONS (1 row per PI) ==="

=== PI-LEVEL DISTRIBUTIONS (1 row per PI) ===

.     sum exposure mkt_spend_shr, d

                          exposure
-------------------------------------------------------------
      Percentiles      Smallest
 1%     .0010068       .0000246
 5%     .0042405       .0000368
10%     .0075286       .0000694       Obs               6,394
25%     .0164962       .0000743       Sum of wgt.       6,394

50%     .0315266                      Mean           .0383307
                        Largest       Std. dev.      .0283618
75%     .0551522       .1628355
90%     .0801472       .1741366       Variance       .0008044
95%     .0929216       .1928698       Skewness       1.006107
99%     .1188534       .2227904       Kurtosis       3.824782

                        mkt_spend_shr
-------------------------------------------------------------
      Percentiles      Smallest
 1%     .1387656       .0100839
 5%     .1751518       .0244392
10%     .1934829       .0273335       Obs               6,394
25%      .235237        .028094       Sum of wgt.       6,394

50%     .2876377                      Mean           .2960075
                        Largest       Std. dev.      .0840595
75%     .3492894        .602394
90%     .4138475       .6087335       Variance        .007066
95%     .4527083       .6148577       Skewness       .4527828
99%     .5078883       .6282818       Kurtosis       2.931399

.     di as text _newline "=== CORR + REG: exposure ~ mkt_spend_shr ==="

=== CORR + REG: exposure ~ mkt_spend_shr ===

.     corr exposure mkt_spend_shr
(obs=6,394)

             | exposure mkt_sp~r
-------------+------------------
    exposure |   1.0000
mkt_spend_~r |   0.4082   1.0000


.     reg exposure mkt_spend_shr

      Source |       SS           df       MS      Number of obs   =     6,394
-------------+----------------------------------   F(1, 6392)      =   1278.35
       Model |  .857053835         1  .857053835   Prob > F        =    0.0000
    Residual |  4.28543842     6,392  .000670438   R-squared       =    0.1667
-------------+----------------------------------   Adj R-squared   =    0.1665
       Total |  5.14249226     6,393  .000804394   Root MSE        =    .02589

-------------------------------------------------------------------------------
     exposure | Coefficient  Std. err.      t    P>|t|     [95% conf. interval]
--------------+----------------------------------------------------------------
mkt_spend_shr |   .1377416   .0038525    35.75   0.000     .1301894    .1452937
        _cons |  -.0024418   .0011854    -2.06   0.039    -.0047657   -.0001179
-------------------------------------------------------------------------------

.     di as text "  R^2 = " %6.4f e(r2) "   slope = " %6.4f _b[mkt_spend_shr]
  R^2 = 0.1667   slope = 0.1377

.     // How much of exposure IS mkt_spend_shr times a constant?
.     predict exp_hat, xb

.     predict exp_res, resid

.     sum exp_hat exp_res

    Variable |        Obs        Mean    Std. dev.       Min        Max
-------------+---------------------------------------------------------
     exp_hat |      6,394    .0383307    .0115785  -.0010528   .0840987
     exp_res |      6,394    6.85e-13    .0258908  -.0717404   .1386916

.     di as text _newline "  → residual sd (share of exposure orthogonal to mkt_spend_shr) = " %6.4f r(sd)

  → residual sd (share of exposure orthogonal to mkt_spend_shr) = 0.0259

.     di as text "  → fitted   sd (share of exposure explained by mkt_spend_shr) = " %6.4f `=r(sd)'
  → fitted   sd (share of exposure explained by mkt_spend_shr) = 0.0259

. restore

. 
. //------------------------------------------------------------------
. // 2. Build event-time interactions (mirror event_study exactly)
. //------------------------------------------------------------------
. gen rel = year - 2014

. qui sum rel

. local abs_lead = abs(r(min))

. local abs_lag  = abs(r(max))

. forval i = 1/`abs_lead' {
  2.     gen int_lead`i'  = exposure       * (rel == -`i')
  3.     gen mshr_lead`i' = mkt_spend_shr  * (rel == -`i')
  4. }

. forval i = 0/`abs_lag' {
  2.     gen int_lag`i'  = exposure       * (rel == `i')
  3.     gen mshr_lag`i' = mkt_spend_shr  * (rel == `i')
  4. }

. local int_leads

. local mshr_leads

. forval i = 2/`abs_lead' {
  2.     local int_leads  int_lead`i'  `int_leads'
  3.     local mshr_leads mshr_lead`i' `mshr_leads'
  4. }

. local int_lags

. local mshr_lags

. forval i = 0/`abs_lag' {
  2.     local int_lags  `int_lags'  int_lag`i'
  3.     local mshr_lags `mshr_lags' mshr_lag`i'
  4. }

. 
. //------------------------------------------------------------------
. // 3. Per-year collinearity of int_lag_k and mshr_lag_k over the panel
. //------------------------------------------------------------------
. di as text _newline "=== PER-YEAR CORR(int_lag_k, mshr_lag_k) OVER FULL PANEL ==="

=== PER-YEAR CORR(int_lag_k, mshr_lag_k) OVER FULL PANEL ===

. forval i = 0/`abs_lag' {
  2.     qui corr int_lag`i' mshr_lag`i'
  3.     di as text "  rel=`i' (year=`=`i'+2014'):  corr = " %6.4f r(rho)
  4. }
  rel=0 (year=2014):  corr = 0.8274
  rel=1 (year=2015):  corr = 0.8274
  rel=2 (year=2016):  corr = 0.8274
  rel=3 (year=2017):  corr = 0.8274
  rel=4 (year=2018):  corr = 0.8274
  rel=5 (year=2019):  corr = 0.8274

. 
. //------------------------------------------------------------------
. // 4. Coefficient sensitivity per year: base vs +mshr controls
. //------------------------------------------------------------------
. foreach yvar in cite_affl_wt ppr_cnt {
  2.     di as text _newline "=== `yvar': PER-YEAR SENSITIVITY TO ADDING mshr CONTROLS ==="
  3. 
.     qui reghdfe `yvar' `int_leads' `int_lags' int_lead1, ///
>                 absorb(athr_id year) vce(cluster athr_id)
  4.     forval i = 0/`abs_lag' {
  5.         local b_base_`i'  = _b[int_lag`i']
  6.         local se_base_`i' = _se[int_lag`i']
  7.     }
  8.     // partial R^2 numerator (SSE_base)
.     local sse_base = e(rss)
  9. 
.     qui reghdfe `yvar' `int_leads' `int_lags' int_lead1 ///
>                        `mshr_leads' `mshr_lags' mshr_lead1, ///
>                 absorb(athr_id year) vce(cluster athr_id)
 10.     forval i = 0/`abs_lag' {
 11.         local b_ctrl_`i'  = _b[int_lag`i']
 12.         local se_ctrl_`i' = _se[int_lag`i']
 13.         local mb_`i'      = _b[mshr_lag`i']
 14.         local mse_`i'     = _se[mshr_lag`i']
 15.     }
 16. 
.     di as text " rel  yr    b_base    se_base    b_ctrl    se_ctrl   Δb/base     mshr_b    mshr_se   se_ratio"
 17.     forval i = 0/`abs_lag' {
 18.         local yr = `i' + 2014
 19.         local delta_pct = ((`b_ctrl_`i'' - `b_base_`i'') / `b_base_`i'') * 100
 20.         local se_ratio  = `se_ctrl_`i'' / `se_base_`i''
 21.         di as text " " %2.0f `i' "  " %4.0f `yr' ///
>             "  " %8.4f `b_base_`i''  "  " %8.4f `se_base_`i'' ///
>             "  " %8.4f `b_ctrl_`i''  "  " %8.4f `se_ctrl_`i'' ///
>             "  " %7.1f `delta_pct' " %" ///
>             "  " %8.4f `mb_`i''      "  " %8.4f `mse_`i'' ///
>             "  " %5.2f `se_ratio' "x"
 22.     }
 23. }

=== cite_affl_wt: PER-YEAR SENSITIVITY TO ADDING mshr CONTROLS ===
 rel  yr    b_base    se_base    b_ctrl    se_ctrl   Δb/base     mshr_b    mshr_se   se_ratio
  0  2014   -6.6290    3.1161   -4.8429    3.4649    -26.9 %   -1.4762    1.4029   1.11x
  1  2015   -3.4925    3.6225   -2.7228    4.0610    -22.0 %   -0.6361    1.2651   1.12x
  2  2016   -8.8876    4.2638   -6.0281    5.7354    -32.2 %   -2.3633    1.9156   1.35x
  3  2017   -0.9275    3.3993    3.2188    3.9142   -447.0 %   -3.4269    1.3384   1.15x
  4  2018   -2.9185    3.3062   -1.0215    3.7511    -65.0 %   -1.5679    1.3310   1.13x
  5  2019   -4.8334    3.1847   -0.5870    3.5301    -87.9 %   -3.5096    1.4139   1.11x

=== ppr_cnt: PER-YEAR SENSITIVITY TO ADDING mshr CONTROLS ===
 rel  yr    b_base    se_base    b_ctrl    se_ctrl   Δb/base     mshr_b    mshr_se   se_ratio
  0  2014   -2.3899    0.9134   -2.5742    1.0064      7.7 %    0.1524    0.3343   1.10x
  1  2015   -2.6417    0.9902   -2.5952    1.0774     -1.8 %   -0.0384    0.3441   1.09x
  2  2016   -1.3683    0.9799   -0.4042    1.0624    -70.5 %   -0.7968    0.3268   1.08x
  3  2017   -1.6431    0.9829   -0.9558    1.0664    -41.8 %   -0.5680    0.3452   1.08x
  4  2018   -1.2205    1.0096   -1.0457    1.0949    -14.3 %   -0.1445    0.3532   1.08x
  5  2019   -1.7589    0.9612   -1.2716    1.0592    -27.7 %   -0.4028    0.3403   1.10x

. 
. //------------------------------------------------------------------
. // 5. Frisch-Waugh partial-R^2 of int_lag2 (year 2016)
. //     What fraction of within-athr, within-year variation in int_lag2 is
. //     already spanned by mshr_lag2 (and the other regressors)?
. //------------------------------------------------------------------
. di as text _newline "=== FRISCH-WAUGH: variance in int_lag2 orthogonal to full spec ==="

=== FRISCH-WAUGH: variance in int_lag2 orthogonal to full spec ===

. 
. // (a) residualize int_lag2 on FE alone
. qui reghdfe int_lag2, absorb(athr_id year) residuals(_r_fe_only)

. qui sum _r_fe_only

. local sd_fe_only = r(sd)

. 
. // (b) residualize int_lag2 on FE + mshr_lag2
. qui reghdfe int_lag2 mshr_lag2, absorb(athr_id year) residuals(_r_plus_mshr)

. qui sum _r_plus_mshr

. local sd_plus_mshr = r(sd)

. 
. // (c) residualize int_lag2 on FE + all other year interactions in the base spec
. local others

. foreach v of local int_leads {
  2.     local others `others' `v'
  3. }

. foreach v of local int_lags {
  2.     if "`v'" != "int_lag2" local others `others' `v'
  3. }

. local others `others' int_lead1

. qui reghdfe int_lag2 `others', absorb(athr_id year) residuals(_r_base)

. qui sum _r_base

. local sd_base = r(sd)

. 
. // (d) residualize int_lag2 on FE + all other year interactions + all mshr interactions
. local others_full `others' `mshr_leads' `mshr_lags' mshr_lead1

. qui reghdfe int_lag2 `others_full', absorb(athr_id year) residuals(_r_ctrl)

. qui sum _r_ctrl

. local sd_ctrl = r(sd)

. 
. di as text "  sd of int_lag2 after netting out ..."
  sd of int_lag2 after netting out ...

. di as text "    (a) FE only                              : " %8.4f `sd_fe_only'
    (a) FE only                              :   0.0085

. di as text "    (b) FE + mshr_lag2                       : " %8.4f `sd_plus_mshr'  ///
>     "   (retained variance = " %5.1f (100*`sd_plus_mshr'^2/`sd_fe_only'^2) "%)"
    (b) FE + mshr_lag2                       :   0.0078   (retained variance =  83.3%)

. di as text "    (c) FE + all other exposure×year         : " %8.4f `sd_base'       ///
>     "   (retained variance = " %5.1f (100*`sd_base'^2/`sd_fe_only'^2) "%)"
    (c) FE + all other exposure×year         :   0.0000   (retained variance =   0.0%)

. di as text "    (d) FE + all other exposure×year + mshr×year: " %8.4f `sd_ctrl'    ///
>     "   (retained variance = " %5.1f (100*`sd_ctrl'^2/`sd_fe_only'^2) "%)"
    (d) FE + all other exposure×year + mshr×year:   0.0000   (retained variance =   0.0%)

. di as text "  → (d)/(c) = fraction of int_lag2 identifying variation that survives adding mshr controls"
  → (d)/(c) = fraction of int_lag2 identifying variation that survives adding mshr controls

. di as text "     = " %5.1f (100*`sd_ctrl'^2/`sd_base'^2) "%"
     = 100.1%

. 
. //------------------------------------------------------------------
. // 6. Alternative parameterization: is per-share exposure orthogonal?
. //     Define avg_g = exposure / mkt_spend_shr. Under BHJ this is the
. //     "average shock experienced per unit of covered spending" and is
. //     mechanically less correlated with the coverage sum than raw exposure.
. //------------------------------------------------------------------
. gen avg_g = exposure / mkt_spend_shr if mkt_spend_shr > 0

. preserve

.     bys athr_id: keep if _n == 1
(57,546 observations deleted)

.     di as text _newline "=== PI-LEVEL corr WITH avg_g = exposure/mkt_spend_shr ==="

=== PI-LEVEL corr WITH avg_g = exposure/mkt_spend_shr ===

.     corr avg_g mkt_spend_shr
(obs=6,394)

             |    avg_g mkt_sp~r
-------------+------------------
       avg_g |   1.0000
mkt_spend_~r |   0.0652   1.0000


.     di as text "  → if this is much smaller than corr(exposure, mkt_spend_shr), avg_g is a cleaner exposure measure"
  → if this is much smaller than corr(exposure, mkt_spend_shr), avg_g is a cleaner exposure measure

. restore

. 
. forval i = 1/`abs_lead' {
  2.     gen avg_g_lead`i' = avg_g * (rel == -`i')
  3.     replace avg_g_lead`i' = 0 if mi(avg_g_lead`i')
  4. }
(0 real changes made)
(0 real changes made)
(0 real changes made)
(0 real changes made)

. forval i = 0/`abs_lag' {
  2.     gen avg_g_lag`i' = avg_g * (rel == `i')
  3.     replace avg_g_lag`i' = 0 if mi(avg_g_lag`i')
  4. }
(0 real changes made)
(0 real changes made)
(0 real changes made)
(0 real changes made)
(0 real changes made)
(0 real changes made)

. local avg_g_leads

. forval i = 2/`abs_lead' {
  2.     local avg_g_leads avg_g_lead`i' `avg_g_leads'
  3. }

. local avg_g_lags

. forval i = 0/`abs_lag' {
  2.     local avg_g_lags `avg_g_lags' avg_g_lag`i'
  3. }

. 
. di as text _newline "=== ALTERNATIVE ES: avg_g = exposure/mkt_spend_shr, + mshr controls ==="

=== ALTERNATIVE ES: avg_g = exposure/mkt_spend_shr, + mshr controls ===

. foreach yvar in cite_affl_wt ppr_cnt {
  2.     di as text _newline "--- `yvar' ---"
  3.     qui reghdfe `yvar' `avg_g_leads' `avg_g_lags' avg_g_lead1 ///
>                        `mshr_leads' `mshr_lags' mshr_lead1, ///
>                 absorb(athr_id year) vce(cluster athr_id)
  4.     di as text " rel  yr    b_avg_g    se_avg_g"
  5.     forval i = 0/`abs_lag' {
  6.         local yr = `i' + 2014
  7.         di as text " " %2.0f `i' "  " %4.0f `yr' "  " ///
>             %8.4f _b[avg_g_lag`i'] "  " %8.4f _se[avg_g_lag`i']
  8.     }
  9. }

--- cite_affl_wt ---
 rel  yr    b_avg_g    se_avg_g
  0  2014   -1.8104    1.0541
  1  2015   -1.1616    1.2235
  2  2016   -2.4548    1.7892
  3  2017    0.8923    1.2180
  4  2018   -0.5112    1.1249
  5  2019   -0.4469    1.0830

--- ppr_cnt ---
 rel  yr    b_avg_g    se_avg_g
  0  2014   -0.9019    0.3206
  1  2015   -0.9051    0.3418
  2  2016   -0.2375    0.3370
  3  2017   -0.3532    0.3373
  4  2018   -0.3672    0.3441
  5  2019   -0.3837    0.3370

. 
. log close
      name:  <unnamed>
       log:  /n/holylabs/pakes_lab/Lab/sci_eq/analysis/reduced_form/code/../output/diag_mshr_collapse.log
  log type:  text
 closed on:   7 Jul 2026, 16:11:50
---------------------------------------------------------------------------------------------------------------------------------------------------------------------------------------------------------------------------------------------------------------

. 
end of do-file
