-------------------------------------------------------------------------------
      name:  <unnamed>
       log:  /n/holylabs/pakes_lab/Lab/sci_eq/analysis/reduced_form/code/diag_s
> mooth_spec.log
  log type:  text
 opened on:  10 Jul 2026, 23:19:32

. 
. *==== rebuild bare positive-exposure panel ====
. use athr_id year ppr_cnt cite_affl_wt affl_wt ///
>     using ../external/samp/athr_panel_full_year_last_all_jrnls_r1_r2_public, 
> clear

. bys athr_id: egen min_year = min(year)

. keep if min_year <= 2010
(131,519 observations deleted)

. keep if inrange(year, 2010, 2019)
(656,392 observations deleted)

. preserve

.     import delimited ../external/exposure/final_imputed_shift_share_hc_cf, cl
> ear
(encoding automatically selected: ISO-8859-2)
(3 vars, 1,500,300 obs)

.     rename exposure_ss imputed

.     rename sum_imputed_shares imputed_mkt_spend_shr

.     tempfile _expo

.     save `_expo'
file /tmp/St4049649.000002 saved as .dta format

. restore

. merge m:1 athr_id using `_expo', assert(1 2 3) keep(3) nogen

    Result                      Number of obs
    -----------------------------------------
    Not matched                             0
    Matched                           128,110  
    -----------------------------------------

. merge m:1 athr_id using ../external/real_exposure/athr_exposure_hc, assert(1 
> 2 3) keep(1 3) nogen

    Result                      Number of obs
    -----------------------------------------
    Not matched                       127,196
        from master                   127,196  
        from using                          0  

    Matched                               914  
    -----------------------------------------

. gen foia_athr = 1 if !mi(exposure)
(127,196 missing values generated)

. replace imputed = exposure if !mi(exposure)
(914 real changes made)

. replace imputed_mkt_spend_shr = mkt_spend_shr if !mi(mkt_spend_shr)
(914 real changes made)

. drop exposure mkt_spend_shr

. rename imputed exposure

. rename imputed_mkt_spend_shr mkt_spend_shr

. drop if mi(exposure) | mi(mkt_spend_shr)
(0 observations deleted)

. keep if exposure > 0
(23,264 observations deleted)

. drop if mkt_spend_shr < 0
(0 observations deleted)

. gegen athr = group(athr_id)

. preserve

.     contract athr athr_id exposure mkt_spend_shr min_year foia_athr

.     drop _freq

.     tempfile _xw

.     save `_xw'
file /tmp/St4049649.000004 saved as .dta format

. restore

. xtset athr year

Panel variable: athr (unbalanced)
 Time variable: year, 2010 to 2019, but with gaps
         Delta: 1 unit

. tsfill, full

. drop athr_id exposure mkt_spend_shr min_year foia_athr

. merge m:1 athr using `_xw', assert(3) keep(3) nogen

    Result                      Number of obs
    -----------------------------------------
    Not matched                             0
    Matched                           293,840  
    -----------------------------------------

. foreach v in ppr_cnt cite_affl_wt affl_wt {
  2.     replace `v' = 0 if mi(`v')
  3. }
(188,994 real changes made)
(188,994 real changes made)
(188,994 real changes made)

. 
. *==== leads/lags ====
. gen rel = year - 2014

. qui sum rel

. local abs_lead = abs(r(min))

. local abs_lag  = r(max)

. forval i = 1/`abs_lag' {
  2.     gen int_lag`i'  = exposure      if rel == `i'
  3.     gen mshr_lag`i' = mkt_spend_shr if rel == `i'
  4.     replace int_lag`i'  = 0 if mi(int_lag`i')
  5.     replace mshr_lag`i' = 0 if mi(mshr_lag`i')
  6. }
(264,456 missing values generated)
(264,456 missing values generated)
(264,456 real changes made)
(264,456 real changes made)
(264,456 missing values generated)
(264,456 missing values generated)
(264,456 real changes made)
(264,456 real changes made)
(264,456 missing values generated)
(264,456 missing values generated)
(264,456 real changes made)
(264,456 real changes made)
(264,456 missing values generated)
(264,456 missing values generated)
(264,456 real changes made)
(264,456 real changes made)
(264,456 missing values generated)
(264,456 missing values generated)
(264,456 real changes made)
(264,456 real changes made)

. forval i = 1/`abs_lead' {
  2.     gen int_lead`i'  = exposure      if rel == -`i'
  3.     gen mshr_lead`i' = mkt_spend_shr if rel == -`i'
  4.     replace int_lead`i'  = 0 if mi(int_lead`i')
  5.     replace mshr_lead`i' = 0 if mi(mshr_lead`i')
  6. }
(264,456 missing values generated)
(264,456 missing values generated)
(264,456 real changes made)
(264,456 real changes made)
(264,456 missing values generated)
(264,456 missing values generated)
(264,456 real changes made)
(264,456 real changes made)
(264,456 missing values generated)
(264,456 missing values generated)
(264,456 real changes made)
(264,456 real changes made)
(264,456 missing values generated)
(264,456 missing values generated)
(264,456 real changes made)
(264,456 real changes made)

. gen int_lag0 = exposure if rel == 0
(264,456 missing values generated)

. replace int_lag0 = 0 if mi(int_lag0)
(264,456 real changes made)

. gen mshr_lag0 = mkt_spend_shr if rel == 0
(264,456 missing values generated)

. replace mshr_lag0 = 0 if mi(mshr_lag0)
(264,456 real changes made)

. local ileads

. local ilags

. local mleads

. local mlags

. forval i = 2/`abs_lead' {
  2.     local ileads int_lead`i' `ileads'
  3.     local mleads mshr_lead`i' `mleads'
  4. }

. forval i = 0/`abs_lag' {
  2.     local ilags `ilags' int_lag`i'
  3.     local mlags `mlags' mshr_lag`i'
  4. }

. 
. *==== helpers ====
. gen pre_pprs = ppr_cnt if year < 2014
(176,304 missing values generated)

. bys athr_id: egen pi_pre_mean = mean(pre_pprs)

. bys athr_id: gen _first = _n == 1

. 
. preserve

.     use athr_id year inst_id using ../external/samp/athr_panel_full_year_last
> _all_jrnls_r1_r2_public, clear

.     keep if inrange(year, 2010, 2019)
(717,540 observations deleted)

.     keep if !mi(inst_id)
(0 observations deleted)

.     contract athr_id inst_id

.     bys athr_id: gen tmp = 1

.     bys athr_id: egen num_place = total(tmp)

.     keep athr_id num_place

.     duplicates drop athr_id, force

Duplicates in terms of athr_id

(3,235 observations deleted)

.     tempfile _np

.     save `_np'
file /tmp/St4049649.000006 saved as .dta format

. restore

. merge m:1 athr_id using `_np', keep(1 3) nogen

    Result                      Number of obs
    -----------------------------------------
    Not matched                             0
    Matched                           293,840  
    -----------------------------------------

. replace num_place = 0 if mi(num_place)
(0 real changes made)

. 
. *==== run 3 candidates in base & +mshr ====
. di as text _newline "======= BARE positive-exposure ======="

======= BARE positive-exposure =======

. qui count if _first == 1

. di as text "  N_PI = " r(N)
  N_PI = 29384

. qui ppmlhdfe ppr_cnt `ileads' `ilags', absorb(athr_id year) vce(cluster athr_
> id)

. estimates store b0

. qui ppmlhdfe ppr_cnt `ileads' `ilags' `mleads' `mlags', absorb(athr_id year) 
> vce(cluster athr_id)

. estimates store b0_m

. 
. di as text _newline "======= BARE + num_place == 1 ======="

======= BARE + num_place == 1 =======

. qui count if _first == 1 & num_place == 1

. di as text "  N_PI = " r(N)
  N_PI = 28076

. qui ppmlhdfe ppr_cnt `ileads' `ilags' if num_place == 1, absorb(athr_id year)
>  vce(cluster athr_id)

. estimates store c1

. qui ppmlhdfe ppr_cnt `ileads' `ilags' `mleads' `mlags' if num_place == 1, abs
> orb(athr_id year) vce(cluster athr_id)

. estimates store c1_m

. 
. di as text _newline "======= BARE + pre_mean >= 1 ======="

======= BARE + pre_mean >= 1 =======

. qui count if _first == 1 & pi_pre_mean >= 1

. di as text "  N_PI = " r(N)
  N_PI = 8655

. qui ppmlhdfe ppr_cnt `ileads' `ilags' if pi_pre_mean >= 1, absorb(athr_id yea
> r) vce(cluster athr_id)

. estimates store c3

. qui ppmlhdfe ppr_cnt `ileads' `ilags' `mleads' `mlags' if pi_pre_mean >= 1, a
> bsorb(athr_id year) vce(cluster athr_id)

. estimates store c3_m

. 
. di as text _newline "======= BARE + num_place == 1 + pre_mean >= 1 ======="

======= BARE + num_place == 1 + pre_mean >= 1 =======

. qui count if _first == 1 & num_place == 1 & pi_pre_mean >= 1

. di as text "  N_PI = " r(N)
  N_PI = 8029

. qui ppmlhdfe ppr_cnt `ileads' `ilags' if num_place == 1 & pi_pre_mean >= 1, a
> bsorb(athr_id year) vce(cluster athr_id)

. estimates store c9

. qui ppmlhdfe ppr_cnt `ileads' `ilags' `mleads' `mlags' if num_place == 1 & pi
> _pre_mean >= 1, absorb(athr_id year) vce(cluster athr_id)

. estimates store c9_m

. 
. *==== FULL event-time paths ====
. di as text _newline "======= FULL event-time paths, BASE spec ======="

======= FULL event-time paths, BASE spec =======

. estimates table b0 c1 c3 c9, keep(`ileads' `ilags') b(%9.4f) se

--------------------------------------------------------------
    Variable |    b0          c1          c3          c9      
-------------+------------------------------------------------
   int_lead4 |   -0.6610     -0.6218     -0.5959     -0.5234  
             |    0.2938      0.3068      0.3605      0.3801  
   int_lead3 |   -0.4082     -0.3391     -0.4609     -0.3344  
             |    0.2960      0.3081      0.3577      0.3753  
   int_lead2 |   -0.2147     -0.0931     -0.1308      0.0244  
             |    0.2822      0.2923      0.3326      0.3469  
    int_lag0 |   -0.2406     -0.2328     -0.6098     -0.5437  
             |    0.3013      0.3133      0.3551      0.3750  
    int_lag1 |   -0.5078     -0.3995     -0.3687     -0.1458  
             |    0.3246      0.3347      0.4005      0.4146  
    int_lag2 |   -0.3274     -0.1980     -0.0819      0.2390  
             |    0.3389      0.3484      0.4191      0.4345  
    int_lag3 |   -1.0561     -0.8882     -0.6708     -0.3399  
             |    0.3577      0.3724      0.4419      0.4609  
    int_lag4 |   -0.9298     -0.8137     -0.6589     -0.3779  
             |    0.3653      0.3818      0.4630      0.4867  
    int_lag5 |   -0.4169     -0.4210     -0.5128     -0.4448  
             |    0.3719      0.3859      0.4529      0.4703  
--------------------------------------------------------------
                                                  Legend: b/se

. 
. di as text _newline "======= FULL event-time paths, +MSHR spec ======="

======= FULL event-time paths, +MSHR spec =======

. estimates table b0_m c1_m c3_m c9_m, keep(`ileads' `ilags') b(%9.4f) se

--------------------------------------------------------------
    Variable |   b0_m        c1_m        c3_m        c9_m     
-------------+------------------------------------------------
   int_lead4 |   -0.6365     -0.5854     -0.7094     -0.6169  
             |    0.3320      0.3454      0.3949      0.4148  
   int_lead3 |   -0.3508     -0.2997     -0.4085     -0.3075  
             |    0.3326      0.3444      0.3883      0.4052  
   int_lead2 |   -0.1935     -0.0961     -0.0829      0.0549  
             |    0.3140      0.3248      0.3583      0.3730  
    int_lag0 |   -0.3242     -0.3440     -0.7248     -0.6891  
             |    0.3349      0.3487      0.3849      0.4054  
    int_lag1 |   -0.3504     -0.1998     -0.5564     -0.3102  
             |    0.3599      0.3706      0.4272      0.4424  
    int_lag2 |    0.0253      0.2416      0.0589      0.4584  
             |    0.3757      0.3838      0.4541      0.4663  
    int_lag3 |   -0.6919     -0.4638     -0.4483     -0.0409  
             |    0.3970      0.4121      0.4783      0.4979  
    int_lag4 |   -0.6274     -0.4375     -0.6561     -0.3276  
             |    0.4110      0.4301      0.5041      0.5310  
    int_lag5 |   -0.2232     -0.2182     -0.5841     -0.5032  
             |    0.4218      0.4383      0.4969      0.5166  
--------------------------------------------------------------
                                                  Legend: b/se

. 
. log close
      name:  <unnamed>
       log:  /n/holylabs/pakes_lab/Lab/sci_eq/analysis/reduced_form/code/diag_s
> mooth_spec.log
  log type:  text
 closed on:  10 Jul 2026, 23:51:08
-------------------------------------------------------------------------------
