-------------------------------------------------------------------------------
      name:  <unnamed>
       log:  /n/holylabs/pakes_lab/Lab/sci_eq/analysis/reduced_form/code/diag_c
> heck_panel.log
  log type:  text
 opened on:  10 Jul 2026, 17:22:21

. use ../temp/es_all_jrnls_r1_r2_public.dta, clear

. bys athr_id: gen _first = _n == 1

. di as text "======= sample & exposure state ======="
======= sample & exposure state =======

. count if _first == 1
  7,058

. sum exposure if _first == 1, d

                          exposure
-------------------------------------------------------------
      Percentiles      Smallest
 1%    -.0938938      -.2588701
 5%    -.0236521      -.1832206
10%    -.0086346      -.1815109       Obs               7,058
25%     .0052636      -.1737478       Sum of wgt.       7,058

50%     .0236856                      Mean           .0317496
                        Largest       Std. dev.      .0435692
75%     .0568312       .1906263
90%     .0922225       .1907633       Variance       .0018983
95%     .1113707       .1928698       Skewness       .0485913
99%      .138316       .2563505       Kurtosis       4.813956

. di as text "  pos:"
  pos:

. count if _first == 1 & exposure > 0
  5,729

. di as text "  neg:"
  neg:

. count if _first == 1 & exposure < 0
  1,327

. di as text "  zero:"
  zero:

. count if _first == 1 & exposure == 0
  2

. di as text "  mi:"
  mi:

. count if _first == 1 & mi(exposure)
  0

. 
. di as text _newline "======= foia vs imputed count ======="

======= foia vs imputed count =======

. tab foia_athr if _first == 1, missing

  foia_athr |      Freq.     Percent        Cum.
------------+-----------------------------------
          1 |         74        1.05        1.05
          . |      6,984       98.95      100.00
------------+-----------------------------------
      Total |      7,058      100.00

. 
. di as text _newline "======= mkt_spend_shr on PI ======="

======= mkt_spend_shr on PI =======

. sum mkt_spend_shr if _first == 1, d

                        mkt_spend_shr
-------------------------------------------------------------
      Percentiles      Smallest
 1%      .104003              0
 5%     .1520861              0
10%     .1807274       .0244392       Obs               7,058
25%     .2330488        .028094       Sum of wgt.       7,058

50%     .2992399                      Mean           .3122409
                        Largest       Std. dev.      .1118756
75%     .3718096       .7177822
90%     .4729078       .7278601       Variance       .0125161
95%     .5334706       .7353809       Skewness       .6445477
99%     .6079102       .8176486       Kurtosis        3.27993

. 
. log close
      name:  <unnamed>
       log:  /n/holylabs/pakes_lab/Lab/sci_eq/analysis/reduced_form/code/diag_c
> heck_panel.log
  log type:  text
 closed on:  10 Jul 2026, 17:22:24
-------------------------------------------------------------------------------
