
  ___  ____  ____  ____  ____ ©
 /__    /   ____/   /   ____/      17.0
___/   /   /___/   /   /___/       MP—Parallel Edition

 Statistics and Data Science       Copyright 1985-2021 StataCorp LLC
                                   StataCorp
                                   4905 Lakeway Drive
                                   College Station, Texas 77845 USA
                                   800-STATA-PC        https://www.stata.com
                                   979-696-4600        stata@stata.com

Stata license: 32-user 64-core network perpetual
Serial number: 501706311472
  Licensed to: Harvard Research Computing
               Cambridge MA

Notes:
      1. Stata is running in batch mode.
      2. Unicode is supported; see help unicode_advice.
      3. More than 2 billion observations are allowed; see help obs_advice.
      4. Maximum number of variables is set to 120,000; see help set_maxvar.

. do /tmp/run_spend_age.do 

. set more off

. clear all

. set scheme modern

. preliminaries

. version 17

. 
. use ../external/pi_samp/pi_desc_all_jrnls_r1_r2, clear

. keep if athr_indicator == 1 & foia_athr == 1
(103,782 observations deleted)

. keep athr_id age_2014

. save ../temp/foia_pi_age, replace
(file ../temp/foia_pi_age.dta not found)
file ../temp/foia_pi_age.dta saved

. 
. use ../external/samp/merged_foias_with_pis, clear

. drop if mi(athr_id)
(82,800 observations deleted)

. gen year = year(date(date, "YMD"))

. drop if year > 2013
(322,872 observations deleted)

. merge m:1 category using ../external/categories/categories_tfidf, keep(1 3)

    Result                      Number of obs
    -----------------------------------------
    Not matched                        28,242
        from master                    28,242  (_merge==1)
        from using                          0  (_merge==2)

    Matched                            99,809  (_merge==3)
    -----------------------------------------

. rename _merge nonlab

. replace nonlab = 0 if nonlab == 3
(99,809 real changes made)

. replace keep = 2 if keep == .
(28,242 real changes made)

. gen hq = keep == 1 | (bad_control == 1 & support >= 25 & precision >= 0.8 & recall >= 0.8)

. gen nonlab_spend = spend if nonlab == 1
(102,608 missing values generated)

. gen lab_spend    = spend if nonlab == 0
(31,351 missing values generated)

. gen hq_labspend  = lab_spend if hq == 1
(58,172 missing values generated)

. collapse (sum) tot_spend = spend nonlab_spend lab_spend hq_labspend, by(athr_id year)

. gen perc_lab_spend = lab_spend / tot_spend * 100
(127 missing values generated)

. collapse (mean) tot_spend nonlab_spend lab_spend hq_labspend perc_lab_spend (count) n_yrs = year, by(athr_id)

. 
. merge 1:1 athr_id using ../temp/foia_pi_age, keep(1 3)

    Result                      Number of obs
    -----------------------------------------
    Not matched                           244
        from master                       244  (_merge==1)
        from using                          0  (_merge==2)

    Matched                                68  (_merge==3)
    -----------------------------------------

. count
  312

. count if _merge == 3
  68

. keep if _merge == 3
(244 observations deleted)

. drop _merge

. 
. sum age_2014, d

                          age_2014
-------------------------------------------------------------
      Percentiles      Smallest
 1%           33             33
 5%           38             36
10%           41             37       Obs                  68
25%           45             38       Sum of wgt.          68

50%           54                      Mean           54.69118
                        Largest       Std. dev.      11.47906
75%         62.5             78
90%           69             79       Variance       131.7689
95%           78             79       Skewness       .4080352
99%           83             83       Kurtosis       2.616906

. local med_age = r(p50)

. gen young = age_2014 < `med_age'

. di "median age_2014 = `med_age'"
median age_2014 = 54

. tab young

      young |      Freq.     Percent        Cum.
------------+-----------------------------------
          0 |         36       52.94       52.94
          1 |         32       47.06      100.00
------------+-----------------------------------
      Total |         68      100.00

. 
. di _n "===== YOUNG (age < `med_age') ====="

===== YOUNG (age < 54) =====

. tabstat tot_spend lab_spend nonlab_spend hq_labspend perc_lab_spend n_yrs if young == 1, stat(mean p25 p50 p75 n) columns(stat) format(%12.1f)

    Variable |         Mean          p25          p50          p75            N
-------------+-----------------------------------------------------------------
   tot_spend |      32571.5       8407.9      17798.9      35959.9         32.0
   lab_spend |      17221.5       5736.0      12417.1      29604.0         32.0
nonlab_spend |      15350.0       1842.0       4040.2      11063.1         32.0
 hq_labspend |      10188.5       3035.8       6938.7      17618.3         32.0
perc_lab_s~d |         65.6         52.1         71.9         84.2         30.0
       n_yrs |          3.4          2.0          4.0          4.0         32.0
-------------------------------------------------------------------------------

. di _n "===== OLD (age >= `med_age') ====="

===== OLD (age >= 54) =====

. tabstat tot_spend lab_spend nonlab_spend hq_labspend perc_lab_spend n_yrs if young == 0, stat(mean p25 p50 p75 n) columns(stat) format(%12.1f)

    Variable |         Mean          p25          p50          p75            N
-------------+-----------------------------------------------------------------
   tot_spend |      70681.8      10131.4      25653.5      56222.8         36.0
   lab_spend |      21912.9       6439.0      15264.6      38064.2         36.0
nonlab_spend |      48768.8       2668.0       7576.5      21422.3         36.0
 hq_labspend |      12751.4       3610.2       8748.5      20457.7         36.0
perc_lab_s~d |         66.8         60.0         71.7         83.5         34.0
       n_yrs |          3.6          3.5          4.0          4.0         36.0
-------------------------------------------------------------------------------

. di _n "===== age distribution ====="

===== age distribution =====

. sum age_2014, d

                          age_2014
-------------------------------------------------------------
      Percentiles      Smallest
 1%           33             33
 5%           38             36
10%           41             37       Obs                  68
25%           45             38       Sum of wgt.          68

50%           54                      Mean           54.69118
                        Largest       Std. dev.      11.47906
75%         62.5             78
90%           69             79       Variance       131.7689
95%           78             79       Skewness       .4080352
99%           83             83       Kurtosis       2.616906

. 
end of do-file
