
. use "/n/holylabs/pakes_lab/Lab/sci_eq/derived/openalex/scrape_athr_inst_hist/
> output/list_of_insts.dta", clear

. desc, fullnames

Contains data from /n/holylabs/pakes_lab/Lab/sci_eq/derived/openalex/scrape_ath
> r_inst_hist/output/list_of_insts.dta
 Observations:        23,668                  
    Variables:             2                  14 Jan 2026 16:52
-------------------------------------------------------------------------------
Variable      Storage   Display    Value
    name         type    format    label      Variable label
-------------------------------------------------------------------------------
inst_id         str11   %11s                  
_merge          byte    %8.0g                 
-------------------------------------------------------------------------------
Sorted by: 

. list in 1/3

     +----------------------+
     |     inst_id   _merge |
     |----------------------|
  1. | I2800541534        1 |
  2. | I4210106007        1 |
  3. | I4210113456        1 |
     +----------------------+

. 
end of do-file
