
. use ../temp/inst_chars_pre, clear

. desc, fullnames

Contains data from ../temp/inst_chars_pre.dta
 Observations:           251                  
    Variables:            31                  19 Jul 2026 20:59
-------------------------------------------------------------------------------
Variable      Storage   Display    Value
    name         type    format    label      Variable label
-------------------------------------------------------------------------------
inst_id         str11   %11s                  
ic_contr        double  %10.0g                (mean) contracts_fund
ic_fdlsb        double  %10.0g                (mean) fed_ls_bio_fund
ic_fdls         double  %10.0g                (mean) fed_ls_fund
ic_fdlsh        double  %10.0g                (mean) fed_ls_hs_fund
ic_gntsf        double  %10.0g                (mean) grants_fund
ic_hhlsb        double  %10.0g                (mean) hhs_ls_bio_fund
ic_hhls         double  %10.0g                (mean) hhs_ls_fund
ic_hhlsh        double  %10.0g                (mean) hhs_ls_hs_fund
ic_nflsb        double  %10.0g                (mean) nonfed_ls_bio_fund
ic_nfls         double  %10.0g                (mean) nonfed_ls_fund
ic_nflsh        double  %10.0g                (mean) nonfed_ls_hs_fund
ic_subrf        double  %10.0g                (mean) subrecipient_fund
ic_busf         double  %10.0g                (mean) tot_bus_fund
ic_fedf         double  %10.0g                (mean) tot_fed_fund
ic_tfnd         double  %10.0g                (mean) tot_fund
ic_instf        double  %10.0g                (mean) tot_inst_fund
ic_nonpf        double  %10.0g                (mean) tot_nonprof_fund
ic_statf        double  %10.0g                (mean) tot_state_fund
ic_lsf          float   %9.0g                 (mean) ls_fund
ic_hsf          float   %9.0g                 (mean) hs_fund
ic_biof         float   %9.0g                 (mean) bio_fund
ic_applx        double  %10.0g                (mean) applied_expend
ic_apfx         double  %10.0g                (mean) applied_fed_expend
ic_basx         double  %10.0g                (mean) basic_expend
ic_bfx          double  %10.0g                (mean) basic_fed_expend
ic_clinx        double  %10.0g                (mean) clin_trial_expend
ic_devx         double  %10.0g                (mean) dev_expend
ic_lscx         double  %10.0g                (mean) ls_cap_expend
ic_medx         double  %10.0g                (mean) med_sch_expend
ic_endow        double  %10.0g                (mean) endownment
-------------------------------------------------------------------------------
Sorted by: inst_id

. list inst_id in 1/3

     +------------+
     |    inst_id |
     |------------|
  1. | I100005738 |
  2. |  I10052268 |
  3. | I100633361 |
     +------------+

. 
end of do-file
