
  ___  ____  ____  ____  ____ ©
 /__    /   ____/   /   ____/      17.0
___/   /   /___/   /   /___/       MP—Parallel Edition

 Statistics and Data Science       Copyright 1985-2021 StataCorp LLC
                                   StataCorp
                                   4905 Lakeway Drive
                                   College Station, Texas 77845 USA
                                   800-STATA-PC        https://www.stata.com
                                   979-696-4600        stata@stata.com

Stata license: 32-user 64-core network perpetual
Serial number: 501706311472
  Licensed to: Harvard Research Computing
               Cambridge MA

Notes:
      1. Stata is running in batch mode.
      2. Unicode is supported; see help unicode_advice.
      3. More than 2 billion observations are allowed; see help obs_advice.
      4. Maximum number of variables is set to 120,000; see help set_maxvar.

. do /tmp/dump_phet.do 

. use ../temp/phet_results_all_jrnls_r1_r2_public_ppr_cnt.dta, clear

. keep if yvar == "ppr_cnt" & spec == "mshrctrl"
(30 observations deleted)

. keep if inlist(split_type, "med_pi", "joint_ae")
(16 observations deleted)

. keep grp split_type post_b post_se N

. sort split_type grp

. list, sep(0) noobs abbrev(20)

  +------------------------------------------------------------+
  |          grp   split_type       post_b     post_se       N |
  |------------------------------------------------------------|
  |   o_hi_applx     joint_ae    -.4832261   .35329699   52680 |
  |    o_hi_basx     joint_ae   -.21893865   .32786968   52950 |
  |   o_hi_endow     joint_ae    -.0022484    .3347091   57970 |
  |    o_hi_fdls     joint_ae   -.46479191   .34696403   52920 |
  |    o_hi_fedf     joint_ae   -.08111803   .32535286   52950 |
  |   o_hi_instf     joint_ae    .24429449   .36311219   52950 |
  |     o_hi_lsf     joint_ae   -.46479191   .34696403   52920 |
  |    o_hi_tfnd     joint_ae   -.28745029    .3407856   52950 |
  |   o_lo_applx     joint_ae    .17472305   .43062484   52680 |
  |    o_lo_basx     joint_ae   -.05174795   .48338858   52950 |
  |   o_lo_endow     joint_ae   -.18943418   .42411989   57970 |
  |    o_lo_fdls     joint_ae    .20431046   .43651217   52920 |
  |    o_lo_fedf     joint_ae   -.26793833   .49495245   52950 |
  |   o_lo_instf     joint_ae   -.59548304   .41869084   52950 |
  |     o_lo_lsf     joint_ae    .20431046   .43651217   52920 |
  |    o_lo_tfnd     joint_ae    .01504046   .45389532   52950 |
  |   y_hi_applx     joint_ae   -.99877909   .34570734   52680 |
  |    y_hi_basx     joint_ae     -.675422   .35471232   52950 |
  |   y_hi_endow     joint_ae   -.70842712   .35491077   57970 |
  |    y_hi_fdls     joint_ae   -.72953531   .36834068   52920 |
  |    y_hi_fedf     joint_ae   -.60924095   .33747794   52950 |
  |   y_hi_instf     joint_ae   -.69093391     .345748   52950 |
  |     y_hi_lsf     joint_ae   -.72953531   .36834068   52920 |
  |    y_hi_tfnd     joint_ae   -.78772436   .34014849   52950 |
  |   y_lo_applx     joint_ae   -.11191126   .37654239   52680 |
  |    y_lo_basx     joint_ae   -.38139897   .36935716   52950 |
  |   y_lo_endow     joint_ae   -.46542136   .35509497   57970 |
  |    y_lo_fdls     joint_ae   -.41213571   .35387026   52920 |
  |    y_lo_fedf     joint_ae   -.49080686   .39481539   52950 |
  |   y_lo_instf     joint_ae   -.36157231   .38200575   52950 |
  |     y_lo_lsf     joint_ae   -.41213571   .35387026   52920 |
  |    y_lo_tfnd     joint_ae   -.29821589    .3828032   52950 |
  |      big_msa       med_pi   -.30072674    .2297257   48250 |
  |     big_team       med_pi   -.44277899   .26097139   63820 |
  |   few_coauth       med_pi   -.24321284   .23861214   63820 |
  |  high_grants       med_pi   -.29537424   .23406358   63820 |
  | high_pre_ppr       med_pi    -.4419929   .20897043   63820 |
  |    hiw_applx       med_pi    -.6858758   .24822894   52680 |
  |     hiw_basx       med_pi   -.37916983   .24294125   52950 |
  |    hiw_endow       med_pi   -.29741232   .24624983   57970 |
  |     hiw_fdls       med_pi   -.53975202      .25511   52920 |
  |     hiw_fedf       med_pi   -.27820792   .23491888   52950 |
  |    hiw_instf       med_pi   -.21299173   .25334354   52950 |
  |      hiw_lsf       med_pi   -.53975202      .25511   52920 |
  |     hiw_tfnd       med_pi     -.484209    .2411294   52950 |
  |    low_applx       med_pi    .03219988   .28489694   52680 |
  |     low_basx       med_pi   -.23216611   .29515169   52950 |
  |    low_endow       med_pi   -.31382475   .27272778   57970 |
  |     low_fdls       med_pi   -.13511642   .27585349   52920 |
  |     low_fedf       med_pi   -.38719435    .3106585   52950 |
  |   low_grants       med_pi   -.43288134   .25265988   63820 |
  |    low_instf       med_pi   -.43883161   .28209549   52950 |
  |      low_lsf       med_pi   -.13511642   .27585349   52920 |
  |  low_pre_ppr       med_pi   -.21438872   .30973842   63820 |
  |     low_tfnd       med_pi     -.142937   .29404223   52950 |
  |  many_coauth       med_pi   -.53086568   .25281641   63820 |
  |          old       med_pi   -.09182757   .25458142   63820 |
  |           r1       med_pi   -.35967268   .18045214   63820 |
  |           r2       med_pi   -.65771465   .71112886   63820 |
  |    small_msa       med_pi   -.33852466   .27518046   48250 |
  |   small_team       med_pi   -.33826618   .23242652   63820 |
  |        young       med_pi   -.70300403   .23770556   63820 |
  +------------------------------------------------------------+

. 
end of do-file
