
. use ../temp/es_all_jrnls_r1_r2_public, clear

. keep if athr_indicator == 1
(57,438 observations deleted)

. qui sum ic_tfnd, d

. local med = r(p50)

. gcontract inst_id ic_tfnd if !mi(ic_tfnd)

. rename _freq n_pis

. keep if ic_tfnd >= `med'
(92 observations deleted)

. gsort -ic_tfnd

. 
. * Merge institution names from openalex geo file (concat all 5 shards).
. tempfile top

. save `top', replace
(file /tmp/St1003086.000001 not found)
file /tmp/St1003086.000001 saved as .dta format

. clear

. forvalues i = 1/5 {
  2.     append using "/n/holylabs/pakes_lab/Lab/sci_eq/derived/openalex/scrape
> _athr_inst_hist/output/inst_geo_chars`i'.dta", keep(inst_id inst city region 
> country)
  3. }
(variable inst was str119, now str131 to accommodate using data's values)
(variable inst was str131, now str191 to accommodate using data's values)

. duplicates drop inst_id, force

Duplicates in terms of inst_id

(1,699 observations deleted)

. merge 1:m inst_id using `top', keep(2 3)

    Result                      Number of obs
    -----------------------------------------
    Not matched                            13
        from master                         0  (_merge==1)
        from using                         13  (_merge==2)

    Matched                                 0  (_merge==3)
    -----------------------------------------

. sort ic_tfnd

. gsort -ic_tfnd

. di as text _n "=== TOP-50% institutions by PI-wtd median of ic_tfnd ==="

=== TOP-50% institutions by PI-wtd median of ic_tfnd ===

. list inst_id inst city region ic_tfnd n_pis, sep(0) noobs abbrev(45)

  +-------------------------------------------------------+
  | inst_id      inst   city   region     ic_tfnd   n_pis |
  |-------------------------------------------------------|
  | I27837315                             1290349     325 |
  | I201448701                          1118198.5     275 |
  | I135310074                          1108554.3     234 |
  | I36258959                           1025503.8     211 |
  | I161318765                           972346.5     274 |
  | I114027177                             870564     213 |
  | I170201317                          865312.75     245 |
  | I130238516                             829511     187 |
  | I130769515                           800213.5     111 |
  | I95457486                              714836     151 |
  | I84218800                           706709.25     230 |
  | I33213144                           703381.75     143 |
  | I130701444                          672650.25      59 |
  +-------------------------------------------------------+

. qui count

. di as text _n "Total = " r(N)

Total = 13

. 
end of do-file
