
. * PI-weighted median cutoff for ic_tfnd, then list institutions in the top ha
> lf.
. use ../temp/es_all_jrnls_r1_r2_public, clear

. keep if athr_indicator == 1
(57,438 observations deleted)

. qui sum ic_tfnd, d

. local med = r(p50)

. di as text "PI-weighted median of ic_tfnd = " %10.0fc `med'
PI-weighted median of ic_tfnd =    672,650

. di as text "Total unique PIs = " r(N)
Total unique PIs = 5295

. 
. * Institution-level view (each inst appears once, with its PI count and ic_tf
> nd).
. gcontract inst_id ic_tfnd if !mi(ic_tfnd)

. rename _freq n_pis

. gsort -ic_tfnd

. di as text _n(2) "=== Institutions in TOP 50% (ic_tfnd >= median) ==="


=== Institutions in TOP 50% (ic_tfnd >= median) ===

. list inst_id ic_tfnd n_pis if ic_tfnd >= `med', sep(0) noobs abbrev(30)

  +--------------------------------+
  |    inst_id     ic_tfnd   n_pis |
  |--------------------------------|
  |  I27837315     1290349     325 |
  | I201448701   1118198.5     275 |
  | I135310074   1108554.3     234 |
  |  I36258959   1025503.8     211 |
  | I161318765    972346.5     274 |
  | I114027177      870564     213 |
  | I170201317   865312.75     245 |
  | I130238516      829511     187 |
  | I130769515    800213.5     111 |
  |  I95457486      714836     151 |
  |  I84218800   706709.25     230 |
  |  I33213144   703381.75     143 |
  | I130701444   672650.25      59 |
  +--------------------------------+

. di as text _n "=== Institutions in BOTTOM 50% (ic_tfnd < median) ==="

=== Institutions in BOTTOM 50% (ic_tfnd < median) ===

. list inst_id ic_tfnd n_pis if ic_tfnd < `med', sep(0) noobs abbrev(30)

  +---------------------------------+
  |     inst_id     ic_tfnd   n_pis |
  |---------------------------------|
  |   I86519309   619335.75      86 |
  |  I157725225   597010.75     133 |
  |   I66946132   485300.25      59 |
  |   I87216513   477097.25     104 |
  |   I32389192    472029.5     106 |
  |  I126307644   442433.25     111 |
  |  I223532165    429407.5     128 |
  |  I137902535    390160.5      71 |
  |  I188538660   379494.75      56 |
  |   I39422238      375060     102 |
  |   I63190737   362732.75      57 |
  |  I143302722      358354      93 |
  |  I204250578   342518.75     120 |
  |  I165733156      333215      91 |
  |   I92446798   330709.25      48 |
  |   I55769427   317121.25      47 |
  |  I146416000      281862      40 |
  |  I173911158      261338      68 |
  |  I114395901   244814.75      32 |
  |  I185443292      241447      62 |
  |   I76835614    236422.5      64 |
  |  I103163165   233498.75      33 |
  |  I154570441   231636.25      40 |
  |  I169521973   220099.75      38 |
  |  I155781252   212250.75      35 |
  |  I184840846    200711.5      62 |
  |     I392282    195876.5       9 |
  | I4210119109   185999.75      50 |
  |   I24603500      183988      45 |
  |   I75027704   172608.25      37 |
  |  I189590672   172270.75      36 |
  |   I86501945    168299.5      35 |
  |  I141472210   162645.25       4 |
  |  I121980950   159760.75      13 |
  |   I84392919    155366.5      42 |
  |  I185103710   151457.25      27 |
  |   I10052268    145112.5       5 |
  |   I57328836   136537.25      10 |
  |  I103635307   132659.25      59 |
  |  I106165777   117686.75      16 |
  |   I19700959   116601.25      17 |
  |   I17626003   102216.75      15 |
  |  I118118575    100742.5       4 |
  |  I181233156     99169.5      20 |
  |    I7947594       98150       2 |
  |   I26538001       96332      16 |
  |  I181565077    94221.75      22 |
  |  I162577319       91204       7 |
  |  I134113660     90171.5       9 |
  |   I82495205    84952.75       1 |
  |   I79272384    81406.25      15 |
  |  I189196454       77297      17 |
  |  I164936912    76459.25       4 |
  |   I24571045    75133.25       9 |
  |  I110378019    70751.25       4 |
  |   I90871651       70462      12 |
  |   I79516672       66638       3 |
  |   I43579087    63796.75       9 |
  |  I133738476     60779.5       3 |
  |   I33434090     58480.5       3 |
  |  I126345244       57358       7 |
  |   I45438204    56451.25      13 |
  |  I125687163    55116.75      11 |
  |  I102607778     54556.5       2 |
  |  I167576493     52877.5       3 |
  |    I8248082       52553       2 |
  |   I63772739       51960       7 |
  |   I17301866    51430.75       4 |
  |   I44854399    50172.75       1 |
  |   I94658018    49293.25       3 |
  |   I61937129    44516.75       3 |
  |  I123534392       42608      19 |
  |  I133999245    38615.25       5 |
  |   I35777872       34831       1 |
  |   I13511017       34441       2 |
  |  I186335123     30592.5      14 |
  |   I75421653       30247      18 |
  |  I203172682       29551       2 |
  |  I102149020       27313       6 |
  |  I100633361    25356.75       2 |
  |  I157349981    24077.75       2 |
  |  I156087764       22121       3 |
  |  I106969075    21317.75       3 |
  |  I169335092    21056.75       7 |
  |  I153901656    20900.75       4 |
  |  I208333798     18328.5       4 |
  |   I47301684    17899.75       4 |
  |  I177721651    15921.25       6 |
  |   I75256744       14379       1 |
  |  I102401767    11663.25       2 |
  |  I119443389     10062.5       8 |
  |  I122266389     9004.25       2 |
  +---------------------------------+

. 
. qui count if ic_tfnd >= `med'

. di as text _n "Count of TOP-50% institutions = " r(N)

Count of TOP-50% institutions = 13

. qui count if ic_tfnd < `med'

. di as text "Count of BOT-50% institutions = " r(N)
Count of BOT-50% institutions = 92

. 
end of do-file
