
  ___  ____  ____  ____  ____ ©
 /__    /   ____/   /   ____/      17.0
___/   /   /___/   /   /___/       MP—Parallel Edition

 Statistics and Data Science       Copyright 1985-2021 StataCorp LLC
                                   StataCorp
                                   4905 Lakeway Drive
                                   College Station, Texas 77845 USA
                                   800-STATA-PC        https://www.stata.com
                                   979-696-4600        stata@stata.com

Stata license: 32-user 64-core network perpetual
Serial number: 501706311472
  Licensed to: Harvard Research Computing
               Cambridge MA

Notes:
      1. Stata is running in batch mode.
      2. Unicode is supported; see help unicode_advice.
      3. More than 2 billion observations are allowed; see help obs_advice.
      4. Maximum number of variables is set to 120,000; see help set_maxvar.

. do /tmp/probe_r1.do 

. set more off

. program drop _all

. 
. use ../external/prepped_samples/es_all_jrnls_r1_public, clear

. di as text "-- R1_public panel inst count --"
-- R1_public panel inst count --

. gunique inst_id
N = 60,470; 81 unbalanced groups of sizes 10 to 3,240

. 
. * build inst_chars_pre same as gather_inst_chars
. preserve

. import delimited ../external/college/ipeds_openalex.csv, clear varn(1) string
> cols(_all)
(encoding automatically selected: ISO-8859-1)
(4 vars, 266 obs)

. keep ipeds_id inst_id

. drop if inst_id == "" | ipeds_id == ""
(4 observations deleted)

. destring ipeds_id, replace
ipeds_id: all characters numeric; replaced as long

. duplicates drop

Duplicates in terms of all variables

(0 observations are duplicates)

. bys ipeds_id (inst_id): keep if _n == 1
(0 observations deleted)

. save ../temp/probe_xw2, replace
(file ../temp/probe_xw2.dta not found)
file ../temp/probe_xw2.dta saved

. 
. use ../external/inst_chars/combined_pre, clear

. merge 1:1 ipeds_id using ../temp/probe_xw2, keep(3) nogen

    Result                      Number of obs
    -----------------------------------------
    Not matched                             0
    Matched                               251  
    -----------------------------------------

. save ../temp/probe_icp2, replace
(file ../temp/probe_icp2.dta not found)
file ../temp/probe_icp2.dta saved

. restore

. 
. merge m:1 inst_id using ../temp/probe_icp2, keep(1 3) nogen

    Result                      Number of obs
    -----------------------------------------
    Not matched                           910
        from master                       910  
        from using                          0  

    Matched                            59,560  
    -----------------------------------------

. bys inst_id: gen inst_ind = _n == 1

. 
. * Count panel insts with each ic char
. di as text ""


. di as text "-- R1 panel institutions with non-missing ic char --"
-- R1 panel institutions with non-missing ic char --

. foreach v in endownment tot_fund tot_fed_fund tot_inst_fund ls_fund fed_ls_fu
> nd basic_expend applied_expend {
  2.    qui count if !mi(`v') & inst_ind == 1
  3.    di as text "  `v': " r(N)
  4. }
  endownment: 75
  tot_fund: 61
  tot_fed_fund: 61
  tot_inst_fund: 61
  ls_fund: 61
  fed_ls_fund: 61
  basic_expend: 61
  applied_expend: 60

. 
. * Panel unis WITHOUT endowment
. di as text ""


. di as text "-- R1 panel institutions that MISS endowment --"
-- R1 panel institutions that MISS endowment --

. qui count if mi(endownment) & inst_ind == 1

. di r(N)
6

. 
. * List them for user
. levelsof inst_id if mi(endownment) & inst_ind == 1, local(missing_endow_insts
> )
`"I130769515"' `"I170201317"' `"I188538660"' `"I84392919"' `"I86501945"' `"I921
> 990950"'

. di as text "missing endowment inst_ids:"
missing endowment inst_ids:

. foreach x of local missing_endow_insts {
  2.     di "    `x'"
  3. }
    I130769515
    I170201317
    I188538660
    I84392919
    I86501945
    I921990950

. 
end of do-file
