
  ___  ____  ____  ____  ____ ©
 /__    /   ____/   /   ____/      17.0
___/   /   /___/   /   /___/       MP—Parallel Edition

 Statistics and Data Science       Copyright 1985-2021 StataCorp LLC
                                   StataCorp
                                   4905 Lakeway Drive
                                   College Station, Texas 77845 USA
                                   800-STATA-PC        https://www.stata.com
                                   979-696-4600        stata@stata.com

Stata license: 32-user 64-core network perpetual
Serial number: 501706311472
  Licensed to: Harvard Research Computing
               Cambridge MA

Notes:
      1. Stata is running in batch mode.
      2. Unicode is supported; see help unicode_advice.
      3. More than 2 billion observations are allowed; see help obs_advice.
      4. Maximum number of variables is set to 120,000; see help set_maxvar.

. do /tmp/probe_combined.do 

. set more off

. use ../external/inst_chars/combined_pre, clear

. di as text "N in combined_pre = " _N
N in combined_pre = 1549

. codebook, compact

Variable       Obs Unique      Mean     Min       Max  Label
-------------------------------------------------------------------------------
ipeds_id      1549   1549  188594.1  100654    487010  
contracts_~d   609    564  13182.42       1  321563.3  (mean) contracts_fund
fed_ls_bio~d   617    560  9999.734       1  224933.5  (mean) fed_ls_bio_fund
fed_ls_fund    652    607  27288.68       1    569199  (mean) fed_ls_fund
fed_ls_hs_~d   301    287  32984.04       1  521750.3  (mean) fed_ls_hs_fund
grants_fund    752    728  42833.08       4  927972.3  (mean) grants_fund
hhs_ls_bio~d   617    459  8204.462       0  211583.8  (mean) hhs_ls_bio_fund
hhs_ls_fund    652    508  23204.91       0  521228.8  (mean) hhs_ls_fund
hhs_ls_hs_~d   301    269   30624.9       0  502274.5  (mean) hhs_ls_hs_fund
nonfe~o_fund   618    519  4963.379       1  177283.8  (mean) nonfed_ls_bio_...
nonf~ls_fund   658    577  17580.79       1  446118.5  (mean) nonfed_ls_fund
nonf~hs_fund   348    305  18192.34       1  435645.8  (mean) nonfed_ls_hs_fund
subrecipie~d   693    619  7096.875       1    168275  (mean) subrecipient_fund
tot_bus_fund   568    484  4458.026       1    213246  (mean) tot_bus_fund
tot_fed_fund   751    727  40955.48       3  904176.5  (mean) tot_fed_fund
tot_fund       758    739  67076.59     153   1290349  (mean) tot_fund
tot_inst_f~d   672    632  15960.61       2  395007.8  (mean) tot_inst_fund
tot_nonpro~d   639    561   5064.89       1  127611.8  (mean) tot_nonprof_fund
tot_state_~d   601    533   4581.28       1  210196.8  (mean) tot_state_fund
ls_fund        601    580  48801.28      12  987811.3  (mean) ls_fund
hs_fund        262    257   61984.1       9    957396  (mean) hs_fund
bio_fund       555    540  16595.39    11.5    287571  (mean) bio_fund
applied_ex~d   654    633  18492.05       1  511351.5  (mean) applied_expend
applied_fe~d   618    583  12027.87       1  317326.3  (mean) applied_fed_ex...
basic_expend   717    695  48123.15       1  971267.5  (mean) basic_expend
basic_fed_~d   692    670  30633.09       1  566625.3  (mean) basic_fed_expend
clin_trial~d   167    163  8928.861       2  364360.5  (mean) clin_trial_expend
dev_expend     511    481  8884.618       1    374033  (mean) dev_expend
ls_cap_exp~d   542    441   1267.76       1  19449.25  (mean) ls_cap_expend
med_sch_ex~d   122    122  147945.5     2.5  791469.5  (mean) med_sch_expend
endownment    1175   1175  7.22e+07    4739  6.92e+09  (mean) endownment
-------------------------------------------------------------------------------

. di as text "-------------- MDESC -------------"
-------------- MDESC -------------

. mdesc
command mdesc is unrecognized
r(199);

end of do-file
r(199);
