
  ___  ____  ____  ____  ____ ©
 /__    /   ____/   /   ____/      17.0
___/   /   /___/   /   /___/       MP—Parallel Edition

 Statistics and Data Science       Copyright 1985-2021 StataCorp LLC
                                   StataCorp
                                   4905 Lakeway Drive
                                   College Station, Texas 77845 USA
                                   800-STATA-PC        https://www.stata.com
                                   979-696-4600        stata@stata.com

Stata license: 32-user 64-core network perpetual
Serial number: 501706311472
  Licensed to: Harvard Research Computing
               Cambridge MA

Notes:
      1. Stata is running in batch mode.
      2. Unicode is supported; see help unicode_advice.
      3. More than 2 billion observations are allowed; see help obs_advice.
      4. Maximum number of variables is set to 120,000; see help set_maxvar.

. do /tmp/probe_endow.do 

. set more off

. program drop _all

. 
. di as text "-- endownment_pre.dta contents --"
-- endownment_pre.dta contents --

. use ../external/inst_chars/endownment_pre, clear

. di "  N = " _N
  N = 1188

. codebook, compact

Variable     Obs Unique      Mean     Min       Max  Label
-------------------------------------------------------------------------------
ipeds_id    1188   1188  188527.4  100663    456959  
endownment  1175   1175  7.22e+07    4739  6.92e+09  (mean) endownment
-------------------------------------------------------------------------------

. qui count if !mi(endownment)

. di as text "  non-missing endownment: " r(N)
  non-missing endownment: 1175

. mdesc endownment 2>/dev/null
command mdesc is unrecognized
r(199);

end of do-file
r(199);
