
  ___  ____  ____  ____  ____ ©
 /__    /   ____/   /   ____/      17.0
___/   /   /___/   /   /___/       MP—Parallel Edition

 Statistics and Data Science       Copyright 1985-2021 StataCorp LLC
                                   StataCorp
                                   4905 Lakeway Drive
                                   College Station, Texas 77845 USA
                                   800-STATA-PC        https://www.stata.com
                                   979-696-4600        stata@stata.com

Stata license: 32-user 64-core network perpetual
Serial number: 501706311472
  Licensed to: Harvard Research Computing
               Cambridge MA

Notes:
      1. Stata is running in batch mode.
      2. Unicode is supported; see help unicode_advice.
      3. More than 2 billion observations are allowed; see help obs_advice.
      4. Maximum number of variables is set to 120,000; see help set_maxvar.

. do /tmp/probe_panel.do 

. set more off

. program drop _all

. capture log close

. * Load panel
. use ../external/prepped_samples/es_all_jrnls_r1_r2_public, clear

. di as text "-- panel inst count --"
-- panel inst count --

. gunique inst_id
N = 63,820; 132 unbalanced groups of sizes 10 to 3,250

. di as text "-- panel athr count --"
-- panel athr count --

. gunique athr_id
N = 63,820; 6,382 balanced groups of size 10

. 
. * Now merge to inst chars (replicate gather_inst_chars)
. preserve

. import delimited ../external/college/ipeds_openalex.csv, clear varn(1) string
> cols(_all)
(encoding automatically selected: ISO-8859-1)
(4 vars, 266 obs)

. keep ipeds_id inst_id

. drop if inst_id == "" | ipeds_id == ""
(4 observations deleted)

. destring ipeds_id, replace
ipeds_id: all characters numeric; replaced as long

. duplicates drop

Duplicates in terms of all variables

(0 observations are duplicates)

. bys ipeds_id (inst_id): keep if _n == 1
(0 observations deleted)

. save ../temp/probe_xw, replace
(file ../temp/probe_xw.dta not found)
file ../temp/probe_xw.dta saved

. di as text "-- xw rows --"
-- xw rows --

. di _N
262

. gunique inst_id
N = 262; 261 unbalanced groups of sizes 1 to 2

. gunique ipeds_id
N = 262; 262 balanced groups of size 1

. 
. use ../external/inst_chars/combined_pre, clear

. merge 1:1 ipeds_id using ../temp/probe_xw, keep(3) nogen

    Result                      Number of obs
    -----------------------------------------
    Not matched                             0
    Matched                               251  
    -----------------------------------------

. di as text "-- inst_chars after xw merge (should be pool of instseligible) --
> "
-- inst_chars after xw merge (should be pool of instseligible) --

. di _N
251

. gunique inst_id
N = 251; 251 balanced groups of size 1

. 
. * Report how many have each ic non-missing
. foreach v in endownment tot_fund tot_fed_fund tot_inst_fund ls_fund fed_ls_fu
> nd basic_expend applied_expend {
  2.    qui count if !mi(`v')
  3.    di as text "  `v': non-missing = " r(N)
  4. }
  endownment: non-missing = 167
  tot_fund: non-missing = 221
  tot_fed_fund: non-missing = 221
  tot_inst_fund: non-missing = 217
  ls_fund: non-missing = 218
  fed_ls_fund: non-missing = 219
  basic_expend: non-missing = 221
  applied_expend: non-missing = 212

. save ../temp/probe_inst_chars_pre, replace
(file ../temp/probe_inst_chars_pre.dta not found)
file ../temp/probe_inst_chars_pre.dta saved

. restore

. 
. di as text "-- merge panel with inst chars --"
-- merge panel with inst chars --

. merge m:1 inst_id using ../temp/probe_inst_chars_pre, keep(1 3) nogen

    Result                      Number of obs
    -----------------------------------------
    Not matched                           950
        from master                       950  
        from using                          0  

    Matched                            62,870  
    -----------------------------------------

. bys inst_id: gen inst_ind = _n == 1

. 
. di as text "-- how many panel inst have each ic non-missing --"
-- how many panel inst have each ic non-missing --

. foreach v in endownment tot_fund tot_fed_fund tot_inst_fund ls_fund fed_ls_fu
> nd basic_expend applied_expend {
  2.    qui count if !mi(`v') & inst_ind == 1
  3.    di as text "  `v': non-missing instsr = " r(N)
  4. }
  endownment: non-missing instsr = 123
  tot_fund: non-missing instsr = 105
  tot_fed_fund: non-missing instsr = 105
  tot_inst_fund: non-missing instsr = 105
  ls_fund: non-missing instsr = 104
  fed_ls_fund: non-missing instsr = 104
  basic_expend: non-missing instsr = 105
  applied_expend: non-missing instsr = 104

. 
. di as text "-- how many panel inst are matched at all --"
-- how many panel inst are matched at all --

. qui count if !mi(endownment) | !mi(tot_fund) | !mi(tot_fed_fund) | !mi(tot_in
> st_fund) | !mi(ls_fund) | !mi(basic_expend)

. di r(N)
62870

. gen matched = !mi(endownment) | !mi(tot_fund) | !mi(tot_fed_fund) | !mi(tot_i
> nst_fund) | !mi(ls_fund) | !mi(basic_expend)

. qui count if matched == 1 & inst_ind == 1

. di as text "  panel instsseti with any ic char = " r(N)
  panel instsseti with any ic char = 129

. qui count if matched == 0 & inst_ind == 1

. di as text "  panel insts with NO ic char = " r(N)
  panel insts with NO ic char = 3

. 
end of do-file
