
  ___  ____  ____  ____  ____ ©
 /__    /   ____/   /   ____/      17.0
___/   /   /___/   /   /___/       MP—Parallel Edition

 Statistics and Data Science       Copyright 1985-2021 StataCorp LLC
                                   StataCorp
                                   4905 Lakeway Drive
                                   College Station, Texas 77845 USA
                                   800-STATA-PC        https://www.stata.com
                                   979-696-4600        stata@stata.com

Stata license: 32-user 64-core network perpetual
Serial number: 501706311472
  Licensed to: Harvard Research Computing
               Cambridge MA

Notes:
      1. Stata is running in batch mode.
      2. Unicode is supported; see help unicode_advice.
      3. More than 2 billion observations are allowed; see help obs_advice.
      4. Maximum number of variables is set to 120,000; see help set_maxvar.

. do /tmp/probe_endow3.do 

. set more off

. program drop _all

. 
. * which ic chars DO the 6 missing insts have?
. preserve

. import delimited ../external/college/ipeds_openalex.csv, clear varn(1) string
> cols(_all)
(encoding automatically selected: ISO-8859-1)
(4 vars, 266 obs)

. keep if inlist(inst_id, "I130769515", "I170201317", "I188538660", "I84392919"
> , "I86501945", "I921990950")
(259 observations deleted)

. list ipeds_id inst_id name type, sep(0) noobs abbreviate(60)

  +--------------------------------------------------------------+
  |          ipeds_id           |              inst_id           |
  |            214777           |           I130769515           |
  |--------------------------------------------------------------|
  |                                                  name | type |
  |             Pennsylvania State University-Main Campus |   r1 |
  +--------------------------------------------------------------+

  +--------------------------------------------------------------+
  |          ipeds_id           |              inst_id           |
  |            216339           |            I84392919           |
  |--------------------------------------------------------------|
  |                                                  name | type |
  |                                     Temple University |   r1 |
  +--------------------------------------------------------------+

  +--------------------------------------------------------------+
  |          ipeds_id           |              inst_id           |
  |            495767           |           I130769515           |
  |--------------------------------------------------------------|
  |                                                  name | type |
  |                     The Pennsylvania State University |   r1 |
  +--------------------------------------------------------------+

  +--------------------------------------------------------------+
  |          ipeds_id           |              inst_id           |
  |            126614           |           I188538660           |
  |--------------------------------------------------------------|
  |                                                  name | type |
  |                        University of Colorado Boulder |   r1 |
  +--------------------------------------------------------------+

  +--------------------------------------------------------------+
  |          ipeds_id           |              inst_id           |
  |            126562           |           I921990950           |
  |--------------------------------------------------------------|
  |                                                  name | type |
  | University of Colorado Denver/Anschutz Medical Campus |   r1 |
  +--------------------------------------------------------------+

  +--------------------------------------------------------------+
  |          ipeds_id           |              inst_id           |
  |            130943           |            I86501945           |
  |--------------------------------------------------------------|
  |                                                  name | type |
  |                                University of Delaware |   r1 |
  +--------------------------------------------------------------+

  +--------------------------------------------------------------+
  |          ipeds_id           |              inst_id           |
  |            215293           |           I170201317           |
  |--------------------------------------------------------------|
  |                                                  name | type |
  |            University of Pittsburgh-Pittsburgh Campus |   r1 |
  +--------------------------------------------------------------+

. levelsof ipeds_id, local(missing_ipeds) clean
126562 126614 130943 214777 215293 216339 495767

. restore

. 
. di as text ""


. di as text "-- for each missing-endow inst, which ic chars are non-mi in comb
> ined_pre? --"
-- for each missing-endow inst, which ic chars are non-mi in combined_pre? --

. use ../external/inst_chars/combined_pre, clear

. foreach id of local missing_ipeds {
  2.     qui count if ipeds_id == `id'
  3.     if r(N) == 0 {
  4.         di as text "  ipeds_id=`id': NOT in combined_pre"
  5.         continue
  6.     }
  7.     di as text "  ipeds_id=`id':"
  8.     foreach v of varlist * {
  9.         if "`v'" == "ipeds_id" continue
 10.         qui count if ipeds_id == `id' & !mi(`v')
 11.         if r(N) > 0 di as text "     `v' non-mi"
 12.     }
 13. }
  ipeds_id=126562: NOT in combined_pre
  ipeds_id=126614:
     contracts_fund non-mi
     fed_ls_bio_fund non-mi
     fed_ls_fund non-mi
     grants_fund non-mi
     hhs_ls_bio_fund non-mi
     hhs_ls_fund non-mi
     nonfed_ls_bio_fund non-mi
     nonfed_ls_fund non-mi
     nonfed_ls_hs_fund non-mi
     subrecipient_fund non-mi
     tot_bus_fund non-mi
     tot_fed_fund non-mi
     tot_fund non-mi
     tot_inst_fund non-mi
     tot_nonprof_fund non-mi
     tot_state_fund non-mi
     ls_fund non-mi
     bio_fund non-mi
     applied_expend non-mi
     applied_fed_expend non-mi
     basic_expend non-mi
     basic_fed_expend non-mi
     dev_expend non-mi
     ls_cap_expend non-mi
  ipeds_id=130943:
     contracts_fund non-mi
     fed_ls_bio_fund non-mi
     fed_ls_fund non-mi
     grants_fund non-mi
     hhs_ls_bio_fund non-mi
     hhs_ls_fund non-mi
     nonfed_ls_bio_fund non-mi
     nonfed_ls_fund non-mi
     subrecipient_fund non-mi
     tot_bus_fund non-mi
     tot_fed_fund non-mi
     tot_fund non-mi
     tot_inst_fund non-mi
     tot_nonprof_fund non-mi
     tot_state_fund non-mi
     ls_fund non-mi
     bio_fund non-mi
     applied_expend non-mi
     applied_fed_expend non-mi
     basic_expend non-mi
     basic_fed_expend non-mi
     clin_trial_expend non-mi
     dev_expend non-mi
     ls_cap_expend non-mi
  ipeds_id=214777:
     contracts_fund non-mi
     fed_ls_bio_fund non-mi
     fed_ls_fund non-mi
     fed_ls_hs_fund non-mi
     grants_fund non-mi
     hhs_ls_bio_fund non-mi
     hhs_ls_fund non-mi
     hhs_ls_hs_fund non-mi
     nonfed_ls_bio_fund non-mi
     nonfed_ls_fund non-mi
     nonfed_ls_hs_fund non-mi
     subrecipient_fund non-mi
     tot_bus_fund non-mi
     tot_fed_fund non-mi
     tot_fund non-mi
     tot_inst_fund non-mi
     tot_nonprof_fund non-mi
     tot_state_fund non-mi
     ls_fund non-mi
     hs_fund non-mi
     bio_fund non-mi
     applied_expend non-mi
     applied_fed_expend non-mi
     basic_expend non-mi
     basic_fed_expend non-mi
     clin_trial_expend non-mi
     dev_expend non-mi
     ls_cap_expend non-mi
     med_sch_expend non-mi
  ipeds_id=215293:
     contracts_fund non-mi
     fed_ls_bio_fund non-mi
     fed_ls_fund non-mi
     fed_ls_hs_fund non-mi
     grants_fund non-mi
     hhs_ls_bio_fund non-mi
     hhs_ls_fund non-mi
     hhs_ls_hs_fund non-mi
     nonfed_ls_bio_fund non-mi
     nonfed_ls_fund non-mi
     nonfed_ls_hs_fund non-mi
     subrecipient_fund non-mi
     tot_bus_fund non-mi
     tot_fed_fund non-mi
     tot_fund non-mi
     tot_inst_fund non-mi
     tot_nonprof_fund non-mi
     tot_state_fund non-mi
     ls_fund non-mi
     hs_fund non-mi
     bio_fund non-mi
     applied_expend non-mi
     applied_fed_expend non-mi
     basic_expend non-mi
     basic_fed_expend non-mi
     clin_trial_expend non-mi
     dev_expend non-mi
     ls_cap_expend non-mi
     med_sch_expend non-mi
  ipeds_id=216339:
     contracts_fund non-mi
     fed_ls_bio_fund non-mi
     fed_ls_fund non-mi
     fed_ls_hs_fund non-mi
     grants_fund non-mi
     hhs_ls_bio_fund non-mi
     hhs_ls_fund non-mi
     hhs_ls_hs_fund non-mi
     nonfed_ls_bio_fund non-mi
     nonfed_ls_fund non-mi
     nonfed_ls_hs_fund non-mi
     subrecipient_fund non-mi
     tot_bus_fund non-mi
     tot_fed_fund non-mi
     tot_fund non-mi
     tot_inst_fund non-mi
     tot_nonprof_fund non-mi
     tot_state_fund non-mi
     ls_fund non-mi
     hs_fund non-mi
     bio_fund non-mi
     applied_expend non-mi
     applied_fed_expend non-mi
     basic_expend non-mi
     basic_fed_expend non-mi
     clin_trial_expend non-mi
     dev_expend non-mi
     ls_cap_expend non-mi
     med_sch_expend non-mi
  ipeds_id=495767: NOT in combined_pre

. 
end of do-file
